Archive member included to satisfy reference by file (symbol)

app/libapp.a(main.c.obj)      (--whole-archive)
app/libapp.a(joybus.c.obj)    (--whole-archive)
zephyr/libzephyr.a(heap.c.obj)
                              (--whole-archive)
zephyr/libzephyr.a(cbprintf_packaged.c.obj)
                              (--whole-archive)
zephyr/libzephyr.a(printk.c.obj)
                              (--whole-archive)
zephyr/libzephyr.a(sem.c.obj)
                              (--whole-archive)
zephyr/libzephyr.a(thread_entry.c.obj)
                              (--whole-archive)
zephyr/libzephyr.a(cbprintf_complete.c.obj)
                              (--whole-archive)
zephyr/libzephyr.a(assert.c.obj)
                              (--whole-archive)
zephyr/libzephyr.a(mpsc_pbuf.c.obj)
                              (--whole-archive)
zephyr/libzephyr.a(dec.c.obj)
                              (--whole-archive)
zephyr/libzephyr.a(hex.c.obj)
                              (--whole-archive)
zephyr/libzephyr.a(rb.c.obj)  (--whole-archive)
zephyr/libzephyr.a(timeutil.c.obj)
                              (--whole-archive)
zephyr/libzephyr.a(bitarray.c.obj)
                              (--whole-archive)
zephyr/libzephyr.a(onoff.c.obj)
                              (--whole-archive)
zephyr/libzephyr.a(notify.c.obj)
                              (--whole-archive)
zephyr/libzephyr.a(configs.c.obj)
                              (--whole-archive)
zephyr/libzephyr.a(ipc_service.c.obj)
                              (--whole-archive)
zephyr/libzephyr.a(ipc_rpmsg_static_vrings.c.obj)
                              (--whole-archive)
zephyr/libzephyr.a(ipc_rpmsg.c.obj)
                              (--whole-archive)
zephyr/libzephyr.a(ipc_static_vrings.c.obj)
                              (--whole-archive)
zephyr/libzephyr.a(log_core.c.obj)
                              (--whole-archive)
zephyr/libzephyr.a(log_mgmt.c.obj)
                              (--whole-archive)
zephyr/libzephyr.a(log_cache.c.obj)
                              (--whole-archive)
zephyr/libzephyr.a(log_msg.c.obj)
                              (--whole-archive)
zephyr/libzephyr.a(log_output.c.obj)
                              (--whole-archive)
zephyr/libzephyr.a(log_backend_uart.c.obj)
                              (--whole-archive)
zephyr/libzephyr.a(mem_attr.c.obj)
                              (--whole-archive)
zephyr/libzephyr.a(tracing_none.c.obj)
                              (--whole-archive)
zephyr/libzephyr.a(banner.c.obj)
                              (--whole-archive)
zephyr/libzephyr.a(hci_vs_sdc.c.obj)
                              (--whole-archive)
zephyr/libzephyr.a(host_extensions.c.obj)
                              (--whole-archive)
zephyr/libzephyr.a(flash_map_partition_manager.c.obj)
                              (--whole-archive)
zephyr/libzephyr.a(utils.c.obj)
                              (--whole-archive)
zephyr/libzephyr.a(aes_decrypt.c.obj)
                              (--whole-archive)
zephyr/libzephyr.a(aes_encrypt.c.obj)
                              (--whole-archive)
zephyr/libzephyr.a(cmac_mode.c.obj)
                              (--whole-archive)
zephyr/libzephyr.a(sha256.c.obj)
                              (--whole-archive)
zephyr/libzephyr.a(hmac.c.obj)
                              (--whole-archive)
zephyr/libzephyr.a(hmac_prng.c.obj)
                              (--whole-archive)
zephyr/libzephyr.a(nrf_cc3xx_platform_abort_zephyr.c.obj)
                              (--whole-archive)
zephyr/libzephyr.a(nrf_cc3xx_platform_mutex_zephyr.c.obj)
                              (--whole-archive)
zephyr/arch/common/libarch__common.a(sw_isr_common.c.obj)
                              (--whole-archive)
zephyr/arch/arch/arm/core/libarch__arm__core.a(fatal.c.obj)
                              (--whole-archive)
zephyr/arch/arch/arm/core/libarch__arm__core.a(nmi.c.obj)
                              (--whole-archive)
zephyr/arch/arch/arm/core/libarch__arm__core.a(nmi_on_reset.S.obj)
                              (--whole-archive)
zephyr/arch/arch/arm/core/libarch__arm__core.a(tls.c.obj)
                              (--whole-archive)
zephyr/arch/arch/arm/core/cortex_m/libarch__arm__core__cortex_m.a(exc_exit.c.obj)
                              (--whole-archive)
zephyr/arch/arch/arm/core/cortex_m/libarch__arm__core__cortex_m.a(fault.c.obj)
                              (--whole-archive)
zephyr/arch/arch/arm/core/cortex_m/libarch__arm__core__cortex_m.a(fault_s.S.obj)
                              (--whole-archive)
zephyr/arch/arch/arm/core/cortex_m/libarch__arm__core__cortex_m.a(fpu.c.obj)
                              (--whole-archive)
zephyr/arch/arch/arm/core/cortex_m/libarch__arm__core__cortex_m.a(reset.S.obj)
                              (--whole-archive)
zephyr/arch/arch/arm/core/cortex_m/libarch__arm__core__cortex_m.a(scb.c.obj)
                              (--whole-archive)
[...]
Memory Configuration

Name             Origin             Length             Attributes
FLASH            0x0000000000000000 0x0000000000100000 xr
RAM              0x0000000020000000 0x0000000000070000 xw
IDT_LIST         0x00000000ffff7fff 0x0000000000008000 xw
*default*        0x0000000000000000 0xffffffffffffffff

Linker script and memory map

                0x000000000001352c                vfprintf = __l_vfprintf
                0x0000000000000000                vfscanf = __l_vfscanf
LOAD zephyr/CMakeFiles/zephyr_pre0.dir/misc/empty_file.c.obj
LOAD zephyr/CMakeFiles/offsets.dir/./arch/arm/core/offsets/offsets.c.obj
LOAD app/libapp.a
LOAD zephyr/libzephyr.a
LOAD zephyr/arch/common/libarch__common.a
LOAD zephyr/arch/arch/arm/core/libarch__arm__core.a
LOAD zephyr/arch/arch/arm/core/cortex_m/libarch__arm__core__cortex_m.a
LOAD zephyr/arch/arch/arm/core/cortex_m/cmse/libarch__arm__core__cortex_m__cmse.a
LOAD zephyr/arch/arch/arm/core/mpu/libarch__arm__core__mpu.a
LOAD zephyr/lib/libc/picolibc/liblib__libc__picolibc.a
LOAD zephyr/lib/libc/common/liblib__libc__common.a
LOAD zephyr/lib/net_buf/liblib__net_buf.a
LOAD zephyr/soc/soc/nrf5340/libsoc__nordic.a
LOAD zephyr/subsys/bluetooth/common/libsubsys__bluetooth__common.a
LOAD zephyr/subsys/bluetooth/host/libsubsys__bluetooth__host.a
LOAD zephyr/drivers/bluetooth/libdrivers__bluetooth.a
LOAD zephyr/drivers/clock_control/libdrivers__clock_control.a
LOAD zephyr/drivers/console/libdrivers__console.a
LOAD zephyr/drivers/mbox/libdrivers__mbox.a
LOAD zephyr/drivers/pinctrl/libdrivers__pinctrl.a
LOAD zephyr/drivers/serial/libdrivers__serial.a
LOAD zephyr/drivers/timer/libdrivers__timer.a
LOAD modules/nrf/drivers/hw_cc3xx/lib..__nrf__drivers__hw_cc3xx.a
LOAD modules/hal_nordic/nrfx/libmodules__hal_nordic__nrfx.a
LOAD modules/libmetal/libmetal/lib/libmetal.a
LOAD modules/open-amp/open-amp/lib/libopen_amp.a
LOAD zephyr/kernel/libkernel.a
LOAD zephyr/arch/common/libisr_tables.a
LOAD C:/ncs/v2.9.1/nrfxlib/crypto/nrf_cc312_platform/lib/cortex-m33/soft-float/no-interrupts/libnrf_cc312_platform_0.9.19.a
LOAD c:\ncs\toolchains\b620d30767\opt\zephyr-sdk\arm-zephyr-eabi\bin\../lib/gcc/../../picolibc/arm-zephyr-eabi/lib/thumb/v8-m.main/nofp\libc.a
LOAD c:/ncs/toolchains/b620d30767/opt/zephyr-sdk/arm-zephyr-eabi/bin/../lib/gcc/arm-zephyr-eabi/12.2.0/thumb/v8-m.main/nofp\libgcc.a
                0x0000000000000020                _region_min_align = 0x20

.rel.plt        0x0000000000000000        0x0
 *(SORT_BY_ALIGNMENT(.rel.plt))
                [!provide]                        PROVIDE (__rel_iplt_start = .)
 *(SORT_BY_ALIGNMENT(.rel.iplt))
 .rel.iplt      0x0000000000000000        0x0 app/libapp.a(main.c.obj)
                [!provide]                        PROVIDE (__rel_iplt_end = .)

.rela.plt       0x0000000000000000        0x0
 *(SORT_BY_ALIGNMENT(.rela.plt))
                [!provide]                        PROVIDE (__rela_iplt_start = .)
 *(SORT_BY_ALIGNMENT(.rela.iplt))
                [!provide]                        PROVIDE (__rela_iplt_end = .)

.rel.dyn
 *(SORT_BY_ALIGNMENT(.rel.*))

.rela.dyn
 *(SORT_BY_ALIGNMENT(.rela.*))

/DISCARD/
 *(SORT_BY_ALIGNMENT(.plt))

/DISCARD/
 *(SORT_BY_ALIGNMENT(.iplt))
                0x0000000000000000                __rom_region_start = 0x0

rom_start       0x0000000000000000      0x154
                0x0000000000000000                __rom_start_address = .
 FILL mask 0x00
                0x0000000000000000                . = (. + (0x0 - (. - __rom_start_address)))
                0x0000000000000000                . = ALIGN (0x4)
                0x0000000000000000                . = ALIGN (0x80)
                0x0000000000000000                . = ALIGN (0x200)
                0x0000000000000000                _vector_start = .
 *(SORT_BY_ALIGNMENT(.exc_vector_table))
 *(SORT_BY_ALIGNMENT(.exc_vector_table.*))
 .exc_vector_table._vector_table_section
                0x0000000000000000       0x40 zephyr/arch/arch/arm/core/cortex_m/libarch__arm__core__cortex_m.a(vector_table.S.obj)
                0x0000000000000000                _vector_table
 *(SORT_BY_ALIGNMENT(.vectors))
                0x0000000000000154                _vector_end = .
                0x0000000000000040                . = ALIGN (0x4)
 *(SORT_BY_ALIGNMENT(.gnu.linkonce.irq_vector_table*))
 .gnu.linkonce.irq_vector_table
                0x0000000000000040      0x114 zephyr/arch/common/libisr_tables.a(isr_tables.c.obj)
                0x0000000000000040                _irq_vector_table
                0x0000000000000154                _vector_end = .

text            0x0000000000000154    0x1788c
                0x0000000000000154                __text_region_start = .
 *(SORT_BY_ALIGNMENT(.text))
 .text          0x0000000000000154      0x378 c:/ncs/toolchains/b620d30767/opt/zephyr-sdk/arm-zephyr-eabi/bin/../lib/gcc/arm-zephyr-eabi/12.2.0/thumb/v8-m.main/nofp\libgcc.a(_arm_addsubdf3.o)
                0x0000000000000154                __aeabi_drsub
                0x000000000000015c                __aeabi_dsub
                0x000000000000015c                __subdf3
                0x0000000000000160                __aeabi_dadd
                0x0000000000000160                __adddf3
                0x00000000000003d8                __floatunsidf
                0x00000000000003d8                __aeabi_ui2d
                0x00000000000003f8                __floatsidf
                0x00000000000003f8                __aeabi_i2d
                0x000000000000041c                __aeabi_f2d
                0x000000000000041c                __extendsfdf2
                0x0000000000000460                __floatundidf
                0x0000000000000460                __aeabi_ul2d
                0x0000000000000470                __floatdidf
                0x0000000000000470                __aeabi_l2d
 .text          0x00000000000004cc      0x424 c:/ncs/toolchains/b620d30767/opt/zephyr-sdk/arm-zephyr-eabi/bin/../lib/gcc/arm-zephyr-eabi/12.2.0/thumb/v8-m.main/nofp\libgcc.a(_arm_muldivdf3.o)
                0x00000000000004cc                __aeabi_dmul
                0x00000000000004cc                __muldf3
                0x0000000000000720                __divdf3
                0x0000000000000720                __aeabi_ddiv
 .text          0x00000000000008f0       0x30 c:/ncs/toolchains/b620d30767/opt/zephyr-sdk/arm-zephyr-eabi/bin/../lib/gcc/arm-zephyr-eabi/12.2.0/thumb/v8-m.main/nofp\libgcc.a(_aeabi_uldivmod.o)
                0x00000000000008f0                __aeabi_uldivmod
 .text          0x0000000000000920        0x4 c:/ncs/toolchains/b620d30767/opt/zephyr-sdk/arm-zephyr-eabi/bin/../lib/gcc/arm-zephyr-eabi/12.2.0/thumb/v8-m.main/nofp\libgcc.a(_dvmd_tls.o)
                0x0000000000000920                __aeabi_idiv0
                0x0000000000000920                __aeabi_ldiv0
 .text          0x0000000000000924       0x14 c:\ncs\toolchains\b620d30767\opt\zephyr-sdk\arm-zephyr-eabi\bin\../lib/gcc/../../picolibc/arm-zephyr-eabi/lib/thumb/v8-m.main/nofp\libc.a(strcmp.S.o)
                0x0000000000000924                strcmp
 .text          0x0000000000000938       0x10 c:\ncs\toolchains\b620d30767\opt\zephyr-sdk\arm-zephyr-eabi\bin\../lib/gcc/../../picolibc/arm-zephyr-eabi/lib/thumb/v8-m.main/nofp\libc.a(strcpy.S.o)
                0x0000000000000938                strcpy
 .text          0x0000000000000948       0x10 c:\ncs\toolchains\b620d30767\opt\zephyr-sdk\arm-zephyr-eabi\bin\../lib/gcc/../../picolibc/arm-zephyr-eabi/lib/thumb/v8-m.main/nofp\libc.a(strlen.S.o)
                0x0000000000000948                strlen
 .text          0x0000000000000958      0x29c c:/ncs/toolchains/b620d30767/opt/zephyr-sdk/arm-zephyr-eabi/bin/../lib/gcc/arm-zephyr-eabi/12.2.0/thumb/v8-m.main/nofp\libgcc.a(_udivmoddi4.o)
                0x0000000000000958                __udivmoddi4
 *(SORT_BY_ALIGNMENT(.text.*))
 .text.on_disconnected
                0x0000000000000bf4       0x18 app/libapp.a(main.c.obj)
 .text.on_connected
                0x0000000000000c0c       0x94 app/libapp.a(main.c.obj)
 .text.bit_capture_handler
                0x0000000000000ca0       0x4c app/libapp.a(main.c.obj)
 .text.on_le_phy_updated
                0x0000000000000cec       0x2c app/libapp.a(main.c.obj)
                0x0000000000000cec                on_le_phy_updated
 .text.main     0x0000000000000d18      0x314 app/libapp.a(main.c.obj)
                0x0000000000000d18                main
 .text.joybus_ccc_button_cfg_changed
                0x000000000000102c       0x10 app/libapp.a(joybus.c.obj)
 .text.joybus_ccc_input_response_cfg_changed
                0x000000000000103c       0x10 app/libapp.a(joybus.c.obj)
 .text.write_led
                0x000000000000104c       0x3c app/libapp.a(joybus.c.obj)
 .text.read_button
                0x0000000000001088       0x44 app/libapp.a(joybus.c.obj)
 .text.joybus_init
                0x00000000000010cc       0x14 app/libapp.a(joybus.c.obj)
                0x00000000000010cc                joybus_init
 .text.joybus_send_input_response_notify
                0x00000000000010e0       0x40 app/libapp.a(joybus.c.obj)
                0x00000000000010e0                joybus_send_input_response_notify
 .text.sys_heap_free
                0x0000000000001120       0x9c zephyr/libzephyr.a(heap.c.obj)
                0x0000000000001120                sys_heap_free
 .text.sys_heap_aligned_alloc
                0x00000000000011bc      0x118 zephyr/libzephyr.a(heap.c.obj)
                0x00000000000011bc                sys_heap_aligned_alloc
 .text.sys_heap_init
                0x00000000000012d4      0x134 zephyr/libzephyr.a(heap.c.obj)
                0x00000000000012d4                sys_heap_init
 .text.cbvprintf_package
                0x0000000000001408      0x42c zephyr/libzephyr.a(cbprintf_packaged.c.obj)
                0x0000000000001408                cbvprintf_package
 .text.cbprintf_package_convert
                0x0000000000001834      0x46c zephyr/libzephyr.a(cbprintf_packaged.c.obj)
                0x0000000000001834                cbprintf_package_convert
 .text.__printk_hook_install
                0x0000000000001ca0        0xc zephyr/libzephyr.a(printk.c.obj)
                0x0000000000001ca0                __printk_hook_install
 .text.z_thread_entry
                0x0000000000001cac       0x34 zephyr/libzephyr.a(thread_entry.c.obj)
                0x0000000000001cac                z_thread_entry
 .text.mpsc_pbuf_init
                0x0000000000001ce0       0x64 zephyr/libzephyr.a(mpsc_pbuf.c.obj)
                0x0000000000001ce0                mpsc_pbuf_init
 .text.mpsc_pbuf_alloc
                0x0000000000001d44      0x184 zephyr/libzephyr.a(mpsc_pbuf.c.obj)
                0x0000000000001d44                mpsc_pbuf_alloc
 .text.mpsc_pbuf_commit
                0x0000000000001ec8       0xb0 zephyr/libzephyr.a(mpsc_pbuf.c.obj)
                0x0000000000001ec8                mpsc_pbuf_commit
 .text.mpsc_pbuf_claim
                0x0000000000001f78      0x110 zephyr/libzephyr.a(mpsc_pbuf.c.obj)
                0x0000000000001f78                mpsc_pbuf_claim
 .text.mpsc_pbuf_free
                0x0000000000002088       0xe4 zephyr/libzephyr.a(mpsc_pbuf.c.obj)
                0x0000000000002088                mpsc_pbuf_free
 .text.mpsc_pbuf_is_pending
                0x000000000000216c       0xa4 zephyr/libzephyr.a(mpsc_pbuf.c.obj)
                0x000000000000216c                mpsc_pbuf_is_pending
 .text.process_event
                0x0000000000002210      0x3ac zephyr/libzephyr.a(onoff.c.obj)
 .text.transition_complete
                0x00000000000025bc       0x64 zephyr/libzephyr.a(onoff.c.obj)
 .text.onoff_request
                0x0000000000002620      0x130 zephyr/libzephyr.a(onoff.c.obj)
                0x0000000000002620                onoff_request
 .text.onoff_release
                0x0000000000002750       0xd8 zephyr/libzephyr.a(onoff.c.obj)
                0x0000000000002750                onoff_release
 .text.sys_notify_finalize
                0x0000000000002828       0x58 zephyr/libzephyr.a(notify.c.obj)
                0x0000000000002828                sys_notify_finalize
 .text.ipc_service_open_instance
                0x0000000000002880       0x40 zephyr/libzephyr.a(ipc_service.c.obj)
                0x0000000000002880                ipc_service_open_instance
 .text.ipc_service_close_instance
                0x00000000000028c0       0x40 zephyr/libzephyr.a(ipc_service.c.obj)
                0x00000000000028c0                ipc_service_close_instance
 .text.ipc_service_register_endpoint
                0x0000000000002900       0x44 zephyr/libzephyr.a(ipc_service.c.obj)
                0x0000000000002900                ipc_service_register_endpoint
 .text.ipc_service_deregister_endpoint
                0x0000000000002944       0x58 zephyr/libzephyr.a(ipc_service.c.obj)
                0x0000000000002944                ipc_service_deregister_endpoint
 .text.ipc_service_send
                0x000000000000299c       0x5c zephyr/libzephyr.a(ipc_service.c.obj)
                0x000000000000299c                ipc_service_send
 .text.shared_memory_prepare
                0x00000000000029f8       0x14 zephyr/libzephyr.a(ipc_rpmsg_static_vrings.c.obj)
 .text.advertise_ept
                0x0000000000002a0c       0x44 zephyr/libzephyr.a(ipc_rpmsg_static_vrings.c.obj)
 .text.get_ept  0x0000000000002a50       0x28 zephyr/libzephyr.a(ipc_rpmsg_static_vrings.c.obj)
 .text.open     0x0000000000002a78      0x1b8 zephyr/libzephyr.a(ipc_rpmsg_static_vrings.c.obj)
 .text.bound_cb
                0x0000000000002c30       0x30 zephyr/libzephyr.a(ipc_rpmsg_static_vrings.c.obj)
 .text.send     0x0000000000002c60       0x4c zephyr/libzephyr.a(ipc_rpmsg_static_vrings.c.obj)
 .text.register_ept
                0x0000000000002cac       0xe0 zephyr/libzephyr.a(ipc_rpmsg_static_vrings.c.obj)
 .text.deregister_ept
                0x0000000000002d8c       0x44 zephyr/libzephyr.a(ipc_rpmsg_static_vrings.c.obj)
 .text.ns_bind_cb
                0x0000000000002dd0       0x6c zephyr/libzephyr.a(ipc_rpmsg.c.obj)
 .text.ipc_rpmsg_register_ept
                0x0000000000002e3c       0x3c zephyr/libzephyr.a(ipc_rpmsg.c.obj)
                0x0000000000002e3c                ipc_rpmsg_register_ept
 .text.ipc_rpmsg_init
                0x0000000000002e78       0x70 zephyr/libzephyr.a(ipc_rpmsg.c.obj)
                0x0000000000002e78                ipc_rpmsg_init
 .text.ipc_static_vrings_init
                0x0000000000002ee8      0x108 zephyr/libzephyr.a(ipc_static_vrings.c.obj)
                0x0000000000002ee8                ipc_static_vrings_init
 .text.enable_logger
                0x0000000000002ff0       0x5c zephyr/libzephyr.a(log_core.c.obj)
 .text.activate_foreach_backend
                0x000000000000304c       0x64 zephyr/libzephyr.a(log_core.c.obj)
 .text.z_log_init
                0x00000000000030b0       0xe0 zephyr/libzephyr.a(log_core.c.obj)
 .text.log_process_thread_timer_expiry_fn
                0x0000000000003190        0xc zephyr/libzephyr.a(log_core.c.obj)
 .text.log_format_func_t_get
                0x000000000000319c        0xc zephyr/libzephyr.a(log_core.c.obj)
                0x000000000000319c                log_format_func_t_get
 .text.log_set_timestamp_func
                0x00000000000031a8       0x20 zephyr/libzephyr.a(log_core.c.obj)
                0x00000000000031a8                log_set_timestamp_func
 .text.z_log_notify_backend_enabled
                0x00000000000031c8       0x1c zephyr/libzephyr.a(log_core.c.obj)
                0x00000000000031c8                z_log_notify_backend_enabled
 .text.z_log_dropped
                0x00000000000031e4       0x3c zephyr/libzephyr.a(log_core.c.obj)
                0x00000000000031e4                z_log_dropped
 .text.z_log_dropped_read_and_clear
                0x0000000000003220       0x18 zephyr/libzephyr.a(log_core.c.obj)
                0x0000000000003220                z_log_dropped_read_and_clear
 .text.dropped_notify
                0x0000000000003238       0x60 zephyr/libzephyr.a(log_core.c.obj)
                0x0000000000003238                dropped_notify
 .text.z_log_msg_init
                0x0000000000003298       0x20 zephyr/libzephyr.a(log_core.c.obj)
                0x0000000000003298                z_log_msg_init
 .text.log_core_init
                0x00000000000032b8       0x34 zephyr/libzephyr.a(log_core.c.obj)
                0x00000000000032b8                log_core_init
 .text.z_log_msg_alloc
                0x00000000000032ec       0x10 zephyr/libzephyr.a(log_core.c.obj)
                0x00000000000032ec                z_log_msg_alloc
 .text.z_log_msg_local_claim
                0x00000000000032fc        0xc zephyr/libzephyr.a(log_core.c.obj)
                0x00000000000032fc                z_log_msg_local_claim
 .text.z_log_msg_free
                0x0000000000003308       0x10 zephyr/libzephyr.a(log_core.c.obj)
                0x0000000000003308                z_log_msg_free
 .text.z_log_msg_pending
                0x0000000000003318        0xc zephyr/libzephyr.a(log_core.c.obj)
                0x0000000000003318                z_log_msg_pending
 .text.z_impl_log_process
                0x0000000000003324       0xe4 zephyr/libzephyr.a(log_core.c.obj)
                0x0000000000003324                z_impl_log_process
 .text.z_impl_log_panic
                0x0000000000003408       0x74 zephyr/libzephyr.a(log_core.c.obj)
                0x0000000000003408                z_impl_log_panic
 .text.log_process_thread_func
                0x000000000000347c       0xf4 zephyr/libzephyr.a(log_core.c.obj)
 .text.z_log_msg_post_finalize
                0x0000000000003570       0xe4 zephyr/libzephyr.a(log_core.c.obj)
 .text.z_log_msg_commit
                0x0000000000003654       0x24 zephyr/libzephyr.a(log_core.c.obj)
                0x0000000000003654                z_log_msg_commit
 .text.log_source_name_get
                0x0000000000003678       0x1c zephyr/libzephyr.a(log_mgmt.c.obj)
                0x0000000000003678                log_source_name_get
 .text.log_backend_enable
                0x0000000000003694       0x4c zephyr/libzephyr.a(log_mgmt.c.obj)
                0x0000000000003694                log_backend_enable
 .text.z_impl_z_log_msg_static_create
                0x00000000000036e0      0x12c zephyr/libzephyr.a(log_msg.c.obj)
                0x00000000000036e0                z_impl_z_log_msg_static_create
 .text.z_log_msg_runtime_vcreate
                0x000000000000380c       0xe0 zephyr/libzephyr.a(log_msg.c.obj)
                0x000000000000380c                z_log_msg_runtime_vcreate
 .text.log_msg_get_source_id
                0x00000000000038ec       0x18 zephyr/libzephyr.a(log_msg.c.obj)
                0x00000000000038ec                log_msg_get_source_id
 .text.print_formatted
                0x0000000000003904       0x24 zephyr/libzephyr.a(log_output.c.obj)
 .text.newline_print
                0x0000000000003928       0x1c zephyr/libzephyr.a(log_output.c.obj)
 .text.out_func
                0x0000000000003944       0x58 zephyr/libzephyr.a(log_output.c.obj)
 .text.log_output_process
                0x000000000000399c      0x31c zephyr/libzephyr.a(log_output.c.obj)
                0x000000000000399c                log_output_process
 .text.log_output_dropped_process
                0x0000000000003cb8       0x58 zephyr/libzephyr.a(log_output.c.obj)
                0x0000000000003cb8                log_output_dropped_process
 .text.log_output_timestamp_freq_set
                0x0000000000003d10       0x2c zephyr/libzephyr.a(log_output.c.obj)
                0x0000000000003d10                log_output_timestamp_freq_set
 .text.char_out
                0x0000000000003d3c       0x24 zephyr/libzephyr.a(log_backend_uart.c.obj)
 .text.log_backend_uart_init
                0x0000000000003d60       0x3c zephyr/libzephyr.a(log_backend_uart.c.obj)
 .text.mem_attr_get_regions
                0x0000000000003d9c        0xc zephyr/libzephyr.a(mem_attr.c.obj)
                0x0000000000003d9c                mem_attr_get_regions
 .text.boot_banner
                0x0000000000003da8       0x1c zephyr/libzephyr.a(banner.c.obj)
                0x0000000000003da8                boot_banner
 .text.sub_bytes
                0x0000000000003dc4       0x18 zephyr/libzephyr.a(aes_encrypt.c.obj)
 .text.tc_aes128_set_encrypt_key
                0x0000000000003ddc       0xa8 zephyr/libzephyr.a(aes_encrypt.c.obj)
                0x0000000000003ddc                tc_aes128_set_encrypt_key
 .text.compress
                0x0000000000003e84      0x1d4 zephyr/libzephyr.a(sha256.c.obj)
 .text.tc_sha256_init
                0x0000000000004058       0x58 zephyr/libzephyr.a(sha256.c.obj)
                0x0000000000004058                tc_sha256_init
 .text.nrf_cc3xx_platform_abort_init
                0x00000000000040b0        0xc zephyr/libzephyr.a(nrf_cc3xx_platform_abort_zephyr.c.obj)
                0x00000000000040b0                nrf_cc3xx_platform_abort_init
 .text.mutex_free_platform
                0x00000000000040bc       0x54 zephyr/libzephyr.a(nrf_cc3xx_platform_mutex_zephyr.c.obj)
 .text.mutex_lock_platform
                0x0000000000004110       0x74 zephyr/libzephyr.a(nrf_cc3xx_platform_mutex_zephyr.c.obj)
 .text.mutex_unlock_platform
                0x0000000000004184       0x68 zephyr/libzephyr.a(nrf_cc3xx_platform_mutex_zephyr.c.obj)
 .text.mutex_init_platform
                0x00000000000041ec       0x94 zephyr/libzephyr.a(nrf_cc3xx_platform_mutex_zephyr.c.obj)
 .text.nrf_cc3xx_platform_mutex_init
                0x0000000000004280       0x2c zephyr/libzephyr.a(nrf_cc3xx_platform_mutex_zephyr.c.obj)
                0x0000000000004280                nrf_cc3xx_platform_mutex_init
 .text.z_arm_fatal_error
                0x00000000000042ac       0xb8 zephyr/arch/arch/arm/core/libarch__arm__core.a(fatal.c.obj)
                0x00000000000042ac                z_arm_fatal_error
 .text.z_SysNmiOnReset
                0x0000000000004364        0x8 zephyr/arch/arch/arm/core/libarch__arm__core.a(nmi_on_reset.S.obj)
                0x0000000000004364                z_SysNmiOnReset
 .text.arch_tls_stack_setup
                0x000000000000436c       0x40 zephyr/arch/arch/arm/core/libarch__arm__core.a(tls.c.obj)
                0x000000000000436c                arch_tls_stack_setup
 .text._HandlerModeExit
                0x00000000000043ac       0x28 zephyr/arch/arch/arm/core/cortex_m/libarch__arm__core__cortex_m.a(exc_exit.c.obj)
                0x00000000000043ac                z_arm_int_exit
                0x00000000000043ac                z_arm_exc_exit
 .text.mem_manage_fault.constprop.0
                0x00000000000043d4      0x108 zephyr/arch/arch/arm/core/cortex_m/libarch__arm__core__cortex_m.a(fault.c.obj)
 .text.usage_fault.constprop.0
                0x00000000000044dc       0xbc zephyr/arch/arch/arm/core/cortex_m/libarch__arm__core__cortex_m.a(fault.c.obj)
 .text.bus_fault.constprop.0
                0x0000000000004598       0xd0 zephyr/arch/arch/arm/core/cortex_m/libarch__arm__core__cortex_m.a(fault.c.obj)
 .text.z_arm_fault
                0x0000000000004668      0x238 zephyr/arch/arch/arm/core/cortex_m/libarch__arm__core__cortex_m.a(fault.c.obj)
                0x0000000000004668                z_arm_fault
 .text.z_arm_fault_init
                0x00000000000048a0       0x20 zephyr/arch/arch/arm/core/cortex_m/libarch__arm__core__cortex_m.a(fault.c.obj)
                0x00000000000048a0                z_arm_fault_init
 .text.__fault  0x00000000000048c0       0x14 zephyr/arch/arch/arm/core/cortex_m/libarch__arm__core__cortex_m.a(fault_s.S.obj)
                0x00000000000048c0                z_arm_usage_fault
                0x00000000000048c0                z_arm_mpu_fault
                0x00000000000048c0                z_arm_exc_spurious
                0x00000000000048c0                z_arm_debug_monitor
                0x00000000000048c0                z_arm_hard_fault
                0x00000000000048c0                z_arm_bus_fault
 .text._reset_section
                0x00000000000048d4       0x60 zephyr/arch/arch/arm/core/cortex_m/libarch__arm__core__cortex_m.a(reset.S.obj)
                0x00000000000048d4                __start
                0x00000000000048d4                z_arm_reset
 .text.z_arm_clear_arm_mpu_config
                0x0000000000004934       0x24 zephyr/arch/arch/arm/core/cortex_m/libarch__arm__core__cortex_m.a(scb.c.obj)
                0x0000000000004934                z_arm_clear_arm_mpu_config
 .text.z_arm_init_arch_hw_at_boot
                0x0000000000004958       0x4c zephyr/arch/arch/arm/core/cortex_m/libarch__arm__core__cortex_m.a(scb.c.obj)
                0x0000000000004958                z_arm_init_arch_hw_at_boot
 .text.z_impl_k_thread_abort
                0x00000000000049a4       0x2c zephyr/arch/arch/arm/core/cortex_m/libarch__arm__core__cortex_m.a(thread_abort.c.obj)
                0x00000000000049a4                z_impl_k_thread_abort
 .text.arch_swap
                0x00000000000049d0       0x30 zephyr/arch/arch/arm/core/cortex_m/libarch__arm__core__cortex_m.a(swap.c.obj)
                0x00000000000049d0                arch_swap
 .text.z_arm_pendsv_c
                0x0000000000004a00       0x40 zephyr/arch/arch/arm/core/cortex_m/libarch__arm__core__cortex_m.a(swap.c.obj)
                0x0000000000004a00                z_arm_pendsv_c
 .text.z_arm_pendsv
                0x0000000000004a40       0x40 zephyr/arch/arch/arm/core/cortex_m/libarch__arm__core__cortex_m.a(swap_helper.S.obj)
                0x0000000000004a40                z_arm_pendsv
 .text.z_arm_svc
                0x0000000000004a80       0x20 zephyr/arch/arch/arm/core/cortex_m/libarch__arm__core__cortex_m.a(swap_helper.S.obj)
                0x0000000000004a80                z_arm_svc
 .text.arch_irq_enable
                0x0000000000004aa0       0x1c zephyr/arch/arch/arm/core/cortex_m/libarch__arm__core__cortex_m.a(irq_manage.c.obj)
                0x0000000000004aa0                arch_irq_enable
 .text.arch_irq_disable
                0x0000000000004abc       0x28 zephyr/arch/arch/arm/core/cortex_m/libarch__arm__core__cortex_m.a(irq_manage.c.obj)
                0x0000000000004abc                arch_irq_disable
 .text.arch_irq_is_enabled
                0x0000000000004ae4       0x1c zephyr/arch/arch/arm/core/cortex_m/libarch__arm__core__cortex_m.a(irq_manage.c.obj)
                0x0000000000004ae4                arch_irq_is_enabled
 .text.z_arm_irq_priority_set
                0x0000000000004b00       0x64 zephyr/arch/arch/arm/core/cortex_m/libarch__arm__core__cortex_m.a(irq_manage.c.obj)
                0x0000000000004b00                z_arm_irq_priority_set
 .text.z_prep_c
                0x0000000000004b64       0x38 zephyr/arch/arch/arm/core/cortex_m/libarch__arm__core__cortex_m.a(prep_c.c.obj)
                0x0000000000004b64                z_prep_c
 .text.arch_new_thread
                0x0000000000004b9c       0x38 zephyr/arch/arch/arm/core/cortex_m/libarch__arm__core__cortex_m.a(thread.c.obj)
                0x0000000000004b9c                arch_new_thread
 .text.arch_switch_to_main_thread
                0x0000000000004bd4       0x48 zephyr/arch/arch/arm/core/cortex_m/libarch__arm__core__cortex_m.a(thread.c.obj)
                0x0000000000004bd4                arch_switch_to_main_thread
 .text.z_arm_cpu_idle_init
                0x0000000000004c1c        0xc zephyr/arch/arch/arm/core/cortex_m/libarch__arm__core__cortex_m.a(cpu_idle.c.obj)
                0x0000000000004c1c                z_arm_cpu_idle_init
 .text.z_arm_interrupt_init
                0x0000000000004c28       0x18 zephyr/arch/arch/arm/core/cortex_m/libarch__arm__core__cortex_m.a(irq_init.c.obj)
                0x0000000000004c28                z_arm_interrupt_init
 .text._isr_wrapper
                0x0000000000004c40       0x24 zephyr/arch/arch/arm/core/cortex_m/libarch__arm__core__cortex_m.a(isr_wrapper.c.obj)
                0x0000000000004c40                _isr_wrapper
 .text.z_arm_configure_static_mpu_regions
                0x0000000000004c64       0x38 zephyr/arch/arch/arm/core/mpu/libarch__arm__core__mpu.a(arm_core_mpu.c.obj)
                0x0000000000004c64                z_arm_configure_static_mpu_regions
 .text.region_init
                0x0000000000004c9c       0x34 zephyr/arch/arch/arm/core/mpu/libarch__arm__core__mpu.a(arm_mpu.c.obj)
 .text.region_allocate_and_init
                0x0000000000004cd0       0x38 zephyr/arch/arch/arm/core/mpu/libarch__arm__core__mpu.a(arm_mpu.c.obj)
 .text.mpu_configure_regions_and_partition.constprop.0
                0x0000000000004d08      0x164 zephyr/arch/arch/arm/core/mpu/libarch__arm__core__mpu.a(arm_mpu.c.obj)
 .text.arm_core_mpu_enable
                0x0000000000004e6c       0x18 zephyr/arch/arch/arm/core/mpu/libarch__arm__core__mpu.a(arm_mpu.c.obj)
                0x0000000000004e6c                arm_core_mpu_enable
 .text.arm_core_mpu_disable
                0x0000000000004e84       0x14 zephyr/arch/arch/arm/core/mpu/libarch__arm__core__mpu.a(arm_mpu.c.obj)
                0x0000000000004e84                arm_core_mpu_disable
 .text.arm_core_mpu_configure_static_mpu_regions
                0x0000000000004e98       0x48 zephyr/arch/arch/arm/core/mpu/libarch__arm__core__mpu.a(arm_mpu.c.obj)
                0x0000000000004e98                arm_core_mpu_configure_static_mpu_regions
 .text.arm_core_mpu_mark_areas_for_dynamic_regions
                0x0000000000004ee0       0xe8 zephyr/arch/arch/arm/core/mpu/libarch__arm__core__mpu.a(arm_mpu.c.obj)
                0x0000000000004ee0                arm_core_mpu_mark_areas_for_dynamic_regions
 .text.z_arm_mpu_init
                0x0000000000004fc8      0x194 zephyr/arch/arch/arm/core/mpu/libarch__arm__core__mpu.a(arm_mpu.c.obj)
                0x0000000000004fc8                z_arm_mpu_init
 .text.z_impl_zephyr_fputc
                0x000000000000515c       0x10 zephyr/lib/libc/picolibc/liblib__libc__picolibc.a(libc-hooks.c.obj)
                0x000000000000515c                z_impl_zephyr_fputc
 .text.__stdout_hook_install
                0x000000000000516c       0x18 zephyr/lib/libc/picolibc/liblib__libc__picolibc.a(libc-hooks.c.obj)
                0x000000000000516c                __stdout_hook_install
 .text.cbvprintf
                0x0000000000005184       0x38 zephyr/lib/libc/picolibc/liblib__libc__picolibc.a(libc-hooks.c.obj)
                0x0000000000005184                cbvprintf
 .text.malloc_prepare
                0x00000000000051bc       0x24 zephyr/lib/libc/common/liblib__libc__common.a(malloc.c.obj)
 .text.net_buf_destroy
                0x00000000000051e0       0x38 zephyr/lib/net_buf/liblib__net_buf.a(buf.c.obj)
 .text.net_buf_pool_get
                0x0000000000005218       0x10 zephyr/lib/net_buf/liblib__net_buf.a(buf.c.obj)
                0x0000000000005218                net_buf_pool_get
 .text.net_buf_id
                0x0000000000005228       0x24 zephyr/lib/net_buf/liblib__net_buf.a(buf.c.obj)
                0x0000000000005228                net_buf_id
 .text.fixed_data_alloc
                0x000000000000524c       0x24 zephyr/lib/net_buf/liblib__net_buf.a(buf.c.obj)
 .text.net_buf_reset
                0x0000000000005270       0x48 zephyr/lib/net_buf/liblib__net_buf.a(buf.c.obj)
                0x0000000000005270                net_buf_reset
 .text.net_buf_alloc_len
                0x00000000000052b8      0x1e8 zephyr/lib/net_buf/liblib__net_buf.a(buf.c.obj)
                0x00000000000052b8                net_buf_alloc_len
 .text.net_buf_slist_put
                0x00000000000054a0       0xd4 zephyr/lib/net_buf/liblib__net_buf.a(buf.c.obj)
                0x00000000000054a0                net_buf_slist_put
 .text.net_buf_slist_get
                0x0000000000005574       0xb8 zephyr/lib/net_buf/liblib__net_buf.a(buf.c.obj)
                0x0000000000005574                net_buf_slist_get
 .text.net_buf_unref
                0x000000000000562c       0x5c zephyr/lib/net_buf/liblib__net_buf.a(buf.c.obj)
                0x000000000000562c                net_buf_unref
 .text.net_buf_ref
                0x0000000000005688       0x30 zephyr/lib/net_buf/liblib__net_buf.a(buf.c.obj)
                0x0000000000005688                net_buf_ref
 .text.net_buf_frag_last
                0x00000000000056b8       0x34 zephyr/lib/net_buf/liblib__net_buf.a(buf.c.obj)
                0x00000000000056b8                net_buf_frag_last
 .text.net_buf_frag_insert
                0x00000000000056ec       0x58 zephyr/lib/net_buf/liblib__net_buf.a(buf.c.obj)
                0x00000000000056ec                net_buf_frag_insert
 .text.net_buf_frag_add
                0x0000000000005744       0x48 zephyr/lib/net_buf/liblib__net_buf.a(buf.c.obj)
                0x0000000000005744                net_buf_frag_add
 .text.net_buf_simple_reserve
                0x000000000000578c       0x44 zephyr/lib/net_buf/liblib__net_buf.a(buf_simple.c.obj)
                0x000000000000578c                net_buf_simple_reserve
 .text.net_buf_simple_push
                0x00000000000057d0       0x40 zephyr/lib/net_buf/liblib__net_buf.a(buf_simple.c.obj)
                0x00000000000057d0                net_buf_simple_push
 .text.net_buf_simple_pull
                0x0000000000005810       0x3c zephyr/lib/net_buf/liblib__net_buf.a(buf_simple.c.obj)
                0x0000000000005810                net_buf_simple_pull
 .text.net_buf_simple_pull_mem
                0x000000000000584c       0x3c zephyr/lib/net_buf/liblib__net_buf.a(buf_simple.c.obj)
                0x000000000000584c                net_buf_simple_pull_mem
 .text.net_buf_simple_add
                0x0000000000005888       0x3c zephyr/lib/net_buf/liblib__net_buf.a(buf_simple.c.obj)
                0x0000000000005888                net_buf_simple_add
 .text.nrf_gpio_pin_control_select
                0x00000000000058c4       0x6c zephyr/soc/soc/nrf5340/libsoc__nordic.a(soc.c.obj)
 .text.nordicsemi_nrf53_init
                0x0000000000005930       0x5c zephyr/soc/soc/nrf5340/libsoc__nordic.a(soc.c.obj)
 .text.rtc_pretick_init
                0x000000000000598c       0x60 zephyr/soc/soc/nrf5340/libsoc__nordic.a(soc.c.obj)
 .text.z_arm_on_enter_cpu_idle
                0x00000000000059ec       0x64 zephyr/soc/soc/nrf5340/libsoc__nordic.a(soc.c.obj)
                0x00000000000059ec                z_arm_on_enter_cpu_idle
 .text.arch_busy_wait
                0x0000000000005a50       0x24 zephyr/soc/soc/nrf5340/libsoc__nordic.a(soc.c.obj)
                0x0000000000005a50                arch_busy_wait
 .text.nrf53_cpunet_mgmt_init
                0x0000000000005a74       0x10 zephyr/soc/soc/nrf5340/libsoc__nordic.a(nrf53_cpunet_mgmt.c.obj)
 .text.onoff_start
                0x0000000000005a84       0x6c zephyr/soc/soc/nrf5340/libsoc__nordic.a(nrf53_cpunet_mgmt.c.obj)
 .text.nrf53_cpunet_enable
                0x0000000000005af0       0x68 zephyr/soc/soc/nrf5340/libsoc__nordic.a(nrf53_cpunet_mgmt.c.obj)
                0x0000000000005af0                nrf53_cpunet_enable
 .text.ppi_ipc_to_rtc.isra.0
                0x0000000000005b58       0x5c zephyr/soc/soc/nrf5340/libsoc__nordic.a(sync_rtc.c.obj)
 .text.sync_rtc_setup
                0x0000000000005bb4       0xbc zephyr/soc/soc/nrf5340/libsoc__nordic.a(sync_rtc.c.obj)
 .text.rtc_cb   0x0000000000005c70       0x9c zephyr/soc/soc/nrf5340/libsoc__nordic.a(sync_rtc.c.obj)
 .text.mbox_callback
                0x0000000000005d0c       0xb4 zephyr/soc/soc/nrf5340/libsoc__nordic.a(sync_rtc.c.obj)
 .text.bt_hex   0x0000000000005dc0       0x44 zephyr/subsys/bluetooth/common/libsubsys__bluetooth__common.a(bt_str.c.obj)
                0x0000000000005dc0                bt_hex
 .text.bt_addr_le_str
                0x0000000000005e04       0x7c zephyr/subsys/bluetooth/common/libsubsys__bluetooth__common.a(bt_str.c.obj)
                0x0000000000005e04                bt_addr_le_str
 .text.long_wq_init
                0x0000000000005e80       0x38 zephyr/subsys/bluetooth/host/libsubsys__bluetooth__host.a(long_wq.c.obj)
 .text.bt_long_wq_schedule
                0x0000000000005eb8        0xc zephyr/subsys/bluetooth/host/libsubsys__bluetooth__host.a(long_wq.c.obj)
                0x0000000000005eb8                bt_long_wq_schedule
 .text.uuid_to_uuid128
                0x0000000000005ec4       0x78 zephyr/subsys/bluetooth/host/libsubsys__bluetooth__host.a(uuid.c.obj)
 .text.bt_buf_get_rx
                0x0000000000005f3c       0x68 zephyr/subsys/bluetooth/host/libsubsys__bluetooth__host.a(buf.c.obj)
                0x0000000000005f3c                bt_buf_get_rx
 .text.bt_buf_get_evt
                0x0000000000005fa4       0x40 zephyr/subsys/bluetooth/host/libsubsys__bluetooth__host.a(buf.c.obj)
                0x0000000000005fa4                bt_buf_get_evt
 .text.bt_buf_destroy_view
                0x0000000000005fe4       0x70 zephyr/subsys/bluetooth/host/libsubsys__bluetooth__host.a(buf.c.obj)
                0x0000000000005fe4                bt_buf_destroy_view
 .text.bt_buf_make_view
                0x0000000000006054       0xc0 zephyr/subsys/bluetooth/host/libsubsys__bluetooth__host.a(buf.c.obj)
                0x0000000000006054                bt_buf_make_view
 .text.hci_data_buf_overflow
                0x0000000000006114       0x18 zephyr/subsys/bluetooth/host/libsubsys__bluetooth__host.a(hci_core.c.obj)
 .text.hci_disconn_complete_prio
                0x000000000000612c       0x5c zephyr/subsys/bluetooth/host/libsubsys__bluetooth__host.a(hci_core.c.obj)
 .text.hci_disconn_complete
                0x0000000000006188       0x44 zephyr/subsys/bluetooth/host/libsubsys__bluetooth__host.a(hci_core.c.obj)
 .text.hci_hardware_error
                0x00000000000061cc       0x24 zephyr/subsys/bluetooth/host/libsubsys__bluetooth__host.a(hci_core.c.obj)
 .text.rx_queue_put
                0x00000000000061f0       0x3c zephyr/subsys/bluetooth/host/libsubsys__bluetooth__host.a(hci_core.c.obj)
 .text.find_pending_connect.part.0
                0x000000000000622c       0x2c zephyr/subsys/bluetooth/host/libsubsys__bluetooth__host.a(hci_core.c.obj)
 .text.le_conn_param_neg_reply.part.0
                0x0000000000006258       0x14 zephyr/subsys/bluetooth/host/libsubsys__bluetooth__host.a(hci_core.c.obj)
 .text.handle_event.part.0
                0x000000000000626c       0x48 zephyr/subsys/bluetooth/host/libsubsys__bluetooth__host.a(hci_core.c.obj)
 .text.le_remote_feat_complete
                0x00000000000062b4       0x54 zephyr/subsys/bluetooth/host/libsubsys__bluetooth__host.a(hci_core.c.obj)
 .text.enh_conn_complete_error_handle
                0x0000000000006308       0x80 zephyr/subsys/bluetooth/host/libsubsys__bluetooth__host.a(hci_core.c.obj)
 .text.handle_event_common
                0x0000000000006388       0x50 zephyr/subsys/bluetooth/host/libsubsys__bluetooth__host.a(hci_core.c.obj)
 .text.rx_work_handler
                0x00000000000063d8      0x138 zephyr/subsys/bluetooth/host/libsubsys__bluetooth__host.a(hci_core.c.obj)
 .text.hci_le_meta_event
                0x0000000000006510       0x20 zephyr/subsys/bluetooth/host/libsubsys__bluetooth__host.a(hci_core.c.obj)
 .text.hci_vendor_event
                0x0000000000006530       0x68 zephyr/subsys/bluetooth/host/libsubsys__bluetooth__host.a(hci_core.c.obj)
 .text.hci_cmd_done.part.0
                0x0000000000006598      0x150 zephyr/subsys/bluetooth/host/libsubsys__bluetooth__host.a(hci_core.c.obj)
 .text.le_conn_update_complete
                0x00000000000066e8       0xc4 zephyr/subsys/bluetooth/host/libsubsys__bluetooth__host.a(hci_core.c.obj)
 .text.hci_num_completed_packets
                0x00000000000067ac      0x12c zephyr/subsys/bluetooth/host/libsubsys__bluetooth__host.a(hci_core.c.obj)
 .text.bt_hci_cmd_state_set_init
                0x00000000000068d8       0x24 zephyr/subsys/bluetooth/host/libsubsys__bluetooth__host.a(hci_core.c.obj)
                0x00000000000068d8                bt_hci_cmd_state_set_init
 .text.bt_hci_cmd_create
                0x00000000000068fc       0x78 zephyr/subsys/bluetooth/host/libsubsys__bluetooth__host.a(hci_core.c.obj)
                0x00000000000068fc                bt_hci_cmd_create
 .text.bt_get_phy
                0x0000000000006974       0x14 zephyr/subsys/bluetooth/host/libsubsys__bluetooth__host.a(hci_core.c.obj)
                0x0000000000006974                bt_get_phy
 .text.le_phy_update_complete
                0x0000000000006988       0x50 zephyr/subsys/bluetooth/host/libsubsys__bluetooth__host.a(hci_core.c.obj)
 .text.bt_hci_get_ver_str
                0x00000000000069d8       0x3c zephyr/subsys/bluetooth/host/libsubsys__bluetooth__host.a(hci_core.c.obj)
                0x00000000000069d8                bt_hci_get_ver_str
 .text.bt_send  0x0000000000006a14       0x14 zephyr/subsys/bluetooth/host/libsubsys__bluetooth__host.a(hci_core.c.obj)
                0x0000000000006a14                bt_send
 .text.hci_event_prio
                0x0000000000006a28       0xa0 zephyr/subsys/bluetooth/host/libsubsys__bluetooth__host.a(hci_core.c.obj)
                0x0000000000006a28                hci_event_prio
 .text.bt_hci_recv
                0x0000000000006ac8       0x5c zephyr/subsys/bluetooth/host/libsubsys__bluetooth__host.a(hci_core.c.obj)
                0x0000000000006ac8                bt_hci_recv
 .text.bt_finalize_init
                0x0000000000006b24      0x134 zephyr/subsys/bluetooth/host/libsubsys__bluetooth__host.a(hci_core.c.obj)
                0x0000000000006b24                bt_finalize_init
 .text.bt_get_name
                0x0000000000006c58        0x8 zephyr/subsys/bluetooth/host/libsubsys__bluetooth__host.a(hci_core.c.obj)
                0x0000000000006c58                bt_get_name
 .text.bt_tx_irq_raise
                0x0000000000006c60        0xc zephyr/subsys/bluetooth/host/libsubsys__bluetooth__host.a(hci_core.c.obj)
                0x0000000000006c60                bt_tx_irq_raise
 .text.bt_hci_cmd_send
                0x0000000000006c6c       0x5c zephyr/subsys/bluetooth/host/libsubsys__bluetooth__host.a(hci_core.c.obj)
                0x0000000000006c6c                bt_hci_cmd_send
 .text.bt_send_one_host_num_completed_packets
                0x0000000000006cc8       0xa0 zephyr/subsys/bluetooth/host/libsubsys__bluetooth__host.a(hci_core.c.obj)
                0x0000000000006cc8                bt_send_one_host_num_completed_packets
 .text.bt_hci_host_num_completed_packets
                0x0000000000006d68       0x98 zephyr/subsys/bluetooth/host/libsubsys__bluetooth__host.a(hci_core.c.obj)
                0x0000000000006d68                bt_hci_host_num_completed_packets
 .text.le_conn_param_req
                0x0000000000006e00       0xc0 zephyr/subsys/bluetooth/host/libsubsys__bluetooth__host.a(hci_core.c.obj)
 .text.process_pending_cmd
                0x0000000000006ec0       0xd8 zephyr/subsys/bluetooth/host/libsubsys__bluetooth__host.a(hci_core.c.obj)
 .text.bt_hci_cmd_send_sync
                0x0000000000006f98      0x1b4 zephyr/subsys/bluetooth/host/libsubsys__bluetooth__host.a(hci_core.c.obj)
                0x0000000000006f98                bt_hci_cmd_send_sync
 .text.bt_init  0x000000000000714c      0x4f0 zephyr/subsys/bluetooth/host/libsubsys__bluetooth__host.a(hci_core.c.obj)
 .text.init_work
                0x000000000000763c       0x18 zephyr/subsys/bluetooth/host/libsubsys__bluetooth__host.a(hci_core.c.obj)
 .text.bt_enable
                0x0000000000007654       0xd0 zephyr/subsys/bluetooth/host/libsubsys__bluetooth__host.a(hci_core.c.obj)
                0x0000000000007654                bt_enable
 .text.bt_hci_le_rand
                0x0000000000007724       0x58 zephyr/subsys/bluetooth/host/libsubsys__bluetooth__host.a(hci_core.c.obj)
                0x0000000000007724                bt_hci_le_rand
 .text.bt_hci_le_enh_conn_complete
                0x000000000000777c      0x1ec zephyr/subsys/bluetooth/host/libsubsys__bluetooth__host.a(hci_core.c.obj)
                0x000000000000777c                bt_hci_le_enh_conn_complete
 .text.le_legacy_conn_complete
                0x0000000000007968       0x7c zephyr/subsys/bluetooth/host/libsubsys__bluetooth__host.a(hci_core.c.obj)
 .text.hci_cmd_status
                0x00000000000079e4       0x34 zephyr/subsys/bluetooth/host/libsubsys__bluetooth__host.a(hci_core.c.obj)
 .text.hci_cmd_complete
                0x0000000000007a18       0x78 zephyr/subsys/bluetooth/host/libsubsys__bluetooth__host.a(hci_core.c.obj)
 .text.id_find  0x0000000000007a90       0x30 zephyr/subsys/bluetooth/host/libsubsys__bluetooth__host.a(id.c.obj)
 .text.set_random_address
                0x0000000000007ac0       0x74 zephyr/subsys/bluetooth/host/libsubsys__bluetooth__host.a(id.c.obj)
 .text.id_create.constprop.0
                0x0000000000007b34       0x74 zephyr/subsys/bluetooth/host/libsubsys__bluetooth__host.a(id.c.obj)
 .text.bt_id_create
                0x0000000000007ba8       0x98 zephyr/subsys/bluetooth/host/libsubsys__bluetooth__host.a(id.c.obj)
                0x0000000000007ba8                bt_id_create
 .text.bt_id_read_public_addr
                0x0000000000007c40       0x88 zephyr/subsys/bluetooth/host/libsubsys__bluetooth__host.a(id.c.obj)
                0x0000000000007c40                bt_id_read_public_addr
 .text.bt_setup_public_id_addr
                0x0000000000007cc8       0x20 zephyr/subsys/bluetooth/host/libsubsys__bluetooth__host.a(id.c.obj)
                0x0000000000007cc8                bt_setup_public_id_addr
 .text.bt_setup_random_id_addr
                0x0000000000007ce8       0xd8 zephyr/subsys/bluetooth/host/libsubsys__bluetooth__host.a(id.c.obj)
                0x0000000000007ce8                bt_setup_random_id_addr
 .text.bt_id_set_adv_own_addr
                0x0000000000007dc0       0xd4 zephyr/subsys/bluetooth/host/libsubsys__bluetooth__host.a(id.c.obj)
                0x0000000000007dc0                bt_id_set_adv_own_addr
 .text.bt_id_init
                0x0000000000007e94       0x54 zephyr/subsys/bluetooth/host/libsubsys__bluetooth__host.a(id.c.obj)
                0x0000000000007e94                bt_id_init
 .text.hci_set_ad
                0x0000000000007ee8       0xd0 zephyr/subsys/bluetooth/host/libsubsys__bluetooth__host.a(adv.c.obj)
 .text.adv_is_directed
                0x0000000000007fb8       0x18 zephyr/subsys/bluetooth/host/libsubsys__bluetooth__host.a(adv.c.obj)
 .text.le_adv_start_add_conn
                0x0000000000007fd0       0x60 zephyr/subsys/bluetooth/host/libsubsys__bluetooth__host.a(adv.c.obj)
 .text.valid_adv_param
                0x0000000000008030       0x84 zephyr/subsys/bluetooth/host/libsubsys__bluetooth__host.a(adv.c.obj)
 .text.bt_le_adv_lookup_legacy
                0x00000000000080b4        0x8 zephyr/subsys/bluetooth/host/libsubsys__bluetooth__host.a(adv.c.obj)
                0x00000000000080b4                bt_le_adv_lookup_legacy
 .text.bt_le_adv_start_legacy
                0x00000000000080bc      0x278 zephyr/subsys/bluetooth/host/libsubsys__bluetooth__host.a(adv.c.obj)
                0x00000000000080bc                bt_le_adv_start_legacy
 .text.bt_le_adv_start
                0x0000000000008334       0x64 zephyr/subsys/bluetooth/host/libsubsys__bluetooth__host.a(adv.c.obj)
                0x0000000000008334                bt_le_adv_start
 .text.bt_le_adv_stop
                0x0000000000008398       0x78 zephyr/subsys/bluetooth/host/libsubsys__bluetooth__host.a(adv.c.obj)
                0x0000000000008398                bt_le_adv_stop
 .text.adv_timeout
                0x0000000000008410       0x24 zephyr/subsys/bluetooth/host/libsubsys__bluetooth__host.a(adv.c.obj)
 .text.bt_le_adv_resume
                0x0000000000008434       0xe0 zephyr/subsys/bluetooth/host/libsubsys__bluetooth__host.a(adv.c.obj)
                0x0000000000008434                bt_le_adv_resume
 .text.prng_reseed.constprop.0
                0x0000000000008514       0x60 zephyr/subsys/bluetooth/host/libsubsys__bluetooth__host.a(crypto_tc.c.obj)
 .text.prng_init
                0x0000000000008574       0x40 zephyr/subsys/bluetooth/host/libsubsys__bluetooth__host.a(crypto_tc.c.obj)
                0x0000000000008574                prng_init
 .text.bt_rand  0x00000000000085b4       0x3c zephyr/subsys/bluetooth/host/libsubsys__bluetooth__host.a(crypto_tc.c.obj)
                0x00000000000085b4                bt_rand
 .text.frag_destroy
                0x00000000000085f0       0x20 zephyr/subsys/bluetooth/host/libsubsys__bluetooth__host.a(conn.c.obj)
                0x00000000000085f0                frag_destroy
 .text.notify_connected
                0x0000000000008610       0x70 zephyr/subsys/bluetooth/host/libsubsys__bluetooth__host.a(conn.c.obj)
 .text.get_data_frag
                0x0000000000008680       0x60 zephyr/subsys/bluetooth/host/libsubsys__bluetooth__host.a(conn.c.obj)
 .text.conn_tx_destroy
                0x00000000000086e0       0x50 zephyr/subsys/bluetooth/host/libsubsys__bluetooth__host.a(conn.c.obj)
 .text.acl_get_and_clear_cb
                0x0000000000008730       0x48 zephyr/subsys/bluetooth/host/libsubsys__bluetooth__host.a(conn.c.obj)
 .text.perform_auto_initiated_procedures.part.0
                0x0000000000008778       0x24 zephyr/subsys/bluetooth/host/libsubsys__bluetooth__host.a(conn.c.obj)
 .text.perform_auto_initiated_procedures
                0x000000000000879c       0x44 zephyr/subsys/bluetooth/host/libsubsys__bluetooth__host.a(conn.c.obj)
 .text.recycled_work_handler
                0x00000000000087e0       0x84 zephyr/subsys/bluetooth/host/libsubsys__bluetooth__host.a(conn.c.obj)
 .text.tx_notify_process
                0x0000000000008864       0x9c zephyr/subsys/bluetooth/host/libsubsys__bluetooth__host.a(conn.c.obj)
 .text.bt_conn_get_pkts
                0x0000000000008900       0x18 zephyr/subsys/bluetooth/host/libsubsys__bluetooth__host.a(conn.c.obj)
                0x0000000000008900                bt_conn_get_pkts
 .text.bt_conn_tx_notify
                0x0000000000008918       0x78 zephyr/subsys/bluetooth/host/libsubsys__bluetooth__host.a(conn.c.obj)
                0x0000000000008918                bt_conn_tx_notify
 .text.bt_conn_new
                0x0000000000008990       0x5c zephyr/subsys/bluetooth/host/libsubsys__bluetooth__host.a(conn.c.obj)
                0x0000000000008990                bt_conn_new
 .text.bt_conn_recv
                0x00000000000089ec      0x14c zephyr/subsys/bluetooth/host/libsubsys__bluetooth__host.a(conn.c.obj)
                0x00000000000089ec                bt_conn_recv
 .text.bt_conn_ref
                0x0000000000008b38       0x54 zephyr/subsys/bluetooth/host/libsubsys__bluetooth__host.a(conn.c.obj)
                0x0000000000008b38                bt_conn_ref
 .text.bt_conn_data_ready
                0x0000000000008b8c       0x44 zephyr/subsys/bluetooth/host/libsubsys__bluetooth__host.a(conn.c.obj)
                0x0000000000008b8c                bt_conn_data_ready
 .text.get_conn_ready
                0x0000000000008bd0       0xe8 zephyr/subsys/bluetooth/host/libsubsys__bluetooth__host.a(conn.c.obj)
                0x0000000000008bd0                get_conn_ready
 .text.bt_conn_unref
                0x0000000000008cb8       0xa0 zephyr/subsys/bluetooth/host/libsubsys__bluetooth__host.a(conn.c.obj)
                0x0000000000008cb8                bt_conn_unref
 .text.bt_conn_set_state
                0x0000000000008d58      0x1c4 zephyr/subsys/bluetooth/host/libsubsys__bluetooth__host.a(conn.c.obj)
                0x0000000000008d58                bt_conn_set_state
 .text.bt_conn_lookup_handle
                0x0000000000008f1c       0x40 zephyr/subsys/bluetooth/host/libsubsys__bluetooth__host.a(conn.c.obj)
                0x0000000000008f1c                bt_conn_lookup_handle
 .text.bt_conn_foreach
                0x0000000000008f5c       0x40 zephyr/subsys/bluetooth/host/libsubsys__bluetooth__host.a(conn.c.obj)
                0x0000000000008f5c                bt_conn_foreach
 .text.auto_initiated_procedures
                0x0000000000008f9c       0x10 zephyr/subsys/bluetooth/host/libsubsys__bluetooth__host.a(conn.c.obj)
 .text.bt_conn_index
                0x0000000000008fac       0x4c zephyr/subsys/bluetooth/host/libsubsys__bluetooth__host.a(conn.c.obj)
                0x0000000000008fac                bt_conn_index
 .text.bt_conn_create_pdu_timeout
                0x0000000000008ff8       0x98 zephyr/subsys/bluetooth/host/libsubsys__bluetooth__host.a(conn.c.obj)
                0x0000000000008ff8                bt_conn_create_pdu_timeout
 .text.bt_conn_connected
                0x0000000000009090       0x20 zephyr/subsys/bluetooth/host/libsubsys__bluetooth__host.a(conn.c.obj)
                0x0000000000009090                bt_conn_connected
 .text.bt_conn_disconnect
                0x00000000000090b0       0x78 zephyr/subsys/bluetooth/host/libsubsys__bluetooth__host.a(conn.c.obj)
                0x00000000000090b0                bt_conn_disconnect
 .text.bt_conn_tx_processor
                0x0000000000009128      0x2ec zephyr/subsys/bluetooth/host/libsubsys__bluetooth__host.a(conn.c.obj)
                0x0000000000009128                bt_conn_tx_processor
 .text.notify_le_param_updated
                0x0000000000009414       0xbc zephyr/subsys/bluetooth/host/libsubsys__bluetooth__host.a(conn.c.obj)
                0x0000000000009414                notify_le_param_updated
 .text.notify_le_phy_updated
                0x00000000000094d0       0x7c zephyr/subsys/bluetooth/host/libsubsys__bluetooth__host.a(conn.c.obj)
                0x00000000000094d0                notify_le_phy_updated
 .text.le_param_req
                0x000000000000954c       0xa8 zephyr/subsys/bluetooth/host/libsubsys__bluetooth__host.a(conn.c.obj)
                0x000000000000954c                le_param_req
 .text.bt_conn_cb_register
                0x00000000000095f4       0x30 zephyr/subsys/bluetooth/host/libsubsys__bluetooth__host.a(conn.c.obj)
                0x00000000000095f4                bt_conn_cb_register
 .text.bt_conn_add_le
                0x0000000000009624       0x54 zephyr/subsys/bluetooth/host/libsubsys__bluetooth__host.a(conn.c.obj)
                0x0000000000009624                bt_conn_add_le
 .text.bt_conn_lookup_addr_le
                0x0000000000009678       0x4c zephyr/subsys/bluetooth/host/libsubsys__bluetooth__host.a(conn.c.obj)
                0x0000000000009678                bt_conn_lookup_addr_le
 .text.bt_conn_exists_le
                0x00000000000096c4       0x70 zephyr/subsys/bluetooth/host/libsubsys__bluetooth__host.a(conn.c.obj)
                0x00000000000096c4                bt_conn_exists_le
 .text.bt_conn_lookup_state_le
                0x0000000000009734       0x5c zephyr/subsys/bluetooth/host/libsubsys__bluetooth__host.a(conn.c.obj)
                0x0000000000009734                bt_conn_lookup_state_le
 .text.bt_conn_get_info
                0x0000000000009790       0xdc zephyr/subsys/bluetooth/host/libsubsys__bluetooth__host.a(conn.c.obj)
                0x0000000000009790                bt_conn_get_info
 .text.send_conn_le_param_update
                0x000000000000986c       0x68 zephyr/subsys/bluetooth/host/libsubsys__bluetooth__host.a(conn.c.obj)
 .text.deferred_work
                0x00000000000098d4      0x130 zephyr/subsys/bluetooth/host/libsubsys__bluetooth__host.a(conn.c.obj)
 .text.bt_conn_lookup_index
                0x0000000000009a04       0x18 zephyr/subsys/bluetooth/host/libsubsys__bluetooth__host.a(conn.c.obj)
                0x0000000000009a04                bt_conn_lookup_index
 .text.bt_conn_init
                0x0000000000009a1c       0x44 zephyr/subsys/bluetooth/host/libsubsys__bluetooth__host.a(conn.c.obj)
                0x0000000000009a1c                bt_conn_init
 .text.l2cap_create_le_sig_pdu.part.0
                0x0000000000009a60       0x1c zephyr/subsys/bluetooth/host/libsubsys__bluetooth__host.a(l2cap.c.obj)
 .text.l2cap_accept.part.0
                0x0000000000009a7c       0x30 zephyr/subsys/bluetooth/host/libsubsys__bluetooth__host.a(l2cap.c.obj)
 .text.l2cap_accept
                0x0000000000009aac       0x28 zephyr/subsys/bluetooth/host/libsubsys__bluetooth__host.a(l2cap.c.obj)
 .text.lower_data_ready
                0x0000000000009ad4       0x74 zephyr/subsys/bluetooth/host/libsubsys__bluetooth__host.a(l2cap.c.obj)
 .text.bt_l2cap_connected
                0x0000000000009b48       0xc8 zephyr/subsys/bluetooth/host/libsubsys__bluetooth__host.a(l2cap.c.obj)
                0x0000000000009b48                bt_l2cap_connected
 .text.bt_l2cap_send_pdu
                0x0000000000009c10       0x5c zephyr/subsys/bluetooth/host/libsubsys__bluetooth__host.a(l2cap.c.obj)
                0x0000000000009c10                bt_l2cap_send_pdu
 .text.l2cap_data_pull
                0x0000000000009c6c      0x124 zephyr/subsys/bluetooth/host/libsubsys__bluetooth__host.a(l2cap.c.obj)
                0x0000000000009c6c                l2cap_data_pull
 .text.l2cap_recv.part.0
                0x0000000000009d90       0x9c zephyr/subsys/bluetooth/host/libsubsys__bluetooth__host.a(l2cap.c.obj)
 .text.l2cap_recv
                0x0000000000009e2c       0x24 zephyr/subsys/bluetooth/host/libsubsys__bluetooth__host.a(l2cap.c.obj)
 .text.bt_l2cap_recv
                0x0000000000009e50       0x58 zephyr/subsys/bluetooth/host/libsubsys__bluetooth__host.a(l2cap.c.obj)
                0x0000000000009e50                bt_l2cap_recv
 .text.bt_l2cap_update_conn_param
                0x0000000000009ea8       0x50 zephyr/subsys/bluetooth/host/libsubsys__bluetooth__host.a(l2cap.c.obj)
                0x0000000000009ea8                bt_l2cap_update_conn_param
 .text.att_op_get_type
                0x0000000000009ef8       0x74 zephyr/subsys/bluetooth/host/libsubsys__bluetooth__host.a(att.c.obj)
 .text.bt_att_released
                0x0000000000009f6c        0xc zephyr/subsys/bluetooth/host/libsubsys__bluetooth__host.a(att.c.obj)
 .text.bt_att_connected
                0x0000000000009f78       0x38 zephyr/subsys/bluetooth/host/libsubsys__bluetooth__host.a(att.c.obj)
 .text.read_group_cb
                0x0000000000009fb0       0xb8 zephyr/subsys/bluetooth/host/libsubsys__bluetooth__host.a(att.c.obj)
 .text.bt_att_accept
                0x000000000000a068      0x120 zephyr/subsys/bluetooth/host/libsubsys__bluetooth__host.a(att.c.obj)
 .text.read_type_cb
                0x000000000000a188       0xac zephyr/subsys/bluetooth/host/libsubsys__bluetooth__host.a(att.c.obj)
 .text.find_type_cb
                0x000000000000a234      0x164 zephyr/subsys/bluetooth/host/libsubsys__bluetooth__host.a(att.c.obj)
 .text.att_get  0x000000000000a398       0x4c zephyr/subsys/bluetooth/host/libsubsys__bluetooth__host.a(att.c.obj)
 .text.bt_att_get_tx_meta_data
                0x000000000000a3e4       0x4c zephyr/subsys/bluetooth/host/libsubsys__bluetooth__host.a(att.c.obj)
                0x000000000000a3e4                bt_att_get_tx_meta_data
 .text.chan_send
                0x000000000000a430       0xe4 zephyr/subsys/bluetooth/host/libsubsys__bluetooth__host.a(att.c.obj)
 .text.bt_att_chan_req_send
                0x000000000000a514       0x84 zephyr/subsys/bluetooth/host/libsubsys__bluetooth__host.a(att.c.obj)
 .text.att_tx_destroy
                0x000000000000a598      0x13c zephyr/subsys/bluetooth/host/libsubsys__bluetooth__host.a(att.c.obj)
 .text.bt_att_chan_create_pdu
                0x000000000000a6d4       0x88 zephyr/subsys/bluetooth/host/libsubsys__bluetooth__host.a(att.c.obj)
 .text.bt_att_recv
                0x000000000000a75c       0xc8 zephyr/subsys/bluetooth/host/libsubsys__bluetooth__host.a(att.c.obj)
 .text.att_write_rsp.constprop.0
                0x000000000000a824       0xc0 zephyr/subsys/bluetooth/host/libsubsys__bluetooth__host.a(att.c.obj)
 .text.bt_att_create_pdu
                0x000000000000a8e4       0x64 zephyr/subsys/bluetooth/host/libsubsys__bluetooth__host.a(att.c.obj)
                0x000000000000a8e4                bt_att_create_pdu
 .text.bt_att_create_rsp_pdu
                0x000000000000a948       0x54 zephyr/subsys/bluetooth/host/libsubsys__bluetooth__host.a(att.c.obj)
                0x000000000000a948                bt_att_create_rsp_pdu
 .text.att_read_group_req
                0x000000000000a99c       0xf0 zephyr/subsys/bluetooth/host/libsubsys__bluetooth__host.a(att.c.obj)
 .text.att_read_mult_vl_req
                0x000000000000aa8c       0x9c zephyr/subsys/bluetooth/host/libsubsys__bluetooth__host.a(att.c.obj)
 .text.att_read_mult_req
                0x000000000000ab28       0x9c zephyr/subsys/bluetooth/host/libsubsys__bluetooth__host.a(att.c.obj)
 .text.att_read_rsp
                0x000000000000abc4       0x90 zephyr/subsys/bluetooth/host/libsubsys__bluetooth__host.a(att.c.obj)
 .text.att_read_type_req
                0x000000000000ac54       0xf8 zephyr/subsys/bluetooth/host/libsubsys__bluetooth__host.a(att.c.obj)
 .text.att_find_type_req
                0x000000000000ad4c       0xc0 zephyr/subsys/bluetooth/host/libsubsys__bluetooth__host.a(att.c.obj)
 .text.att_find_info_req
                0x000000000000ae0c       0x6c zephyr/subsys/bluetooth/host/libsubsys__bluetooth__host.a(att.c.obj)
 .text.bt_att_req_alloc
                0x000000000000ae78       0x50 zephyr/subsys/bluetooth/host/libsubsys__bluetooth__host.a(att.c.obj)
                0x000000000000ae78                bt_att_req_alloc
 .text.bt_att_req_free
                0x000000000000aec8       0x20 zephyr/subsys/bluetooth/host/libsubsys__bluetooth__host.a(att.c.obj)
                0x000000000000aec8                bt_att_req_free
 .text.att_handle_rsp
                0x000000000000aee8       0x80 zephyr/subsys/bluetooth/host/libsubsys__bluetooth__host.a(att.c.obj)
 .text.bt_att_disconnected
                0x000000000000af68       0xc0 zephyr/subsys/bluetooth/host/libsubsys__bluetooth__host.a(att.c.obj)
 .text.att_timeout
                0x000000000000b028       0xe4 zephyr/subsys/bluetooth/host/libsubsys__bluetooth__host.a(att.c.obj)
 .text.bt_att_send
                0x000000000000b10c       0x9c zephyr/subsys/bluetooth/host/libsubsys__bluetooth__host.a(att.c.obj)
                0x000000000000b10c                bt_att_send
 .text.bt_att_req_send
                0x000000000000b1a8       0x7c zephyr/subsys/bluetooth/host/libsubsys__bluetooth__host.a(att.c.obj)
                0x000000000000b1a8                bt_att_req_send
 .text.find_cf_cfg
                0x000000000000b224       0x5c zephyr/subsys/bluetooth/host/libsubsys__bluetooth__host.a(gatt.c.obj)
 .text.find_sc_cfg
                0x000000000000b280       0x40 zephyr/subsys/bluetooth/host/libsubsys__bluetooth__host.a(gatt.c.obj)
 .text.find_ccc_cfg
                0x000000000000b2c0       0x48 zephyr/subsys/bluetooth/host/libsubsys__bluetooth__host.a(gatt.c.obj)
 .text.bt_gatt_attr_write_ccc
                0x000000000000b308       0xbc zephyr/subsys/bluetooth/host/libsubsys__bluetooth__host.a(gatt.c.obj)
                0x000000000000b308                bt_gatt_attr_write_ccc
 .text.db_hash_update.part.0
                0x000000000000b3c4       0x1c zephyr/subsys/bluetooth/host/libsubsys__bluetooth__host.a(gatt.c.obj)
 .text.clear_cf_cfg
                0x000000000000b3e0       0x28 zephyr/subsys/bluetooth/host/libsubsys__bluetooth__host.a(gatt.c.obj)
 .text.sc_save  0x000000000000b408       0x60 zephyr/subsys/bluetooth/host/libsubsys__bluetooth__host.a(gatt.c.obj)
 .text.disconnected_cb
                0x000000000000b468       0xb4 zephyr/subsys/bluetooth/host/libsubsys__bluetooth__host.a(gatt.c.obj)
 .text.read_ppcp
                0x000000000000b51c       0x38 zephyr/subsys/bluetooth/host/libsubsys__bluetooth__host.a(gatt.c.obj)
 .text.cf_write
                0x000000000000b554       0x98 zephyr/subsys/bluetooth/host/libsubsys__bluetooth__host.a(gatt.c.obj)
 .text.sc_indicate_rsp
                0x000000000000b5ec       0x50 zephyr/subsys/bluetooth/host/libsubsys__bluetooth__host.a(gatt.c.obj)
 .text.bt_gatt_init
                0x000000000000b63c       0xac zephyr/subsys/bluetooth/host/libsubsys__bluetooth__host.a(gatt.c.obj)
                0x000000000000b63c                bt_gatt_init
 .text.bt_gatt_attr_get_handle
                0x000000000000b6e8       0x90 zephyr/subsys/bluetooth/host/libsubsys__bluetooth__host.a(gatt.c.obj)
                0x000000000000b6e8                bt_gatt_attr_get_handle
 .text.bt_gatt_foreach_attr_type
                0x000000000000b778       0xe0 zephyr/subsys/bluetooth/host/libsubsys__bluetooth__host.a(gatt.c.obj)
                0x000000000000b778                bt_gatt_foreach_attr_type
 .text.db_hash_gen
                0x000000000000b858       0x80 zephyr/subsys/bluetooth/host/libsubsys__bluetooth__host.a(gatt.c.obj)
 .text.db_hash_read
                0x000000000000b8d8       0x78 zephyr/subsys/bluetooth/host/libsubsys__bluetooth__host.a(gatt.c.obj)
 .text.db_hash_process
                0x000000000000b950       0x1c zephyr/subsys/bluetooth/host/libsubsys__bluetooth__host.a(gatt.c.obj)
 .text.bt_gatt_attr_next
                0x000000000000b96c       0x24 zephyr/subsys/bluetooth/host/libsubsys__bluetooth__host.a(gatt.c.obj)
                0x000000000000b96c                bt_gatt_attr_next
 .text.bt_gatt_is_subscribed
                0x000000000000b990      0x1a8 zephyr/subsys/bluetooth/host/libsubsys__bluetooth__host.a(gatt.c.obj)
                0x000000000000b990                bt_gatt_is_subscribed
 .text.gatt_indicate
                0x000000000000bb38       0xd8 zephyr/subsys/bluetooth/host/libsubsys__bluetooth__host.a(gatt.c.obj)
 .text.bt_gatt_indicate
                0x000000000000bc10      0x144 zephyr/subsys/bluetooth/host/libsubsys__bluetooth__host.a(gatt.c.obj)
                0x000000000000bc10                bt_gatt_indicate
 .text.sc_process
                0x000000000000bd54       0x9c zephyr/subsys/bluetooth/host/libsubsys__bluetooth__host.a(gatt.c.obj)
 .text.update_ccc
                0x000000000000bdf0      0x104 zephyr/subsys/bluetooth/host/libsubsys__bluetooth__host.a(gatt.c.obj)
 .text.gatt_notify
                0x000000000000bef4       0xac zephyr/subsys/bluetooth/host/libsubsys__bluetooth__host.a(gatt.c.obj)
 .text.bt_gatt_notify_cb
                0x000000000000bfa0      0x13c zephyr/subsys/bluetooth/host/libsubsys__bluetooth__host.a(gatt.c.obj)
                0x000000000000bfa0                bt_gatt_notify_cb
 .text.notify_cb
                0x000000000000c0dc      0x128 zephyr/subsys/bluetooth/host/libsubsys__bluetooth__host.a(gatt.c.obj)
 .text.bt_gatt_connected
                0x000000000000c204       0x20 zephyr/subsys/bluetooth/host/libsubsys__bluetooth__host.a(gatt.c.obj)
                0x000000000000c204                bt_gatt_connected
 .text.bt_gatt_att_max_mtu_changed
                0x000000000000c224       0x28 zephyr/subsys/bluetooth/host/libsubsys__bluetooth__host.a(gatt.c.obj)
                0x000000000000c224                bt_gatt_att_max_mtu_changed
 .text.bt_gatt_disconnected
                0x000000000000c24c       0x48 zephyr/subsys/bluetooth/host/libsubsys__bluetooth__host.a(gatt.c.obj)
                0x000000000000c24c                bt_gatt_disconnected
 .text.bt_smp_accept.part.0
                0x000000000000c294       0x30 zephyr/subsys/bluetooth/host/libsubsys__bluetooth__host.a(smp_null.c.obj)
 .text.bt_smp_accept
                0x000000000000c2c4       0x28 zephyr/subsys/bluetooth/host/libsubsys__bluetooth__host.a(smp_null.c.obj)
 .text.bt_ipc_send
                0x000000000000c2ec       0x54 zephyr/drivers/bluetooth/libdrivers__bluetooth.a(ipc.c.obj)
 .text.hci_ept_recv
                0x000000000000c340      0x1f0 zephyr/drivers/bluetooth/libdrivers__bluetooth.a(ipc.c.obj)
 .text.bt_ipc_open
                0x000000000000c530       0x7c zephyr/drivers/bluetooth/libdrivers__bluetooth.a(ipc.c.obj)
 .text.bt_ipc_close
                0x000000000000c5ac       0x68 zephyr/drivers/bluetooth/libdrivers__bluetooth.a(ipc.c.obj)
 .text.bt_hci_transport_setup
                0x000000000000c614       0x48 zephyr/drivers/bluetooth/libdrivers__bluetooth.a(nrf53_support.c.obj)
                0x000000000000c614                bt_hci_transport_setup
 .text.onoff_start
                0x000000000000c65c       0x3c zephyr/drivers/clock_control/libdrivers__clock_control.a(clock_control_nrf.c.obj)
 .text.get_status
                0x000000000000c698       0x3c zephyr/drivers/clock_control/libdrivers__clock_control.a(clock_control_nrf.c.obj)
 .text.stop     0x000000000000c6d4       0x7c zephyr/drivers/clock_control/libdrivers__clock_control.a(clock_control_nrf.c.obj)
 .text.onoff_stop
                0x000000000000c750       0x28 zephyr/drivers/clock_control/libdrivers__clock_control.a(clock_control_nrf.c.obj)
 .text.clk_init
                0x000000000000c778       0x64 zephyr/drivers/clock_control/libdrivers__clock_control.a(clock_control_nrf.c.obj)
 .text.api_blocking_start
                0x000000000000c7dc       0x3c zephyr/drivers/clock_control/libdrivers__clock_control.a(clock_control_nrf.c.obj)
 .text.generic_hfclk_stop
                0x000000000000c818       0x34 zephyr/drivers/clock_control/libdrivers__clock_control.a(clock_control_nrf.c.obj)
 .text.clkstarted_handle.constprop.0
                0x000000000000c84c       0x54 zephyr/drivers/clock_control/libdrivers__clock_control.a(clock_control_nrf.c.obj)
 .text.clock_event_handler
                0x000000000000c8a0       0x70 zephyr/drivers/clock_control/libdrivers__clock_control.a(clock_control_nrf.c.obj)
 .text.generic_hfclk_start
                0x000000000000c910       0x7c zephyr/drivers/clock_control/libdrivers__clock_control.a(clock_control_nrf.c.obj)
 .text.z_nrf_clock_control_lf_on
                0x000000000000c98c      0x13c zephyr/drivers/clock_control/libdrivers__clock_control.a(clock_control_nrf.c.obj)
                0x000000000000c98c                z_nrf_clock_control_lf_on
 .text.uart_console_init
                0x000000000000cac8       0x28 zephyr/drivers/console/libdrivers__console.a(uart_console.c.obj)
 .text.console_out
                0x000000000000caf0       0x28 zephyr/drivers/console/libdrivers__console.a(uart_console.c.obj)
 .text.mbox_nrf_init
                0x000000000000cb18       0x9c zephyr/drivers/mbox/libdrivers__mbox.a(mbox_nrfx_ipc.c.obj)
 .text.mbox_nrf_set_enabled
                0x000000000000cbb4       0x94 zephyr/drivers/mbox/libdrivers__mbox.a(mbox_nrfx_ipc.c.obj)
 .text.mbox_nrf_send
                0x000000000000cc48       0x44 zephyr/drivers/mbox/libdrivers__mbox.a(mbox_nrfx_ipc.c.obj)
 .text.mbox_dispatcher
                0x000000000000cc8c       0x60 zephyr/drivers/mbox/libdrivers__mbox.a(mbox_nrfx_ipc.c.obj)
 .text.nrf_gpio_pin_port_decode
                0x000000000000ccec       0x5c zephyr/drivers/pinctrl/libdrivers__pinctrl.a(pinctrl_nrf.c.obj)
 .text.pinctrl_configure_pins
                0x000000000000cd48      0x19c zephyr/drivers/pinctrl/libdrivers__pinctrl.a(pinctrl_nrf.c.obj)
                0x000000000000cd48                pinctrl_configure_pins
 .text.uarte_nrfx_poll_out
                0x000000000000cee4       0xb4 zephyr/drivers/serial/libdrivers__serial.a(uart_nrfx_uarte.c.obj)
 .text.uarte_0_init
                0x000000000000cf98      0x120 zephyr/drivers/serial/libdrivers__serial.a(uart_nrfx_uarte.c.obj)
 .text.compare_int_lock
                0x000000000000d0b8       0x40 zephyr/drivers/timer/libdrivers__timer.a(nrf_rtc_timer.c.obj)
 .text.sys_clock_timeout_handler
                0x000000000000d0f8       0x48 zephyr/drivers/timer/libdrivers__timer.a(nrf_rtc_timer.c.obj)
 .text.compare_int_unlock
                0x000000000000d140       0x4c zephyr/drivers/timer/libdrivers__timer.a(nrf_rtc_timer.c.obj)
 .text.z_nrf_rtc_timer_compare_evt_address_get
                0x000000000000d18c       0x34 zephyr/drivers/timer/libdrivers__timer.a(nrf_rtc_timer.c.obj)
                0x000000000000d18c                z_nrf_rtc_timer_compare_evt_address_get
 .text.z_nrf_rtc_timer_capture_task_address_get
                0x000000000000d1c0       0x34 zephyr/drivers/timer/libdrivers__timer.a(nrf_rtc_timer.c.obj)
                0x000000000000d1c0                z_nrf_rtc_timer_capture_task_address_get
 .text.z_nrf_rtc_timer_compare_read
                0x000000000000d1f4       0x38 zephyr/drivers/timer/libdrivers__timer.a(nrf_rtc_timer.c.obj)
                0x000000000000d1f4                z_nrf_rtc_timer_compare_read
 .text.z_nrf_rtc_timer_read
                0x000000000000d22c       0x44 zephyr/drivers/timer/libdrivers__timer.a(nrf_rtc_timer.c.obj)
                0x000000000000d22c                z_nrf_rtc_timer_read
 .text.compare_set
                0x000000000000d270      0x124 zephyr/drivers/timer/libdrivers__timer.a(nrf_rtc_timer.c.obj)
 .text.z_nrf_rtc_timer_set
                0x000000000000d394       0x40 zephyr/drivers/timer/libdrivers__timer.a(nrf_rtc_timer.c.obj)
                0x000000000000d394                z_nrf_rtc_timer_set
 .text.sys_clock_driver_init
                0x000000000000d3d4       0xa4 zephyr/drivers/timer/libdrivers__timer.a(nrf_rtc_timer.c.obj)
 .text.rtc_nrf_isr
                0x000000000000d478      0x100 zephyr/drivers/timer/libdrivers__timer.a(nrf_rtc_timer.c.obj)
                0x000000000000d478                rtc_nrf_isr
 .text.z_nrf_rtc_timer_chan_alloc
                0x000000000000d578       0x3c zephyr/drivers/timer/libdrivers__timer.a(nrf_rtc_timer.c.obj)
                0x000000000000d578                z_nrf_rtc_timer_chan_alloc
 .text.z_nrf_rtc_timer_chan_free
                0x000000000000d5b4       0x44 zephyr/drivers/timer/libdrivers__timer.a(nrf_rtc_timer.c.obj)
                0x000000000000d5b4                z_nrf_rtc_timer_chan_free
 .text.sys_clock_set_timeout
                0x000000000000d5f8       0x5c zephyr/drivers/timer/libdrivers__timer.a(nrf_rtc_timer.c.obj)
                0x000000000000d5f8                sys_clock_set_timeout
 .text.sys_clock_elapsed
                0x000000000000d654       0x14 zephyr/drivers/timer/libdrivers__timer.a(nrf_rtc_timer.c.obj)
                0x000000000000d654                sys_clock_elapsed
 .text.nrf53_errata_42
                0x000000000000d668       0x24 modules/hal_nordic/nrfx/libmodules__hal_nordic__nrfx.a(system_nrf5340_application.c.obj)
 .text.SystemCoreClockUpdate
                0x000000000000d68c       0x20 modules/hal_nordic/nrfx/libmodules__hal_nordic__nrfx.a(system_nrf5340_application.c.obj)
                0x000000000000d68c                SystemCoreClockUpdate
 .text.SystemInit
                0x000000000000d6ac      0x1c4 modules/hal_nordic/nrfx/libmodules__hal_nordic__nrfx.a(system_nrf5340_application.c.obj)
                0x000000000000d6ac                SystemInit
 .text.nrfx_flag32_alloc
                0x000000000000d870       0x40 modules/hal_nordic/nrfx/libmodules__hal_nordic__nrfx.a(nrfx_flag32_allocator.c.obj)
                0x000000000000d870                nrfx_flag32_alloc
 .text.nrfx_flag32_free
                0x000000000000d8b0       0x38 modules/hal_nordic/nrfx/libmodules__hal_nordic__nrfx.a(nrfx_flag32_allocator.c.obj)
                0x000000000000d8b0                nrfx_flag32_free
 .text.nrfx_gppi_channels_enable
                0x000000000000d8e8        0xc modules/hal_nordic/nrfx/libmodules__hal_nordic__nrfx.a(nrfx_gppi_dppi.c.obj)
                0x000000000000d8e8                nrfx_gppi_channels_enable
 .text.nrfx_gppi_channels_disable
                0x000000000000d8f4        0xc modules/hal_nordic/nrfx/libmodules__hal_nordic__nrfx.a(nrfx_gppi_dppi.c.obj)
                0x000000000000d8f4                nrfx_gppi_channels_disable
 .text.nrfx_gppi_event_endpoint_setup
                0x000000000000d900       0x30 modules/hal_nordic/nrfx/libmodules__hal_nordic__nrfx.a(nrfx_gppi_dppi.c.obj)
                0x000000000000d900                nrfx_gppi_event_endpoint_setup
 .text.nrfx_gppi_task_endpoint_setup
                0x000000000000d930       0x30 modules/hal_nordic/nrfx/libmodules__hal_nordic__nrfx.a(nrfx_gppi_dppi.c.obj)
                0x000000000000d930                nrfx_gppi_task_endpoint_setup
 .text.nrfx_gppi_event_endpoint_clear
                0x000000000000d960       0x2c modules/hal_nordic/nrfx/libmodules__hal_nordic__nrfx.a(nrfx_gppi_dppi.c.obj)
                0x000000000000d960                nrfx_gppi_event_endpoint_clear
 .text.nrfx_gppi_task_endpoint_clear
                0x000000000000d98c       0x2c modules/hal_nordic/nrfx/libmodules__hal_nordic__nrfx.a(nrfx_gppi_dppi.c.obj)
                0x000000000000d98c                nrfx_gppi_task_endpoint_clear
 .text.nrfx_gppi_channel_alloc
                0x000000000000d9b8        0xc modules/hal_nordic/nrfx/libmodules__hal_nordic__nrfx.a(nrfx_gppi_dppi.c.obj)
                0x000000000000d9b8                nrfx_gppi_channel_alloc
 .text.nrf53_errata_4
                0x000000000000d9c4       0x24 modules/hal_nordic/nrfx/libmodules__hal_nordic__nrfx.a(nrfx_clock.c.obj)
 .text.clock_stop
                0x000000000000d9e8      0x190 modules/hal_nordic/nrfx/libmodules__hal_nordic__nrfx.a(nrfx_clock.c.obj)
 .text.nrfx_clock_init
                0x000000000000db78       0x20 modules/hal_nordic/nrfx/libmodules__hal_nordic__nrfx.a(nrfx_clock.c.obj)
                0x000000000000db78                nrfx_clock_init
 .text.nrfx_clock_enable
                0x000000000000db98       0x58 modules/hal_nordic/nrfx/libmodules__hal_nordic__nrfx.a(nrfx_clock.c.obj)
                0x000000000000db98                nrfx_clock_enable
 .text.nrfx_clock_start
                0x000000000000dbf0      0x110 modules/hal_nordic/nrfx/libmodules__hal_nordic__nrfx.a(nrfx_clock.c.obj)
                0x000000000000dbf0                nrfx_clock_start
 .text.nrfx_clock_stop
                0x000000000000dd00       0x38 modules/hal_nordic/nrfx/libmodules__hal_nordic__nrfx.a(nrfx_clock.c.obj)
                0x000000000000dd00                nrfx_clock_stop
 .text.nrfx_clock_divider_set
                0x000000000000dd38       0xf8 modules/hal_nordic/nrfx/libmodules__hal_nordic__nrfx.a(nrfx_clock.c.obj)
                0x000000000000dd38                nrfx_clock_divider_set
 .text.nrfx_power_clock_irq_handler
                0x000000000000de30       0xb0 modules/hal_nordic/nrfx/libmodules__hal_nordic__nrfx.a(nrfx_clock.c.obj)
                0x000000000000de30                nrfx_power_clock_irq_handler
 .text.nrfx_dppi_channel_alloc
                0x000000000000dee0       0x10 modules/hal_nordic/nrfx/libmodules__hal_nordic__nrfx.a(nrfx_dppi.c.obj)
                0x000000000000dee0                nrfx_dppi_channel_alloc
 .text.nrfx_dppi_channel_free
                0x000000000000def0       0x1c modules/hal_nordic/nrfx/libmodules__hal_nordic__nrfx.a(nrfx_dppi.c.obj)
                0x000000000000def0                nrfx_dppi_channel_free
 .text.get_pin_idx
                0x000000000000df0c       0x14 modules/hal_nordic/nrfx/libmodules__hal_nordic__nrfx.a(nrfx_gpiote.c.obj)
 .text.nrf_gpio_pin_port_decode
                0x000000000000df20       0x68 modules/hal_nordic/nrfx/libmodules__hal_nordic__nrfx.a(nrfx_gpiote.c.obj)
 .text.nrf_gpiote_in_event_get
                0x000000000000df88       0x34 modules/hal_nordic/nrfx/libmodules__hal_nordic__nrfx.a(nrfx_gpiote.c.obj)
 .text.call_handler.constprop.0
                0x000000000000dfbc       0x40 modules/hal_nordic/nrfx/libmodules__hal_nordic__nrfx.a(nrfx_gpiote.c.obj)
 .text.pin_te_get.constprop.0
                0x000000000000dffc       0x18 modules/hal_nordic/nrfx/libmodules__hal_nordic__nrfx.a(nrfx_gpiote.c.obj)
 .text.pin_is_output.constprop.0
                0x000000000000e014       0x18 modules/hal_nordic/nrfx/libmodules__hal_nordic__nrfx.a(nrfx_gpiote.c.obj)
 .text.pin_has_trigger.constprop.0
                0x000000000000e02c       0x1c modules/hal_nordic/nrfx/libmodules__hal_nordic__nrfx.a(nrfx_gpiote.c.obj)
 .text.pin_in_use_by_te.constprop.0
                0x000000000000e048       0x18 modules/hal_nordic/nrfx/libmodules__hal_nordic__nrfx.a(nrfx_gpiote.c.obj)
 .text.latch_pending_read_and_check
                0x000000000000e060       0x3c modules/hal_nordic/nrfx/libmodules__hal_nordic__nrfx.a(nrfx_gpiote.c.obj)
 .text.release_handler.isra.0
                0x000000000000e09c       0x80 modules/hal_nordic/nrfx/libmodules__hal_nordic__nrfx.a(nrfx_gpiote.c.obj)
 .text.pin_in_event_get.isra.0
                0x000000000000e11c       0x8c modules/hal_nordic/nrfx/libmodules__hal_nordic__nrfx.a(nrfx_gpiote.c.obj)
 .text.__nrfy_internal_gpiote_events_process.constprop.0
                0x000000000000e1a8       0x64 modules/hal_nordic/nrfx/libmodules__hal_nordic__nrfx.a(nrfx_gpiote.c.obj)
 .text.nrfx_gpiote_input_configure
                0x000000000000e20c      0x16c modules/hal_nordic/nrfx/libmodules__hal_nordic__nrfx.a(nrfx_gpiote.c.obj)
                0x000000000000e20c                nrfx_gpiote_input_configure
 .text.nrfx_gpiote_init
                0x000000000000e378       0xa0 modules/hal_nordic/nrfx/libmodules__hal_nordic__nrfx.a(nrfx_gpiote.c.obj)
                0x000000000000e378                nrfx_gpiote_init
 .text.nrfx_gpiote_init_check
                0x000000000000e418       0x14 modules/hal_nordic/nrfx/libmodules__hal_nordic__nrfx.a(nrfx_gpiote.c.obj)
                0x000000000000e418                nrfx_gpiote_init_check
 .text.nrfx_gpiote_channel_alloc
                0x000000000000e42c        0xc modules/hal_nordic/nrfx/libmodules__hal_nordic__nrfx.a(nrfx_gpiote.c.obj)
                0x000000000000e42c                nrfx_gpiote_channel_alloc
 .text.nrfx_gpiote_trigger_enable
                0x000000000000e438       0xf8 modules/hal_nordic/nrfx/libmodules__hal_nordic__nrfx.a(nrfx_gpiote.c.obj)
                0x000000000000e438                nrfx_gpiote_trigger_enable
 .text.nrfx_gpiote_0_irq_handler
                0x000000000000e530      0x1b8 modules/hal_nordic/nrfx/libmodules__hal_nordic__nrfx.a(nrfx_gpiote.c.obj)
                0x000000000000e530                nrfx_gpiote_0_irq_handler
 .text.nrfx_ipc_init
                0x000000000000e6e8       0x50 modules/hal_nordic/nrfx/libmodules__hal_nordic__nrfx.a(nrfx_ipc.c.obj)
                0x000000000000e6e8                nrfx_ipc_init
 .text.nrfx_ipc_config_load
                0x000000000000e738       0x84 modules/hal_nordic/nrfx/libmodules__hal_nordic__nrfx.a(nrfx_ipc.c.obj)
                0x000000000000e738                nrfx_ipc_config_load
 .text.nrfx_ipc_receive_event_enable
                0x000000000000e7bc       0x3c modules/hal_nordic/nrfx/libmodules__hal_nordic__nrfx.a(nrfx_ipc.c.obj)
                0x000000000000e7bc                nrfx_ipc_receive_event_enable
 .text.nrfx_ipc_receive_event_disable
                0x000000000000e7f8       0x3c modules/hal_nordic/nrfx/libmodules__hal_nordic__nrfx.a(nrfx_ipc.c.obj)
                0x000000000000e7f8                nrfx_ipc_receive_event_disable
 .text.nrfx_ipc_irq_handler
                0x000000000000e834       0x68 modules/hal_nordic/nrfx/libmodules__hal_nordic__nrfx.a(nrfx_ipc.c.obj)
                0x000000000000e834                nrfx_ipc_irq_handler
 .text.timer_configure
                0x000000000000e89c       0x84 modules/hal_nordic/nrfx/libmodules__hal_nordic__nrfx.a(nrfx_timer.c.obj)
 .text.nrfx_timer_init
                0x000000000000e920       0x94 modules/hal_nordic/nrfx/libmodules__hal_nordic__nrfx.a(nrfx_timer.c.obj)
                0x000000000000e920                nrfx_timer_init
 .text.nrfx_timer_enable
                0x000000000000e9b4       0x48 modules/hal_nordic/nrfx/libmodules__hal_nordic__nrfx.a(nrfx_timer.c.obj)
                0x000000000000e9b4                nrfx_timer_enable
 .text.nrfx_timer_is_enabled
                0x000000000000e9fc       0x3c modules/hal_nordic/nrfx/libmodules__hal_nordic__nrfx.a(nrfx_timer.c.obj)
                0x000000000000e9fc                nrfx_timer_is_enabled
 .text.nrfx_timer_clear
                0x000000000000ea38       0x40 modules/hal_nordic/nrfx/libmodules__hal_nordic__nrfx.a(nrfx_timer.c.obj)
                0x000000000000ea38                nrfx_timer_clear
 .text.nrfx_timer_0_irq_handler
                0x000000000000ea78       0x6c modules/hal_nordic/nrfx/libmodules__hal_nordic__nrfx.a(nrfx_timer.c.obj)
                0x000000000000ea78                nrfx_timer_0_irq_handler
 .text.metal_generic_dev_open
                0x000000000000eae4       0x40 modules/libmetal/libmetal/lib/libmetal.a(device.c.obj)
                0x000000000000eae4                metal_generic_dev_open
 .text.metal_bus_unregister
                0x000000000000eb24       0x3c modules/libmetal/libmetal/lib/libmetal.a(device.c.obj)
                0x000000000000eb24                metal_bus_unregister
 .text.metal_bus_find
                0x000000000000eb60       0x3c modules/libmetal/libmetal/lib/libmetal.a(device.c.obj)
                0x000000000000eb60                metal_bus_find
 .text.metal_bus_register
                0x000000000000eb9c       0x5c modules/libmetal/libmetal/lib/libmetal.a(device.c.obj)
                0x000000000000eb9c                metal_bus_register
 .text.metal_device_close
                0x000000000000ebf8       0x38 modules/libmetal/libmetal/lib/libmetal.a(device.c.obj)
                0x000000000000ebf8                metal_device_close
 .text.metal_register_generic_device
                0x000000000000ec30       0x3c modules/libmetal/libmetal/lib/libmetal.a(device.c.obj)
                0x000000000000ec30                metal_register_generic_device
 .text.metal_init
                0x000000000000ec6c       0x4c modules/libmetal/libmetal/lib/libmetal.a(init.c.obj)
                0x000000000000ec6c                metal_init
 .text.metal_finish
                0x000000000000ecb8       0x24 modules/libmetal/libmetal/lib/libmetal.a(init.c.obj)
                0x000000000000ecb8                metal_finish
 .text.metal_sys_init
                0x000000000000ecdc       0x10 modules/libmetal/libmetal/lib/libmetal.a(init.c.obj)
                0x000000000000ecdc                metal_sys_init
 .text.metal_sys_finish
                0x000000000000ecec        0xc modules/libmetal/libmetal/lib/libmetal.a(init.c.obj)
                0x000000000000ecec                metal_sys_finish
 .text.metal_zephyr_log_handler
                0x000000000000ecf8       0x3c modules/libmetal/libmetal/lib/libmetal.a(log.c.obj)
                0x000000000000ecf8                metal_zephyr_log_handler
 .text.virtio_create_virtqueues
                0x000000000000ed34       0xbc modules/open-amp/open-amp/lib/libopen_amp.a(virtio.c.obj)
                0x000000000000ed34                virtio_create_virtqueues
 .text.virtqueue_free
                0x000000000000edf0       0x38 modules/open-amp/open-amp/lib/libopen_amp.a(virtqueue.c.obj)
                0x000000000000edf0                virtqueue_free
 .text.virtqueue_add_consumed_buffer
                0x000000000000ee28       0x38 modules/open-amp/open-amp/lib/libopen_amp.a(virtqueue.c.obj)
                0x000000000000ee28                virtqueue_add_consumed_buffer
 .text.rpmsg_send_offchannel_raw
                0x000000000000ee60       0x2c modules/open-amp/open-amp/lib/libopen_amp.a(rpmsg.c.obj)
                0x000000000000ee60                rpmsg_send_offchannel_raw
 .text.rpmsg_send_offchannel_nocopy
                0x000000000000ee8c       0x2c modules/open-amp/open-amp/lib/libopen_amp.a(rpmsg.c.obj)
                0x000000000000ee8c                rpmsg_send_offchannel_nocopy
 .text.rpmsg_register_endpoint
                0x000000000000eeb8       0x48 modules/open-amp/open-amp/lib/libopen_amp.a(rpmsg.c.obj)
                0x000000000000eeb8                rpmsg_register_endpoint
 .text.rpmsg_create_ept
                0x000000000000ef00      0x114 modules/open-amp/open-amp/lib/libopen_amp.a(rpmsg.c.obj)
                0x000000000000ef00                rpmsg_create_ept
 .text.rpmsg_virtio_buf_held_dec_test
                0x000000000000f014       0x38 modules/open-amp/open-amp/lib/libopen_amp.a(rpmsg_virtio.c.obj)
 .text.rpmsg_virtio_get_tx_buffer_size
                0x000000000000f04c       0x4c modules/open-amp/open-amp/lib/libopen_amp.a(rpmsg_virtio.c.obj)
                0x000000000000f04c                rpmsg_virtio_get_tx_buffer_size
 .text.rpmsg_virtio_get_rx_buffer_size
                0x000000000000f098       0x4c modules/open-amp/open-amp/lib/libopen_amp.a(rpmsg_virtio.c.obj)
                0x000000000000f098                rpmsg_virtio_get_rx_buffer_size
 .text.rpmsg_virtio_send_offchannel_nocopy
                0x000000000000f0e4       0xe8 modules/open-amp/open-amp/lib/libopen_amp.a(rpmsg_virtio.c.obj)
 .text.rpmsg_virtio_release_rx_buffer_nolock.isra.0
                0x000000000000f1cc       0x88 modules/open-amp/open-amp/lib/libopen_amp.a(rpmsg_virtio.c.obj)
 .text.rpmsg_virtio_rx_callback
                0x000000000000f254       0xfc modules/open-amp/open-amp/lib/libopen_amp.a(rpmsg_virtio.c.obj)
 .text.rpmsg_virtio_send_offchannel_raw
                0x000000000000f350       0x84 modules/open-amp/open-amp/lib/libopen_amp.a(rpmsg_virtio.c.obj)
 .text.rpmsg_init_vdev_with_config
                0x000000000000f3d4      0x2ac modules/open-amp/open-amp/lib/libopen_amp.a(rpmsg_virtio.c.obj)
                0x000000000000f3d4                rpmsg_init_vdev_with_config
 .text.rpmsg_init_vdev
                0x000000000000f680       0x2c modules/open-amp/open-amp/lib/libopen_amp.a(rpmsg_virtio.c.obj)
                0x000000000000f680                rpmsg_init_vdev
 .text.z_device_state_init
                0x000000000000f6ac       0x44 zephyr/kernel/libkernel.a(device.c.obj)
                0x000000000000f6ac                z_device_state_init
 .text.k_sys_fatal_error_handler
                0x000000000000f6f0       0x20 zephyr/kernel/libkernel.a(fatal.c.obj)
                0x000000000000f6f0                k_sys_fatal_error_handler
 .text.z_fatal_error
                0x000000000000f710      0x118 zephyr/kernel/libkernel.a(fatal.c.obj)
                0x000000000000f710                z_fatal_error
 .text.z_sys_init_run_level
                0x000000000000f828       0x2c zephyr/kernel/libkernel.a(init.c.obj)
 .text.bg_thread_main
                0x000000000000f854      0x10c zephyr/kernel/libkernel.a(init.c.obj)
 .text.z_bss_zero
                0x000000000000f960       0x18 zephyr/kernel/libkernel.a(init.c.obj)
                0x000000000000f960                z_bss_zero
 .text.z_init_cpu
                0x000000000000f978       0x68 zephyr/kernel/libkernel.a(init.c.obj)
                0x000000000000f978                z_init_cpu
 .text.z_cstart
                0x000000000000f9e0       0xe4 zephyr/kernel/libkernel.a(init.c.obj)
                0x000000000000f9e0                z_cstart
 .text.statics_init
                0x000000000000fac4       0x50 zephyr/kernel/libkernel.a(kheap.c.obj)
 .text.k_heap_aligned_alloc
                0x000000000000fb14      0x13c zephyr/kernel/libkernel.a(kheap.c.obj)
                0x000000000000fb14                k_heap_aligned_alloc
 .text.k_heap_free
                0x000000000000fc50       0xa8 zephyr/kernel/libkernel.a(kheap.c.obj)
                0x000000000000fc50                k_heap_free
 .text.init_mem_slab_obj_core_list
                0x000000000000fcf8       0x50 zephyr/kernel/libkernel.a(mem_slab.c.obj)
 .text.k_mem_slab_alloc
                0x000000000000fd48      0x118 zephyr/kernel/libkernel.a(mem_slab.c.obj)
                0x000000000000fd48                k_mem_slab_alloc
 .text.k_mem_slab_free
                0x000000000000fe60      0x104 zephyr/kernel/libkernel.a(mem_slab.c.obj)
                0x000000000000fe60                k_mem_slab_free
 .text.idle     0x000000000000ff64       0x48 zephyr/kernel/libkernel.a(idle.c.obj)
                0x000000000000ff64                idle
 .text.z_impl_k_mutex_lock
                0x000000000000ffac      0x1a0 zephyr/kernel/libkernel.a(mutex.c.obj)
                0x000000000000ffac                z_impl_k_mutex_lock
 .text.z_impl_k_mutex_unlock
                0x000000000001014c      0x11c zephyr/kernel/libkernel.a(mutex.c.obj)
                0x000000000001014c                z_impl_k_mutex_unlock
 .text.queue_insert
                0x0000000000010268      0x138 zephyr/kernel/libkernel.a(queue.c.obj)
 .text.z_impl_k_queue_get
                0x00000000000103a0       0xd8 zephyr/kernel/libkernel.a(queue.c.obj)
                0x00000000000103a0                z_impl_k_queue_get
 .text.z_impl_k_sem_give
                0x0000000000010478       0x84 zephyr/kernel/libkernel.a(sem.c.obj)
                0x0000000000010478                z_impl_k_sem_give
 .text.z_impl_k_sem_take
                0x00000000000104fc       0xf4 zephyr/kernel/libkernel.a(sem.c.obj)
                0x00000000000104fc                z_impl_k_sem_take
 .text.k_sys_work_q_init
                0x00000000000105f0       0x34 zephyr/kernel/libkernel.a(system_work_q.c.obj)
 .text.work_queue_main
                0x0000000000010624      0x1e4 zephyr/kernel/libkernel.a(work.c.obj)
 .text.cancel_sync_locked
                0x0000000000010808       0x3c zephyr/kernel/libkernel.a(work.c.obj)
 .text.submit_to_queue_locked
                0x0000000000010844       0xd8 zephyr/kernel/libkernel.a(work.c.obj)
 .text.work_timeout
                0x000000000001091c       0xa8 zephyr/kernel/libkernel.a(work.c.obj)
 .text.k_work_init
                0x00000000000109c4       0x4c zephyr/kernel/libkernel.a(work.c.obj)
                0x00000000000109c4                k_work_init
 .text.work_flush_locked
                0x0000000000010a10       0xb4 zephyr/kernel/libkernel.a(work.c.obj)
 .text.z_work_submit_to_queue
                0x0000000000010ac4       0xd4 zephyr/kernel/libkernel.a(work.c.obj)
                0x0000000000010ac4                z_work_submit_to_queue
 .text.k_work_submit
                0x0000000000010b98        0xc zephyr/kernel/libkernel.a(work.c.obj)
                0x0000000000010b98                k_work_submit
 .text.k_work_flush
                0x0000000000010ba4      0x11c zephyr/kernel/libkernel.a(work.c.obj)
                0x0000000000010ba4                k_work_flush
 .text.k_work_queue_init
                0x0000000000010cc0       0x34 zephyr/kernel/libkernel.a(work.c.obj)
                0x0000000000010cc0                k_work_queue_init
 .text.k_work_queue_start