Archive member included to satisfy reference by file (symbol)

app/libapp.a(main.c.obj)      (--whole-archive)
app/libapp.a(joybus.c.obj)    (--whole-archive)
zephyr/libzephyr.a(heap.c.obj)
                              (--whole-archive)
zephyr/libzephyr.a(cbprintf_packaged.c.obj)
                              (--whole-archive)
zephyr/libzephyr.a(printk.c.obj)
                              (--whole-archive)
zephyr/libzephyr.a(sem.c.obj)
                              (--whole-archive)
zephyr/libzephyr.a(thread_entry.c.obj)
                              (--whole-archive)
zephyr/libzephyr.a(cbprintf_complete.c.obj)
                              (--whole-archive)
zephyr/libzephyr.a(assert.c.obj)
                              (--whole-archive)
zephyr/libzephyr.a(mpsc_pbuf.c.obj)
                              (--whole-archive)
zephyr/libzephyr.a(dec.c.obj)
                              (--whole-archive)
zephyr/libzephyr.a(hex.c.obj)
                              (--whole-archive)
zephyr/libzephyr.a(rb.c.obj)  (--whole-archive)
zephyr/libzephyr.a(timeutil.c.obj)
                              (--whole-archive)
zephyr/libzephyr.a(bitarray.c.obj)
                              (--whole-archive)
zephyr/libzephyr.a(onoff.c.obj)
                              (--whole-archive)
zephyr/libzephyr.a(notify.c.obj)
                              (--whole-archive)
zephyr/libzephyr.a(configs.c.obj)
                              (--whole-archive)
zephyr/libzephyr.a(ipc_service.c.obj)
                              (--whole-archive)
zephyr/libzephyr.a(ipc_rpmsg_static_vrings.c.obj)
                              (--whole-archive)
zephyr/libzephyr.a(ipc_rpmsg.c.obj)
                              (--whole-archive)
zephyr/libzephyr.a(ipc_static_vrings.c.obj)
                              (--whole-archive)
zephyr/libzephyr.a(log_core.c.obj)
                              (--whole-archive)
zephyr/libzephyr.a(log_mgmt.c.obj)
                              (--whole-archive)
zephyr/libzephyr.a(log_cache.c.obj)
                              (--whole-archive)
zephyr/libzephyr.a(log_msg.c.obj)
                              (--whole-archive)
zephyr/libzephyr.a(log_output.c.obj)
                              (--whole-archive)
zephyr/libzephyr.a(log_backend_uart.c.obj)
                              (--whole-archive)
zephyr/libzephyr.a(mem_attr.c.obj)
                              (--whole-archive)
zephyr/libzephyr.a(tracing_none.c.obj)
                              (--whole-archive)
zephyr/libzephyr.a(banner.c.obj)
                              (--whole-archive)
zephyr/libzephyr.a(hci_vs_sdc.c.obj)
                              (--whole-archive)
zephyr/libzephyr.a(host_extensions.c.obj)
                              (--whole-archive)
zephyr/libzephyr.a(flash_map_partition_manager.c.obj)
                              (--whole-archive)
zephyr/libzephyr.a(utils.c.obj)
                              (--whole-archive)
zephyr/libzephyr.a(aes_decrypt.c.obj)
                              (--whole-archive)
zephyr/libzephyr.a(aes_encrypt.c.obj)
                              (--whole-archive)
zephyr/libzephyr.a(cmac_mode.c.obj)
                              (--whole-archive)
zephyr/libzephyr.a(sha256.c.obj)
                              (--whole-archive)
zephyr/libzephyr.a(hmac.c.obj)
                              (--whole-archive)
zephyr/libzephyr.a(hmac_prng.c.obj)
                              (--whole-archive)
zephyr/libzephyr.a(nrf_cc3xx_platform_abort_zephyr.c.obj)
                              (--whole-archive)
zephyr/libzephyr.a(nrf_cc3xx_platform_mutex_zephyr.c.obj)
                              (--whole-archive)
zephyr/arch/common/libarch__common.a(sw_isr_common.c.obj)
                              (--whole-archive)
zephyr/arch/arch/arm/core/libarch__arm__core.a(fatal.c.obj)
                              (--whole-archive)
zephyr/arch/arch/arm/core/libarch__arm__core.a(nmi.c.obj)
                              (--whole-archive)
zephyr/arch/arch/arm/core/libarch__arm__core.a(nmi_on_reset.S.obj)
                              (--whole-archive)
zephyr/arch/arch/arm/core/libarch__arm__core.a(tls.c.obj)
                              (--whole-archive)
zephyr/arch/arch/arm/core/cortex_m/libarch__arm__core__cortex_m.a(exc_exit.c.obj)
                              (--whole-archive)
zephyr/arch/arch/arm/core/cortex_m/libarch__arm__core__cortex_m.a(fault.c.obj)
                              (--whole-archive)
zephyr/arch/arch/arm/core/cortex_m/libarch__arm__core__cortex_m.a(fault_s.S.obj)
                              (--whole-archive)
zephyr/arch/arch/arm/core/cortex_m/libarch__arm__core__cortex_m.a(fpu.c.obj)
                              (--whole-archive)
zephyr/arch/arch/arm/core/cortex_m/libarch__arm__core__cortex_m.a(reset.S.obj)
                              (--whole-archive)
zephyr/arch/arch/arm/core/cortex_m/libarch__arm__core__cortex_m.a(scb.c.obj)
                              (--whole-archive)
[...]
Memory Configuration

Name             Origin             Length             Attributes
FLASH            0x0000000000000000 0x0000000000100000 xr
RAM              0x0000000020000000 0x0000000000070000 xw
IDT_LIST         0x00000000ffff7fff 0x0000000000008000 xw
*default*        0x0000000000000000 0xffffffffffffffff

Linker script and memory map

                0x0000000000010be0                vfprintf = __l_vfprintf
                0x0000000000000000                vfscanf = __l_vfscanf
LOAD zephyr/CMakeFiles/zephyr_final.dir/misc/empty_file.c.obj
LOAD zephyr/CMakeFiles/zephyr_final.dir/isr_tables.c.obj
LOAD zephyr/CMakeFiles/offsets.dir/./arch/arm/core/offsets/offsets.c.obj
LOAD app/libapp.a
LOAD zephyr/libzephyr.a
LOAD zephyr/arch/common/libarch__common.a
LOAD zephyr/arch/arch/arm/core/libarch__arm__core.a
LOAD zephyr/arch/arch/arm/core/cortex_m/libarch__arm__core__cortex_m.a
LOAD zephyr/arch/arch/arm/core/cortex_m/cmse/libarch__arm__core__cortex_m__cmse.a
LOAD zephyr/arch/arch/arm/core/mpu/libarch__arm__core__mpu.a
LOAD zephyr/lib/libc/picolibc/liblib__libc__picolibc.a
LOAD zephyr/lib/libc/common/liblib__libc__common.a
LOAD zephyr/lib/net_buf/liblib__net_buf.a
LOAD zephyr/soc/soc/nrf5340/libsoc__nordic.a
LOAD zephyr/subsys/bluetooth/common/libsubsys__bluetooth__common.a
LOAD zephyr/subsys/bluetooth/host/libsubsys__bluetooth__host.a
LOAD zephyr/drivers/bluetooth/libdrivers__bluetooth.a
LOAD zephyr/drivers/clock_control/libdrivers__clock_control.a
LOAD zephyr/drivers/console/libdrivers__console.a
LOAD zephyr/drivers/mbox/libdrivers__mbox.a
LOAD zephyr/drivers/pinctrl/libdrivers__pinctrl.a
LOAD zephyr/drivers/serial/libdrivers__serial.a
LOAD zephyr/drivers/timer/libdrivers__timer.a
LOAD modules/nrf/drivers/hw_cc3xx/lib..__nrf__drivers__hw_cc3xx.a
LOAD modules/hal_nordic/nrfx/libmodules__hal_nordic__nrfx.a
LOAD modules/libmetal/libmetal/lib/libmetal.a
LOAD modules/open-amp/open-amp/lib/libopen_amp.a
LOAD zephyr/kernel/libkernel.a
LOAD zephyr/arch/common/libisr_tables.a
LOAD C:/ncs/v2.9.1/nrfxlib/crypto/nrf_cc312_platform/lib/cortex-m33/soft-float/no-interrupts/libnrf_cc312_platform_0.9.19.a
LOAD c:\ncs\toolchains\b620d30767\opt\zephyr-sdk\arm-zephyr-eabi\bin\../lib/gcc/../../picolibc/arm-zephyr-eabi/lib/thumb/v8-m.main/nofp\libc.a
LOAD c:/ncs/toolchains/b620d30767/opt/zephyr-sdk/arm-zephyr-eabi/bin/../lib/gcc/arm-zephyr-eabi/12.2.0/thumb/v8-m.main/nofp\libgcc.a
                0x0000000000000020                _region_min_align = 0x20

.rel.plt        0x0000000000000000        0x0
 *(SORT_BY_ALIGNMENT(.rel.plt))
                [!provide]                        PROVIDE (__rel_iplt_start = .)
 *(SORT_BY_ALIGNMENT(.rel.iplt))
 .rel.iplt      0x0000000000000000        0x0 zephyr/CMakeFiles/zephyr_final.dir/isr_tables.c.obj
                [!provide]                        PROVIDE (__rel_iplt_end = .)

.rela.plt       0x0000000000000000        0x0
 *(SORT_BY_ALIGNMENT(.rela.plt))
                [!provide]                        PROVIDE (__rela_iplt_start = .)
 *(SORT_BY_ALIGNMENT(.rela.iplt))
                [!provide]                        PROVIDE (__rela_iplt_end = .)

.rel.dyn
 *(SORT_BY_ALIGNMENT(.rel.*))

.rela.dyn
 *(SORT_BY_ALIGNMENT(.rela.*))

/DISCARD/
 *(SORT_BY_ALIGNMENT(.plt))

/DISCARD/
 *(SORT_BY_ALIGNMENT(.iplt))
                0x0000000000000000                __rom_region_start = 0x0

rom_start       0x0000000000000000      0x154
                0x0000000000000000                __rom_start_address = .
 FILL mask 0x00
                0x0000000000000000                . = (. + (0x0 - (. - __rom_start_address)))
                0x0000000000000000                . = ALIGN (0x4)
                0x0000000000000000                . = ALIGN (0x80)
                0x0000000000000000                . = ALIGN (0x200)
                0x0000000000000000                _vector_start = .
 *(SORT_BY_ALIGNMENT(.exc_vector_table))
 *(SORT_BY_ALIGNMENT(.exc_vector_table.*))
 .exc_vector_table._vector_table_section
                0x0000000000000000       0x40 zephyr/arch/arch/arm/core/cortex_m/libarch__arm__core__cortex_m.a(vector_table.S.obj)
                0x0000000000000000                _vector_table
 *(SORT_BY_ALIGNMENT(.vectors))
                0x0000000000000154                _vector_end = .
                0x0000000000000040                . = ALIGN (0x4)
 *(SORT_BY_ALIGNMENT(.gnu.linkonce.irq_vector_table*))
 .gnu.linkonce.irq_vector_table
                0x0000000000000040      0x114 zephyr/CMakeFiles/zephyr_final.dir/isr_tables.c.obj
                0x0000000000000040                _irq_vector_table
                0x0000000000000154                _vector_end = .

text            0x0000000000000154    0x14c94
                0x0000000000000154                __text_region_start = .
 *(SORT_BY_ALIGNMENT(.text))
 .text          0x0000000000000154       0x14 c:\ncs\toolchains\b620d30767\opt\zephyr-sdk\arm-zephyr-eabi\bin\../lib/gcc/../../picolibc/arm-zephyr-eabi/lib/thumb/v8-m.main/nofp\libc.a(strcmp.S.o)
                0x0000000000000154                strcmp
 .text          0x0000000000000168       0x10 c:\ncs\toolchains\b620d30767\opt\zephyr-sdk\arm-zephyr-eabi\bin\../lib/gcc/../../picolibc/arm-zephyr-eabi/lib/thumb/v8-m.main/nofp\libc.a(strcpy.S.o)
                0x0000000000000168                strcpy
 .text          0x0000000000000178       0x10 c:\ncs\toolchains\b620d30767\opt\zephyr-sdk\arm-zephyr-eabi\bin\../lib/gcc/../../picolibc/arm-zephyr-eabi/lib/thumb/v8-m.main/nofp\libc.a(strlen.S.o)
                0x0000000000000178                strlen
 *(SORT_BY_ALIGNMENT(.text.*))
 .text.main     0x0000000000000188      0x220 app/libapp.a(main.c.obj)
                0x0000000000000188                main
 .text.joybus_ccc_button_cfg_changed
                0x00000000000003a8       0x10 app/libapp.a(joybus.c.obj)
 .text.joybus_ccc_input_response_cfg_changed
                0x00000000000003b8       0x10 app/libapp.a(joybus.c.obj)
 .text.write_led
                0x00000000000003c8       0x3c app/libapp.a(joybus.c.obj)
 .text.read_button
                0x0000000000000404       0x44 app/libapp.a(joybus.c.obj)
 .text.sys_heap_free
                0x0000000000000448       0x9c zephyr/libzephyr.a(heap.c.obj)
                0x0000000000000448                sys_heap_free
 .text.sys_heap_aligned_alloc
                0x00000000000004e4      0x118 zephyr/libzephyr.a(heap.c.obj)
                0x00000000000004e4                sys_heap_aligned_alloc
 .text.sys_heap_init
                0x00000000000005fc      0x134 zephyr/libzephyr.a(heap.c.obj)
                0x00000000000005fc                sys_heap_init
 .text.cbvprintf_package
                0x0000000000000730      0x42c zephyr/libzephyr.a(cbprintf_packaged.c.obj)
                0x0000000000000730                cbvprintf_package
 .text.cbprintf_package_convert
                0x0000000000000b5c      0x46c zephyr/libzephyr.a(cbprintf_packaged.c.obj)
                0x0000000000000b5c                cbprintf_package_convert
 .text.__printk_hook_install
                0x0000000000000fc8        0xc zephyr/libzephyr.a(printk.c.obj)
                0x0000000000000fc8                __printk_hook_install
 .text.z_thread_entry
                0x0000000000000fd4       0x34 zephyr/libzephyr.a(thread_entry.c.obj)
                0x0000000000000fd4                z_thread_entry
 .text.mpsc_pbuf_init
                0x0000000000001008       0x64 zephyr/libzephyr.a(mpsc_pbuf.c.obj)
                0x0000000000001008                mpsc_pbuf_init
 .text.mpsc_pbuf_alloc
                0x000000000000106c      0x184 zephyr/libzephyr.a(mpsc_pbuf.c.obj)
                0x000000000000106c                mpsc_pbuf_alloc
 .text.mpsc_pbuf_commit
                0x00000000000011f0       0xb0 zephyr/libzephyr.a(mpsc_pbuf.c.obj)
                0x00000000000011f0                mpsc_pbuf_commit
 .text.mpsc_pbuf_claim
                0x00000000000012a0      0x110 zephyr/libzephyr.a(mpsc_pbuf.c.obj)
                0x00000000000012a0                mpsc_pbuf_claim
 .text.mpsc_pbuf_free
                0x00000000000013b0       0xe4 zephyr/libzephyr.a(mpsc_pbuf.c.obj)
                0x00000000000013b0                mpsc_pbuf_free
 .text.mpsc_pbuf_is_pending
                0x0000000000001494       0xa4 zephyr/libzephyr.a(mpsc_pbuf.c.obj)
                0x0000000000001494                mpsc_pbuf_is_pending
 .text.process_event
                0x0000000000001538      0x3ac zephyr/libzephyr.a(onoff.c.obj)
 .text.transition_complete
                0x00000000000018e4       0x64 zephyr/libzephyr.a(onoff.c.obj)
 .text.onoff_request
                0x0000000000001948      0x130 zephyr/libzephyr.a(onoff.c.obj)
                0x0000000000001948                onoff_request
 .text.onoff_release
                0x0000000000001a78       0xd8 zephyr/libzephyr.a(onoff.c.obj)
                0x0000000000001a78                onoff_release
 .text.sys_notify_finalize
                0x0000000000001b50       0x58 zephyr/libzephyr.a(notify.c.obj)
                0x0000000000001b50                sys_notify_finalize
 .text.ipc_service_open_instance
                0x0000000000001ba8       0x40 zephyr/libzephyr.a(ipc_service.c.obj)
                0x0000000000001ba8                ipc_service_open_instance
 .text.ipc_service_close_instance
                0x0000000000001be8       0x40 zephyr/libzephyr.a(ipc_service.c.obj)
                0x0000000000001be8                ipc_service_close_instance
 .text.ipc_service_register_endpoint
                0x0000000000001c28       0x44 zephyr/libzephyr.a(ipc_service.c.obj)
                0x0000000000001c28                ipc_service_register_endpoint
 .text.ipc_service_deregister_endpoint
                0x0000000000001c6c       0x58 zephyr/libzephyr.a(ipc_service.c.obj)
                0x0000000000001c6c                ipc_service_deregister_endpoint
 .text.ipc_service_send
                0x0000000000001cc4       0x5c zephyr/libzephyr.a(ipc_service.c.obj)
                0x0000000000001cc4                ipc_service_send
 .text.shared_memory_prepare
                0x0000000000001d20       0x14 zephyr/libzephyr.a(ipc_rpmsg_static_vrings.c.obj)
 .text.advertise_ept
                0x0000000000001d34       0x44 zephyr/libzephyr.a(ipc_rpmsg_static_vrings.c.obj)
 .text.get_ept  0x0000000000001d78       0x28 zephyr/libzephyr.a(ipc_rpmsg_static_vrings.c.obj)
 .text.open     0x0000000000001da0      0x1b8 zephyr/libzephyr.a(ipc_rpmsg_static_vrings.c.obj)
 .text.bound_cb
                0x0000000000001f58       0x30 zephyr/libzephyr.a(ipc_rpmsg_static_vrings.c.obj)
 .text.send     0x0000000000001f88       0x4c zephyr/libzephyr.a(ipc_rpmsg_static_vrings.c.obj)
 .text.register_ept
                0x0000000000001fd4       0xe0 zephyr/libzephyr.a(ipc_rpmsg_static_vrings.c.obj)
 .text.deregister_ept
                0x00000000000020b4       0x44 zephyr/libzephyr.a(ipc_rpmsg_static_vrings.c.obj)
 .text.ns_bind_cb
                0x00000000000020f8       0x6c zephyr/libzephyr.a(ipc_rpmsg.c.obj)
 .text.ipc_rpmsg_register_ept
                0x0000000000002164       0x3c zephyr/libzephyr.a(ipc_rpmsg.c.obj)
                0x0000000000002164                ipc_rpmsg_register_ept
 .text.ipc_rpmsg_init
                0x00000000000021a0       0x70 zephyr/libzephyr.a(ipc_rpmsg.c.obj)
                0x00000000000021a0                ipc_rpmsg_init
 .text.ipc_static_vrings_init
                0x0000000000002210      0x108 zephyr/libzephyr.a(ipc_static_vrings.c.obj)
                0x0000000000002210                ipc_static_vrings_init
 .text.enable_logger
                0x0000000000002318       0x5c zephyr/libzephyr.a(log_core.c.obj)
 .text.activate_foreach_backend
                0x0000000000002374       0x64 zephyr/libzephyr.a(log_core.c.obj)
 .text.z_log_init
                0x00000000000023d8       0xe0 zephyr/libzephyr.a(log_core.c.obj)
 .text.log_process_thread_timer_expiry_fn
                0x00000000000024b8        0xc zephyr/libzephyr.a(log_core.c.obj)
 .text.log_format_func_t_get
                0x00000000000024c4        0xc zephyr/libzephyr.a(log_core.c.obj)
                0x00000000000024c4                log_format_func_t_get
 .text.log_set_timestamp_func
                0x00000000000024d0       0x20 zephyr/libzephyr.a(log_core.c.obj)
                0x00000000000024d0                log_set_timestamp_func
 .text.z_log_notify_backend_enabled
                0x00000000000024f0       0x1c zephyr/libzephyr.a(log_core.c.obj)
                0x00000000000024f0                z_log_notify_backend_enabled
 .text.z_log_dropped
                0x000000000000250c       0x3c zephyr/libzephyr.a(log_core.c.obj)
                0x000000000000250c                z_log_dropped
 .text.z_log_dropped_read_and_clear
                0x0000000000002548       0x18 zephyr/libzephyr.a(log_core.c.obj)
                0x0000000000002548                z_log_dropped_read_and_clear
 .text.dropped_notify
                0x0000000000002560       0x60 zephyr/libzephyr.a(log_core.c.obj)
                0x0000000000002560                dropped_notify
 .text.z_log_msg_init
                0x00000000000025c0       0x20 zephyr/libzephyr.a(log_core.c.obj)
                0x00000000000025c0                z_log_msg_init
 .text.log_core_init
                0x00000000000025e0       0x34 zephyr/libzephyr.a(log_core.c.obj)
                0x00000000000025e0                log_core_init
 .text.z_log_msg_alloc
                0x0000000000002614       0x10 zephyr/libzephyr.a(log_core.c.obj)
                0x0000000000002614                z_log_msg_alloc
 .text.z_log_msg_local_claim
                0x0000000000002624        0xc zephyr/libzephyr.a(log_core.c.obj)
                0x0000000000002624                z_log_msg_local_claim
 .text.z_log_msg_free
                0x0000000000002630       0x10 zephyr/libzephyr.a(log_core.c.obj)
                0x0000000000002630                z_log_msg_free
 .text.z_log_msg_pending
                0x0000000000002640        0xc zephyr/libzephyr.a(log_core.c.obj)
                0x0000000000002640                z_log_msg_pending
 .text.z_impl_log_process
                0x000000000000264c       0xe4 zephyr/libzephyr.a(log_core.c.obj)
                0x000000000000264c                z_impl_log_process
 .text.z_impl_log_panic
                0x0000000000002730       0x74 zephyr/libzephyr.a(log_core.c.obj)
                0x0000000000002730                z_impl_log_panic
 .text.log_process_thread_func
                0x00000000000027a4       0xf4 zephyr/libzephyr.a(log_core.c.obj)
 .text.z_log_msg_post_finalize
                0x0000000000002898       0xe4 zephyr/libzephyr.a(log_core.c.obj)
 .text.z_log_msg_commit
                0x000000000000297c       0x24 zephyr/libzephyr.a(log_core.c.obj)
                0x000000000000297c                z_log_msg_commit
 .text.log_source_name_get
                0x00000000000029a0       0x1c zephyr/libzephyr.a(log_mgmt.c.obj)
                0x00000000000029a0                log_source_name_get
 .text.log_backend_enable
                0x00000000000029bc       0x4c zephyr/libzephyr.a(log_mgmt.c.obj)
                0x00000000000029bc                log_backend_enable
 .text.z_impl_z_log_msg_static_create
                0x0000000000002a08      0x12c zephyr/libzephyr.a(log_msg.c.obj)
                0x0000000000002a08                z_impl_z_log_msg_static_create
 .text.z_log_msg_runtime_vcreate
                0x0000000000002b34       0xe0 zephyr/libzephyr.a(log_msg.c.obj)
                0x0000000000002b34                z_log_msg_runtime_vcreate
 .text.log_msg_get_source_id
                0x0000000000002c14       0x18 zephyr/libzephyr.a(log_msg.c.obj)
                0x0000000000002c14                log_msg_get_source_id
 .text.print_formatted
                0x0000000000002c2c       0x24 zephyr/libzephyr.a(log_output.c.obj)
 .text.newline_print
                0x0000000000002c50       0x1c zephyr/libzephyr.a(log_output.c.obj)
 .text.out_func
                0x0000000000002c6c       0x58 zephyr/libzephyr.a(log_output.c.obj)
 .text.log_output_process
                0x0000000000002cc4      0x31c zephyr/libzephyr.a(log_output.c.obj)
                0x0000000000002cc4                log_output_process
 .text.log_output_dropped_process
                0x0000000000002fe0       0x58 zephyr/libzephyr.a(log_output.c.obj)
                0x0000000000002fe0                log_output_dropped_process
 .text.log_output_timestamp_freq_set
                0x0000000000003038       0x2c zephyr/libzephyr.a(log_output.c.obj)
                0x0000000000003038                log_output_timestamp_freq_set
 .text.char_out
                0x0000000000003064       0x24 zephyr/libzephyr.a(log_backend_uart.c.obj)
 .text.log_backend_uart_init
                0x0000000000003088       0x3c zephyr/libzephyr.a(log_backend_uart.c.obj)
 .text.mem_attr_get_regions
                0x00000000000030c4        0xc zephyr/libzephyr.a(mem_attr.c.obj)
                0x00000000000030c4                mem_attr_get_regions
 .text.boot_banner
                0x00000000000030d0       0x1c zephyr/libzephyr.a(banner.c.obj)
                0x00000000000030d0                boot_banner
 .text.sub_bytes
                0x00000000000030ec       0x18 zephyr/libzephyr.a(aes_encrypt.c.obj)
 .text.tc_aes128_set_encrypt_key
                0x0000000000003104       0xa8 zephyr/libzephyr.a(aes_encrypt.c.obj)
                0x0000000000003104                tc_aes128_set_encrypt_key
 .text.compress
                0x00000000000031ac      0x1d4 zephyr/libzephyr.a(sha256.c.obj)
 .text.tc_sha256_init
                0x0000000000003380       0x58 zephyr/libzephyr.a(sha256.c.obj)
                0x0000000000003380                tc_sha256_init
 .text.nrf_cc3xx_platform_abort_init
                0x00000000000033d8        0xc zephyr/libzephyr.a(nrf_cc3xx_platform_abort_zephyr.c.obj)
                0x00000000000033d8                nrf_cc3xx_platform_abort_init
 .text.mutex_free_platform
                0x00000000000033e4       0x54 zephyr/libzephyr.a(nrf_cc3xx_platform_mutex_zephyr.c.obj)
 .text.mutex_lock_platform
                0x0000000000003438       0x74 zephyr/libzephyr.a(nrf_cc3xx_platform_mutex_zephyr.c.obj)
 .text.mutex_unlock_platform
                0x00000000000034ac       0x68 zephyr/libzephyr.a(nrf_cc3xx_platform_mutex_zephyr.c.obj)
 .text.mutex_init_platform
                0x0000000000003514       0x94 zephyr/libzephyr.a(nrf_cc3xx_platform_mutex_zephyr.c.obj)
 .text.nrf_cc3xx_platform_mutex_init
                0x00000000000035a8       0x2c zephyr/libzephyr.a(nrf_cc3xx_platform_mutex_zephyr.c.obj)
                0x00000000000035a8                nrf_cc3xx_platform_mutex_init
 .text.z_arm_fatal_error
                0x00000000000035d4       0xb8 zephyr/arch/arch/arm/core/libarch__arm__core.a(fatal.c.obj)
                0x00000000000035d4                z_arm_fatal_error
 .text.z_SysNmiOnReset
                0x000000000000368c        0x8 zephyr/arch/arch/arm/core/libarch__arm__core.a(nmi_on_reset.S.obj)
                0x000000000000368c                z_SysNmiOnReset
 .text.arch_tls_stack_setup
                0x0000000000003694       0x40 zephyr/arch/arch/arm/core/libarch__arm__core.a(tls.c.obj)
                0x0000000000003694                arch_tls_stack_setup
 .text._HandlerModeExit
                0x00000000000036d4       0x28 zephyr/arch/arch/arm/core/cortex_m/libarch__arm__core__cortex_m.a(exc_exit.c.obj)
                0x00000000000036d4                z_arm_int_exit
                0x00000000000036d4                z_arm_exc_exit
 .text.mem_manage_fault.constprop.0
                0x00000000000036fc      0x108 zephyr/arch/arch/arm/core/cortex_m/libarch__arm__core__cortex_m.a(fault.c.obj)
 .text.usage_fault.constprop.0
                0x0000000000003804       0xbc zephyr/arch/arch/arm/core/cortex_m/libarch__arm__core__cortex_m.a(fault.c.obj)
 .text.bus_fault.constprop.0
                0x00000000000038c0       0xd0 zephyr/arch/arch/arm/core/cortex_m/libarch__arm__core__cortex_m.a(fault.c.obj)
 .text.z_arm_fault
                0x0000000000003990      0x238 zephyr/arch/arch/arm/core/cortex_m/libarch__arm__core__cortex_m.a(fault.c.obj)
                0x0000000000003990                z_arm_fault
 .text.z_arm_fault_init
                0x0000000000003bc8       0x20 zephyr/arch/arch/arm/core/cortex_m/libarch__arm__core__cortex_m.a(fault.c.obj)
                0x0000000000003bc8                z_arm_fault_init
 .text.__fault  0x0000000000003be8       0x14 zephyr/arch/arch/arm/core/cortex_m/libarch__arm__core__cortex_m.a(fault_s.S.obj)
                0x0000000000003be8                z_arm_usage_fault
                0x0000000000003be8                z_arm_mpu_fault
                0x0000000000003be8                z_arm_exc_spurious
                0x0000000000003be8                z_arm_debug_monitor
                0x0000000000003be8                z_arm_hard_fault
                0x0000000000003be8                z_arm_bus_fault
 .text._reset_section
                0x0000000000003bfc       0x60 zephyr/arch/arch/arm/core/cortex_m/libarch__arm__core__cortex_m.a(reset.S.obj)
                0x0000000000003bfc                __start
                0x0000000000003bfc                z_arm_reset
 .text.z_arm_clear_arm_mpu_config
                0x0000000000003c5c       0x24 zephyr/arch/arch/arm/core/cortex_m/libarch__arm__core__cortex_m.a(scb.c.obj)
                0x0000000000003c5c                z_arm_clear_arm_mpu_config
 .text.z_arm_init_arch_hw_at_boot
                0x0000000000003c80       0x4c zephyr/arch/arch/arm/core/cortex_m/libarch__arm__core__cortex_m.a(scb.c.obj)
                0x0000000000003c80                z_arm_init_arch_hw_at_boot
 .text.z_impl_k_thread_abort
                0x0000000000003ccc       0x2c zephyr/arch/arch/arm/core/cortex_m/libarch__arm__core__cortex_m.a(thread_abort.c.obj)
                0x0000000000003ccc                z_impl_k_thread_abort
 .text.arch_swap
                0x0000000000003cf8       0x30 zephyr/arch/arch/arm/core/cortex_m/libarch__arm__core__cortex_m.a(swap.c.obj)
                0x0000000000003cf8                arch_swap
 .text.z_arm_pendsv_c
                0x0000000000003d28       0x40 zephyr/arch/arch/arm/core/cortex_m/libarch__arm__core__cortex_m.a(swap.c.obj)
                0x0000000000003d28                z_arm_pendsv_c
 .text.z_arm_pendsv
                0x0000000000003d68       0x40 zephyr/arch/arch/arm/core/cortex_m/libarch__arm__core__cortex_m.a(swap_helper.S.obj)
                0x0000000000003d68                z_arm_pendsv
 .text.z_arm_svc
                0x0000000000003da8       0x20 zephyr/arch/arch/arm/core/cortex_m/libarch__arm__core__cortex_m.a(swap_helper.S.obj)
                0x0000000000003da8                z_arm_svc
 .text.arch_irq_enable
                0x0000000000003dc8       0x1c zephyr/arch/arch/arm/core/cortex_m/libarch__arm__core__cortex_m.a(irq_manage.c.obj)
                0x0000000000003dc8                arch_irq_enable
 .text.arch_irq_disable
                0x0000000000003de4       0x28 zephyr/arch/arch/arm/core/cortex_m/libarch__arm__core__cortex_m.a(irq_manage.c.obj)
                0x0000000000003de4                arch_irq_disable
 .text.arch_irq_is_enabled
                0x0000000000003e0c       0x1c zephyr/arch/arch/arm/core/cortex_m/libarch__arm__core__cortex_m.a(irq_manage.c.obj)
                0x0000000000003e0c                arch_irq_is_enabled
 .text.z_arm_irq_priority_set
                0x0000000000003e28       0x64 zephyr/arch/arch/arm/core/cortex_m/libarch__arm__core__cortex_m.a(irq_manage.c.obj)
                0x0000000000003e28                z_arm_irq_priority_set
 .text.z_prep_c
                0x0000000000003e8c       0x38 zephyr/arch/arch/arm/core/cortex_m/libarch__arm__core__cortex_m.a(prep_c.c.obj)
                0x0000000000003e8c                z_prep_c
 .text.arch_new_thread
                0x0000000000003ec4       0x38 zephyr/arch/arch/arm/core/cortex_m/libarch__arm__core__cortex_m.a(thread.c.obj)
                0x0000000000003ec4                arch_new_thread
 .text.arch_switch_to_main_thread
                0x0000000000003efc       0x48 zephyr/arch/arch/arm/core/cortex_m/libarch__arm__core__cortex_m.a(thread.c.obj)
                0x0000000000003efc                arch_switch_to_main_thread
 .text.z_arm_cpu_idle_init
                0x0000000000003f44        0xc zephyr/arch/arch/arm/core/cortex_m/libarch__arm__core__cortex_m.a(cpu_idle.c.obj)
                0x0000000000003f44                z_arm_cpu_idle_init
 .text.z_arm_interrupt_init
                0x0000000000003f50       0x18 zephyr/arch/arch/arm/core/cortex_m/libarch__arm__core__cortex_m.a(irq_init.c.obj)
                0x0000000000003f50                z_arm_interrupt_init
 .text._isr_wrapper
                0x0000000000003f68       0x24 zephyr/arch/arch/arm/core/cortex_m/libarch__arm__core__cortex_m.a(isr_wrapper.c.obj)
                0x0000000000003f68                _isr_wrapper
 .text.z_arm_configure_static_mpu_regions
                0x0000000000003f8c       0x38 zephyr/arch/arch/arm/core/mpu/libarch__arm__core__mpu.a(arm_core_mpu.c.obj)
                0x0000000000003f8c                z_arm_configure_static_mpu_regions
 .text.region_init
                0x0000000000003fc4       0x34 zephyr/arch/arch/arm/core/mpu/libarch__arm__core__mpu.a(arm_mpu.c.obj)
 .text.region_allocate_and_init
                0x0000000000003ff8       0x38 zephyr/arch/arch/arm/core/mpu/libarch__arm__core__mpu.a(arm_mpu.c.obj)
 .text.mpu_configure_regions_and_partition.constprop.0
                0x0000000000004030      0x164 zephyr/arch/arch/arm/core/mpu/libarch__arm__core__mpu.a(arm_mpu.c.obj)
 .text.arm_core_mpu_enable
                0x0000000000004194       0x18 zephyr/arch/arch/arm/core/mpu/libarch__arm__core__mpu.a(arm_mpu.c.obj)
                0x0000000000004194                arm_core_mpu_enable
 .text.arm_core_mpu_disable
                0x00000000000041ac       0x14 zephyr/arch/arch/arm/core/mpu/libarch__arm__core__mpu.a(arm_mpu.c.obj)
                0x00000000000041ac                arm_core_mpu_disable
 .text.arm_core_mpu_configure_static_mpu_regions
                0x00000000000041c0       0x48 zephyr/arch/arch/arm/core/mpu/libarch__arm__core__mpu.a(arm_mpu.c.obj)
                0x00000000000041c0                arm_core_mpu_configure_static_mpu_regions
 .text.arm_core_mpu_mark_areas_for_dynamic_regions
                0x0000000000004208       0xe8 zephyr/arch/arch/arm/core/mpu/libarch__arm__core__mpu.a(arm_mpu.c.obj)
                0x0000000000004208                arm_core_mpu_mark_areas_for_dynamic_regions
 .text.z_arm_mpu_init
                0x00000000000042f0      0x194 zephyr/arch/arch/arm/core/mpu/libarch__arm__core__mpu.a(arm_mpu.c.obj)
                0x00000000000042f0                z_arm_mpu_init
 .text.z_impl_zephyr_fputc
                0x0000000000004484       0x10 zephyr/lib/libc/picolibc/liblib__libc__picolibc.a(libc-hooks.c.obj)
                0x0000000000004484                z_impl_zephyr_fputc
 .text.__stdout_hook_install
                0x0000000000004494       0x18 zephyr/lib/libc/picolibc/liblib__libc__picolibc.a(libc-hooks.c.obj)
                0x0000000000004494                __stdout_hook_install
 .text.cbvprintf
                0x00000000000044ac       0x38 zephyr/lib/libc/picolibc/liblib__libc__picolibc.a(libc-hooks.c.obj)
                0x00000000000044ac                cbvprintf
 .text.malloc_prepare
                0x00000000000044e4       0x24 zephyr/lib/libc/common/liblib__libc__common.a(malloc.c.obj)
 .text.net_buf_destroy
                0x0000000000004508       0x38 zephyr/lib/net_buf/liblib__net_buf.a(buf.c.obj)
 .text.net_buf_pool_get
                0x0000000000004540       0x10 zephyr/lib/net_buf/liblib__net_buf.a(buf.c.obj)
                0x0000000000004540                net_buf_pool_get
 .text.net_buf_id
                0x0000000000004550       0x24 zephyr/lib/net_buf/liblib__net_buf.a(buf.c.obj)
                0x0000000000004550                net_buf_id
 .text.fixed_data_alloc
                0x0000000000004574       0x24 zephyr/lib/net_buf/liblib__net_buf.a(buf.c.obj)
 .text.net_buf_reset
                0x0000000000004598       0x48 zephyr/lib/net_buf/liblib__net_buf.a(buf.c.obj)
                0x0000000000004598                net_buf_reset
 .text.net_buf_alloc_len
                0x00000000000045e0      0x1e8 zephyr/lib/net_buf/liblib__net_buf.a(buf.c.obj)
                0x00000000000045e0                net_buf_alloc_len
 .text.net_buf_unref
                0x00000000000047c8       0x5c zephyr/lib/net_buf/liblib__net_buf.a(buf.c.obj)
                0x00000000000047c8                net_buf_unref
 .text.net_buf_ref
                0x0000000000004824       0x30 zephyr/lib/net_buf/liblib__net_buf.a(buf.c.obj)
                0x0000000000004824                net_buf_ref
 .text.net_buf_frag_last
                0x0000000000004854       0x34 zephyr/lib/net_buf/liblib__net_buf.a(buf.c.obj)
                0x0000000000004854                net_buf_frag_last
 .text.net_buf_frag_insert
                0x0000000000004888       0x58 zephyr/lib/net_buf/liblib__net_buf.a(buf.c.obj)
                0x0000000000004888                net_buf_frag_insert
 .text.net_buf_frag_add
                0x00000000000048e0       0x48 zephyr/lib/net_buf/liblib__net_buf.a(buf.c.obj)
                0x00000000000048e0                net_buf_frag_add
 .text.net_buf_simple_reserve
                0x0000000000004928       0x44 zephyr/lib/net_buf/liblib__net_buf.a(buf_simple.c.obj)
                0x0000000000004928                net_buf_simple_reserve
 .text.net_buf_simple_push
                0x000000000000496c       0x40 zephyr/lib/net_buf/liblib__net_buf.a(buf_simple.c.obj)
                0x000000000000496c                net_buf_simple_push
 .text.net_buf_simple_pull
                0x00000000000049ac       0x3c zephyr/lib/net_buf/liblib__net_buf.a(buf_simple.c.obj)
                0x00000000000049ac                net_buf_simple_pull
 .text.net_buf_simple_pull_mem
                0x00000000000049e8       0x3c zephyr/lib/net_buf/liblib__net_buf.a(buf_simple.c.obj)
                0x00000000000049e8                net_buf_simple_pull_mem
 .text.net_buf_simple_add
                0x0000000000004a24       0x3c zephyr/lib/net_buf/liblib__net_buf.a(buf_simple.c.obj)
                0x0000000000004a24                net_buf_simple_add
 .text.nrf_gpio_pin_control_select
                0x0000000000004a60       0x6c zephyr/soc/soc/nrf5340/libsoc__nordic.a(soc.c.obj)
 .text.nordicsemi_nrf53_init
                0x0000000000004acc       0x5c zephyr/soc/soc/nrf5340/libsoc__nordic.a(soc.c.obj)
 .text.rtc_pretick_init
                0x0000000000004b28       0x60 zephyr/soc/soc/nrf5340/libsoc__nordic.a(soc.c.obj)
 .text.z_arm_on_enter_cpu_idle
                0x0000000000004b88       0x64 zephyr/soc/soc/nrf5340/libsoc__nordic.a(soc.c.obj)
                0x0000000000004b88                z_arm_on_enter_cpu_idle
 .text.arch_busy_wait
                0x0000000000004bec       0x24 zephyr/soc/soc/nrf5340/libsoc__nordic.a(soc.c.obj)
                0x0000000000004bec                arch_busy_wait
 .text.nrf53_cpunet_mgmt_init
                0x0000000000004c10       0x10 zephyr/soc/soc/nrf5340/libsoc__nordic.a(nrf53_cpunet_mgmt.c.obj)
 .text.onoff_start
                0x0000000000004c20       0x6c zephyr/soc/soc/nrf5340/libsoc__nordic.a(nrf53_cpunet_mgmt.c.obj)
 .text.nrf53_cpunet_enable
                0x0000000000004c8c       0x68 zephyr/soc/soc/nrf5340/libsoc__nordic.a(nrf53_cpunet_mgmt.c.obj)
                0x0000000000004c8c                nrf53_cpunet_enable
 .text.ppi_ipc_to_rtc.isra.0
                0x0000000000004cf4       0x5c zephyr/soc/soc/nrf5340/libsoc__nordic.a(sync_rtc.c.obj)
 .text.sync_rtc_setup
                0x0000000000004d50       0xbc zephyr/soc/soc/nrf5340/libsoc__nordic.a(sync_rtc.c.obj)
 .text.rtc_cb   0x0000000000004e0c       0x9c zephyr/soc/soc/nrf5340/libsoc__nordic.a(sync_rtc.c.obj)
 .text.mbox_callback
                0x0000000000004ea8       0xb4 zephyr/soc/soc/nrf5340/libsoc__nordic.a(sync_rtc.c.obj)
 .text.bt_addr_le_str
                0x0000000000004f5c       0x7c zephyr/subsys/bluetooth/common/libsubsys__bluetooth__common.a(bt_str.c.obj)
                0x0000000000004f5c                bt_addr_le_str
 .text.long_wq_init
                0x0000000000004fd8       0x38 zephyr/subsys/bluetooth/host/libsubsys__bluetooth__host.a(long_wq.c.obj)
 .text.bt_long_wq_schedule
                0x0000000000005010        0xc zephyr/subsys/bluetooth/host/libsubsys__bluetooth__host.a(long_wq.c.obj)
                0x0000000000005010                bt_long_wq_schedule
 .text.uuid_to_uuid128
                0x000000000000501c       0x78 zephyr/subsys/bluetooth/host/libsubsys__bluetooth__host.a(uuid.c.obj)
 .text.bt_buf_get_rx
                0x0000000000005094       0x68 zephyr/subsys/bluetooth/host/libsubsys__bluetooth__host.a(buf.c.obj)
                0x0000000000005094                bt_buf_get_rx
 .text.bt_buf_get_evt
                0x00000000000050fc       0x40 zephyr/subsys/bluetooth/host/libsubsys__bluetooth__host.a(buf.c.obj)
                0x00000000000050fc                bt_buf_get_evt
 .text.bt_buf_destroy_view
                0x000000000000513c       0x70 zephyr/subsys/bluetooth/host/libsubsys__bluetooth__host.a(buf.c.obj)
                0x000000000000513c                bt_buf_destroy_view
 .text.bt_buf_make_view
                0x00000000000051ac       0xc0 zephyr/subsys/bluetooth/host/libsubsys__bluetooth__host.a(buf.c.obj)
                0x00000000000051ac                bt_buf_make_view
 .text.hci_cmd_done.part.0
                0x000000000000526c      0x150 zephyr/subsys/bluetooth/host/libsubsys__bluetooth__host.a(hci_core.c.obj)
 .text.bt_hci_cmd_state_set_init
                0x00000000000053bc       0x24 zephyr/subsys/bluetooth/host/libsubsys__bluetooth__host.a(hci_core.c.obj)
                0x00000000000053bc                bt_hci_cmd_state_set_init
 .text.bt_hci_cmd_create
                0x00000000000053e0       0x78 zephyr/subsys/bluetooth/host/libsubsys__bluetooth__host.a(hci_core.c.obj)
                0x00000000000053e0                bt_hci_cmd_create
 .text.bt_hci_get_ver_str
                0x0000000000005458       0x3c zephyr/subsys/bluetooth/host/libsubsys__bluetooth__host.a(hci_core.c.obj)
                0x0000000000005458                bt_hci_get_ver_str
 .text.bt_send  0x0000000000005494       0x14 zephyr/subsys/bluetooth/host/libsubsys__bluetooth__host.a(hci_core.c.obj)
                0x0000000000005494                bt_send
 .text.bt_finalize_init
                0x00000000000054a8      0x134 zephyr/subsys/bluetooth/host/libsubsys__bluetooth__host.a(hci_core.c.obj)
                0x00000000000054a8                bt_finalize_init
 .text.bt_get_name
                0x00000000000055dc        0x8 zephyr/subsys/bluetooth/host/libsubsys__bluetooth__host.a(hci_core.c.obj)
                0x00000000000055dc                bt_get_name
 .text.bt_tx_irq_raise
                0x00000000000055e4        0xc zephyr/subsys/bluetooth/host/libsubsys__bluetooth__host.a(hci_core.c.obj)
                0x00000000000055e4                bt_tx_irq_raise
 .text.bt_hci_cmd_send
                0x00000000000055f0       0x5c zephyr/subsys/bluetooth/host/libsubsys__bluetooth__host.a(hci_core.c.obj)
                0x00000000000055f0                bt_hci_cmd_send
 .text.bt_send_one_host_num_completed_packets
                0x000000000000564c       0xa0 zephyr/subsys/bluetooth/host/libsubsys__bluetooth__host.a(hci_core.c.obj)
                0x000000000000564c                bt_send_one_host_num_completed_packets
 .text.bt_hci_host_num_completed_packets
                0x00000000000056ec       0x98 zephyr/subsys/bluetooth/host/libsubsys__bluetooth__host.a(hci_core.c.obj)
                0x00000000000056ec                bt_hci_host_num_completed_packets
 .text.process_pending_cmd
                0x0000000000005784       0xd8 zephyr/subsys/bluetooth/host/libsubsys__bluetooth__host.a(hci_core.c.obj)
 .text.bt_hci_cmd_send_sync
                0x000000000000585c      0x1b4 zephyr/subsys/bluetooth/host/libsubsys__bluetooth__host.a(hci_core.c.obj)
                0x000000000000585c                bt_hci_cmd_send_sync
 .text.bt_init  0x0000000000005a10      0x4f0 zephyr/subsys/bluetooth/host/libsubsys__bluetooth__host.a(hci_core.c.obj)
 .text.init_work
                0x0000000000005f00       0x18 zephyr/subsys/bluetooth/host/libsubsys__bluetooth__host.a(hci_core.c.obj)
 .text.bt_hci_le_rand
                0x0000000000005f18       0x58 zephyr/subsys/bluetooth/host/libsubsys__bluetooth__host.a(hci_core.c.obj)
                0x0000000000005f18                bt_hci_le_rand
 .text.id_find  0x0000000000005f70       0x30 zephyr/subsys/bluetooth/host/libsubsys__bluetooth__host.a(id.c.obj)
 .text.set_random_address
                0x0000000000005fa0       0x74 zephyr/subsys/bluetooth/host/libsubsys__bluetooth__host.a(id.c.obj)
 .text.id_create.constprop.0
                0x0000000000006014       0x74 zephyr/subsys/bluetooth/host/libsubsys__bluetooth__host.a(id.c.obj)
 .text.bt_id_create
                0x0000000000006088       0x98 zephyr/subsys/bluetooth/host/libsubsys__bluetooth__host.a(id.c.obj)
                0x0000000000006088                bt_id_create
 .text.bt_id_read_public_addr
                0x0000000000006120       0x88 zephyr/subsys/bluetooth/host/libsubsys__bluetooth__host.a(id.c.obj)
                0x0000000000006120                bt_id_read_public_addr
 .text.bt_setup_public_id_addr
                0x00000000000061a8       0x20 zephyr/subsys/bluetooth/host/libsubsys__bluetooth__host.a(id.c.obj)
                0x00000000000061a8                bt_setup_public_id_addr
 .text.bt_setup_random_id_addr
                0x00000000000061c8       0xd8 zephyr/subsys/bluetooth/host/libsubsys__bluetooth__host.a(id.c.obj)
                0x00000000000061c8                bt_setup_random_id_addr
 .text.bt_id_set_adv_own_addr
                0x00000000000062a0       0xd4 zephyr/subsys/bluetooth/host/libsubsys__bluetooth__host.a(id.c.obj)
                0x00000000000062a0                bt_id_set_adv_own_addr
 .text.bt_id_init
                0x0000000000006374       0x54 zephyr/subsys/bluetooth/host/libsubsys__bluetooth__host.a(id.c.obj)
                0x0000000000006374                bt_id_init
 .text.adv_is_directed
                0x00000000000063c8       0x18 zephyr/subsys/bluetooth/host/libsubsys__bluetooth__host.a(adv.c.obj)
 .text.le_adv_start_add_conn
                0x00000000000063e0       0x60 zephyr/subsys/bluetooth/host/libsubsys__bluetooth__host.a(adv.c.obj)
 .text.bt_le_adv_resume
                0x0000000000006440       0xe0 zephyr/subsys/bluetooth/host/libsubsys__bluetooth__host.a(adv.c.obj)
                0x0000000000006440                bt_le_adv_resume
 .text.prng_reseed.constprop.0
                0x0000000000006520       0x60 zephyr/subsys/bluetooth/host/libsubsys__bluetooth__host.a(crypto_tc.c.obj)
 .text.prng_init
                0x0000000000006580       0x40 zephyr/subsys/bluetooth/host/libsubsys__bluetooth__host.a(crypto_tc.c.obj)
                0x0000000000006580                prng_init
 .text.bt_rand  0x00000000000065c0       0x3c zephyr/subsys/bluetooth/host/libsubsys__bluetooth__host.a(crypto_tc.c.obj)
                0x00000000000065c0                bt_rand
 .text.frag_destroy
                0x00000000000065fc       0x20 zephyr/subsys/bluetooth/host/libsubsys__bluetooth__host.a(conn.c.obj)
                0x00000000000065fc                frag_destroy
 .text.notify_connected
                0x000000000000661c       0x70 zephyr/subsys/bluetooth/host/libsubsys__bluetooth__host.a(conn.c.obj)
 .text.get_data_frag
                0x000000000000668c       0x60 zephyr/subsys/bluetooth/host/libsubsys__bluetooth__host.a(conn.c.obj)
 .text.conn_tx_destroy
                0x00000000000066ec       0x50 zephyr/subsys/bluetooth/host/libsubsys__bluetooth__host.a(conn.c.obj)
 .text.acl_get_and_clear_cb
                0x000000000000673c       0x48 zephyr/subsys/bluetooth/host/libsubsys__bluetooth__host.a(conn.c.obj)
 .text.recycled_work_handler
                0x0000000000006784       0x84 zephyr/subsys/bluetooth/host/libsubsys__bluetooth__host.a(conn.c.obj)
 .text.tx_notify_process
                0x0000000000006808       0x9c zephyr/subsys/bluetooth/host/libsubsys__bluetooth__host.a(conn.c.obj)
 .text.bt_conn_tx_notify
                0x00000000000068a4       0x78 zephyr/subsys/bluetooth/host/libsubsys__bluetooth__host.a(conn.c.obj)
                0x00000000000068a4                bt_conn_tx_notify
 .text.bt_conn_new
                0x000000000000691c       0x5c zephyr/subsys/bluetooth/host/libsubsys__bluetooth__host.a(conn.c.obj)
                0x000000000000691c                bt_conn_new
 .text.bt_conn_ref
                0x0000000000006978       0x54 zephyr/subsys/bluetooth/host/libsubsys__bluetooth__host.a(conn.c.obj)
                0x0000000000006978                bt_conn_ref
 .text.bt_conn_data_ready
                0x00000000000069cc       0x44 zephyr/subsys/bluetooth/host/libsubsys__bluetooth__host.a(conn.c.obj)
                0x00000000000069cc                bt_conn_data_ready
 .text.get_conn_ready
                0x0000000000006a10       0xe8 zephyr/subsys/bluetooth/host/libsubsys__bluetooth__host.a(conn.c.obj)
                0x0000000000006a10                get_conn_ready
 .text.bt_conn_unref
                0x0000000000006af8       0xa0 zephyr/subsys/bluetooth/host/libsubsys__bluetooth__host.a(conn.c.obj)
                0x0000000000006af8                bt_conn_unref
 .text.bt_conn_set_state
                0x0000000000006b98      0x1c4 zephyr/subsys/bluetooth/host/libsubsys__bluetooth__host.a(conn.c.obj)
                0x0000000000006b98                bt_conn_set_state
 .text.bt_conn_index
                0x0000000000006d5c       0x4c zephyr/subsys/bluetooth/host/libsubsys__bluetooth__host.a(conn.c.obj)
                0x0000000000006d5c                bt_conn_index
 .text.bt_conn_create_pdu_timeout
                0x0000000000006da8       0x98 zephyr/subsys/bluetooth/host/libsubsys__bluetooth__host.a(conn.c.obj)
                0x0000000000006da8                bt_conn_create_pdu_timeout
 .text.bt_conn_disconnect
                0x0000000000006e40       0x78 zephyr/subsys/bluetooth/host/libsubsys__bluetooth__host.a(conn.c.obj)
                0x0000000000006e40                bt_conn_disconnect
 .text.bt_conn_tx_processor
                0x0000000000006eb8      0x2ec zephyr/subsys/bluetooth/host/libsubsys__bluetooth__host.a(conn.c.obj)
                0x0000000000006eb8                bt_conn_tx_processor
 .text.bt_conn_add_le
                0x00000000000071a4       0x54 zephyr/subsys/bluetooth/host/libsubsys__bluetooth__host.a(conn.c.obj)
                0x00000000000071a4                bt_conn_add_le
 .text.bt_conn_lookup_addr_le
                0x00000000000071f8       0x4c zephyr/subsys/bluetooth/host/libsubsys__bluetooth__host.a(conn.c.obj)
                0x00000000000071f8                bt_conn_lookup_addr_le
 .text.bt_conn_exists_le
                0x0000000000007244       0x70 zephyr/subsys/bluetooth/host/libsubsys__bluetooth__host.a(conn.c.obj)
                0x0000000000007244                bt_conn_exists_le
 .text.bt_conn_lookup_state_le
                0x00000000000072b4       0x5c zephyr/subsys/bluetooth/host/libsubsys__bluetooth__host.a(conn.c.obj)
                0x00000000000072b4                bt_conn_lookup_state_le
 .text.send_conn_le_param_update
                0x0000000000007310       0x68 zephyr/subsys/bluetooth/host/libsubsys__bluetooth__host.a(conn.c.obj)
 .text.deferred_work
                0x0000000000007378      0x130 zephyr/subsys/bluetooth/host/libsubsys__bluetooth__host.a(conn.c.obj)
 .text.bt_conn_lookup_index
                0x00000000000074a8       0x18 zephyr/subsys/bluetooth/host/libsubsys__bluetooth__host.a(conn.c.obj)
                0x00000000000074a8                bt_conn_lookup_index
 .text.bt_conn_init
                0x00000000000074c0       0x44 zephyr/subsys/bluetooth/host/libsubsys__bluetooth__host.a(conn.c.obj)
                0x00000000000074c0                bt_conn_init
 .text.l2cap_create_le_sig_pdu.part.0
                0x0000000000007504       0x1c zephyr/subsys/bluetooth/host/libsubsys__bluetooth__host.a(l2cap.c.obj)
 .text.l2cap_accept.part.0
                0x0000000000007520       0x30 zephyr/subsys/bluetooth/host/libsubsys__bluetooth__host.a(l2cap.c.obj)
 .text.l2cap_accept
                0x0000000000007550       0x28 zephyr/subsys/bluetooth/host/libsubsys__bluetooth__host.a(l2cap.c.obj)
 .text.lower_data_ready
                0x0000000000007578       0x74 zephyr/subsys/bluetooth/host/libsubsys__bluetooth__host.a(l2cap.c.obj)
 .text.bt_l2cap_send_pdu
                0x00000000000075ec       0x5c zephyr/subsys/bluetooth/host/libsubsys__bluetooth__host.a(l2cap.c.obj)
                0x00000000000075ec                bt_l2cap_send_pdu
 .text.l2cap_data_pull
                0x0000000000007648      0x124 zephyr/subsys/bluetooth/host/libsubsys__bluetooth__host.a(l2cap.c.obj)
                0x0000000000007648                l2cap_data_pull
 .text.l2cap_recv.part.0
                0x000000000000776c       0x9c zephyr/subsys/bluetooth/host/libsubsys__bluetooth__host.a(l2cap.c.obj)
 .text.l2cap_recv
                0x0000000000007808       0x24 zephyr/subsys/bluetooth/host/libsubsys__bluetooth__host.a(l2cap.c.obj)
 .text.bt_l2cap_update_conn_param
                0x000000000000782c       0x50 zephyr/subsys/bluetooth/host/libsubsys__bluetooth__host.a(l2cap.c.obj)
                0x000000000000782c                bt_l2cap_update_conn_param
 .text.att_op_get_type
                0x000000000000787c       0x74 zephyr/subsys/bluetooth/host/libsubsys__bluetooth__host.a(att.c.obj)
 .text.bt_att_released
                0x00000000000078f0        0xc zephyr/subsys/bluetooth/host/libsubsys__bluetooth__host.a(att.c.obj)
 .text.bt_att_connected
                0x00000000000078fc       0x38 zephyr/subsys/bluetooth/host/libsubsys__bluetooth__host.a(att.c.obj)
 .text.read_group_cb
                0x0000000000007934       0xb8 zephyr/subsys/bluetooth/host/libsubsys__bluetooth__host.a(att.c.obj)
 .text.bt_att_accept
                0x00000000000079ec      0x120 zephyr/subsys/bluetooth/host/libsubsys__bluetooth__host.a(att.c.obj)
 .text.read_type_cb
                0x0000000000007b0c       0xac zephyr/subsys/bluetooth/host/libsubsys__bluetooth__host.a(att.c.obj)
 .text.find_type_cb
                0x0000000000007bb8      0x164 zephyr/subsys/bluetooth/host/libsubsys__bluetooth__host.a(att.c.obj)
 .text.att_get  0x0000000000007d1c       0x4c zephyr/subsys/bluetooth/host/libsubsys__bluetooth__host.a(att.c.obj)
 .text.bt_att_get_tx_meta_data
                0x0000000000007d68       0x4c zephyr/subsys/bluetooth/host/libsubsys__bluetooth__host.a(att.c.obj)
                0x0000000000007d68                bt_att_get_tx_meta_data
 .text.chan_send
                0x0000000000007db4       0xe4 zephyr/subsys/bluetooth/host/libsubsys__bluetooth__host.a(att.c.obj)
 .text.bt_att_chan_req_send
                0x0000000000007e98       0x84 zephyr/subsys/bluetooth/host/libsubsys__bluetooth__host.a(att.c.obj)
 .text.att_tx_destroy
                0x0000000000007f1c      0x13c zephyr/subsys/bluetooth/host/libsubsys__bluetooth__host.a(att.c.obj)
 .text.bt_att_chan_create_pdu
                0x0000000000008058       0x88 zephyr/subsys/bluetooth/host/libsubsys__bluetooth__host.a(att.c.obj)
 .text.bt_att_recv
                0x00000000000080e0       0xc8 zephyr/subsys/bluetooth/host/libsubsys__bluetooth__host.a(att.c.obj)
 .text.att_write_rsp.constprop.0
                0x00000000000081a8       0xc0 zephyr/subsys/bluetooth/host/libsubsys__bluetooth__host.a(att.c.obj)
 .text.bt_att_create_pdu
                0x0000000000008268       0x64 zephyr/subsys/bluetooth/host/libsubsys__bluetooth__host.a(att.c.obj)
                0x0000000000008268                bt_att_create_pdu
 .text.bt_att_create_rsp_pdu
                0x00000000000082cc       0x54 zephyr/subsys/bluetooth/host/libsubsys__bluetooth__host.a(att.c.obj)
                0x00000000000082cc                bt_att_create_rsp_pdu
 .text.att_read_group_req
                0x0000000000008320       0xf0 zephyr/subsys/bluetooth/host/libsubsys__bluetooth__host.a(att.c.obj)
 .text.att_read_mult_vl_req
                0x0000000000008410       0x9c zephyr/subsys/bluetooth/host/libsubsys__bluetooth__host.a(att.c.obj)
 .text.att_read_mult_req
                0x00000000000084ac       0x9c zephyr/subsys/bluetooth/host/libsubsys__bluetooth__host.a(att.c.obj)
 .text.att_read_rsp
                0x0000000000008548       0x90 zephyr/subsys/bluetooth/host/libsubsys__bluetooth__host.a(att.c.obj)
 .text.att_read_type_req
                0x00000000000085d8       0xf8 zephyr/subsys/bluetooth/host/libsubsys__bluetooth__host.a(att.c.obj)
 .text.att_find_type_req
                0x00000000000086d0       0xc0 zephyr/subsys/bluetooth/host/libsubsys__bluetooth__host.a(att.c.obj)
 .text.att_find_info_req
                0x0000000000008790       0x6c zephyr/subsys/bluetooth/host/libsubsys__bluetooth__host.a(att.c.obj)
 .text.bt_att_req_alloc
                0x00000000000087fc       0x50 zephyr/subsys/bluetooth/host/libsubsys__bluetooth__host.a(att.c.obj)
                0x00000000000087fc                bt_att_req_alloc
 .text.bt_att_req_free
                0x000000000000884c       0x20 zephyr/subsys/bluetooth/host/libsubsys__bluetooth__host.a(att.c.obj)
                0x000000000000884c                bt_att_req_free
 .text.att_handle_rsp
                0x000000000000886c       0x80 zephyr/subsys/bluetooth/host/libsubsys__bluetooth__host.a(att.c.obj)
 .text.bt_att_disconnected
                0x00000000000088ec       0xc0 zephyr/subsys/bluetooth/host/libsubsys__bluetooth__host.a(att.c.obj)
 .text.att_timeout
                0x00000000000089ac       0xe4 zephyr/subsys/bluetooth/host/libsubsys__bluetooth__host.a(att.c.obj)
 .text.bt_att_send
                0x0000000000008a90       0x9c zephyr/subsys/bluetooth/host/libsubsys__bluetooth__host.a(att.c.obj)
                0x0000000000008a90                bt_att_send
 .text.bt_att_req_send
                0x0000000000008b2c       0x7c zephyr/subsys/bluetooth/host/libsubsys__bluetooth__host.a(att.c.obj)
                0x0000000000008b2c                bt_att_req_send
 .text.find_cf_cfg
                0x0000000000008ba8       0x5c zephyr/subsys/bluetooth/host/libsubsys__bluetooth__host.a(gatt.c.obj)
 .text.find_sc_cfg
                0x0000000000008c04       0x40 zephyr/subsys/bluetooth/host/libsubsys__bluetooth__host.a(gatt.c.obj)
 .text.find_ccc_cfg
                0x0000000000008c44       0x48 zephyr/subsys/bluetooth/host/libsubsys__bluetooth__host.a(gatt.c.obj)
 .text.bt_gatt_attr_write_ccc
                0x0000000000008c8c       0xbc zephyr/subsys/bluetooth/host/libsubsys__bluetooth__host.a(gatt.c.obj)
                0x0000000000008c8c                bt_gatt_attr_write_ccc
 .text.db_hash_update.part.0
                0x0000000000008d48       0x1c zephyr/subsys/bluetooth/host/libsubsys__bluetooth__host.a(gatt.c.obj)
 .text.clear_cf_cfg
                0x0000000000008d64       0x28 zephyr/subsys/bluetooth/host/libsubsys__bluetooth__host.a(gatt.c.obj)
 .text.sc_save  0x0000000000008d8c       0x60 zephyr/subsys/bluetooth/host/libsubsys__bluetooth__host.a(gatt.c.obj)
 .text.disconnected_cb
                0x0000000000008dec       0xb4 zephyr/subsys/bluetooth/host/libsubsys__bluetooth__host.a(gatt.c.obj)
 .text.read_ppcp
                0x0000000000008ea0       0x38 zephyr/subsys/bluetooth/host/libsubsys__bluetooth__host.a(gatt.c.obj)
 .text.cf_write
                0x0000000000008ed8       0x98 zephyr/subsys/bluetooth/host/libsubsys__bluetooth__host.a(gatt.c.obj)
 .text.sc_indicate_rsp
                0x0000000000008f70       0x50 zephyr/subsys/bluetooth/host/libsubsys__bluetooth__host.a(gatt.c.obj)
 .text.bt_gatt_init
                0x0000000000008fc0       0xac zephyr/subsys/bluetooth/host/libsubsys__bluetooth__host.a(gatt.c.obj)
                0x0000000000008fc0                bt_gatt_init
 .text.bt_gatt_attr_get_handle
                0x000000000000906c       0x90 zephyr/subsys/bluetooth/host/libsubsys__bluetooth__host.a(gatt.c.obj)
                0x000000000000906c                bt_gatt_attr_get_handle
 .text.bt_gatt_foreach_attr_type
                0x00000000000090fc       0xe0 zephyr/subsys/bluetooth/host/libsubsys__bluetooth__host.a(gatt.c.obj)
                0x00000000000090fc                bt_gatt_foreach_attr_type
 .text.db_hash_gen
                0x00000000000091dc       0x80 zephyr/subsys/bluetooth/host/libsubsys__bluetooth__host.a(gatt.c.obj)
 .text.db_hash_read
                0x000000000000925c       0x78 zephyr/subsys/bluetooth/host/libsubsys__bluetooth__host.a(gatt.c.obj)
 .text.db_hash_process
                0x00000000000092d4       0x1c zephyr/subsys/bluetooth/host/libsubsys__bluetooth__host.a(gatt.c.obj)
 .text.bt_gatt_attr_next
                0x00000000000092f0       0x24 zephyr/subsys/bluetooth/host/libsubsys__bluetooth__host.a(gatt.c.obj)
                0x00000000000092f0                bt_gatt_attr_next
 .text.bt_gatt_is_subscribed
                0x0000000000009314      0x1a8 zephyr/subsys/bluetooth/host/libsubsys__bluetooth__host.a(gatt.c.obj)
                0x0000000000009314                bt_gatt_is_subscribed
 .text.gatt_indicate
                0x00000000000094bc       0xd8 zephyr/subsys/bluetooth/host/libsubsys__bluetooth__host.a(gatt.c.obj)
 .text.bt_gatt_indicate
                0x0000000000009594      0x144 zephyr/subsys/bluetooth/host/libsubsys__bluetooth__host.a(gatt.c.obj)
                0x0000000000009594                bt_gatt_indicate
 .text.sc_process
                0x00000000000096d8       0x9c zephyr/subsys/bluetooth/host/libsubsys__bluetooth__host.a(gatt.c.obj)
 .text.update_ccc
                0x0000000000009774      0x104 zephyr/subsys/bluetooth/host/libsubsys__bluetooth__host.a(gatt.c.obj)
 .text.gatt_notify
                0x0000000000009878       0xac zephyr/subsys/bluetooth/host/libsubsys__bluetooth__host.a(gatt.c.obj)
 .text.notify_cb
                0x0000000000009924      0x128 zephyr/subsys/bluetooth/host/libsubsys__bluetooth__host.a(gatt.c.obj)
 .text.bt_gatt_connected
                0x0000000000009a4c       0x20 zephyr/subsys/bluetooth/host/libsubsys__bluetooth__host.a(gatt.c.obj)
                0x0000000000009a4c                bt_gatt_connected
 .text.bt_gatt_att_max_mtu_changed
                0x0000000000009a6c       0x28 zephyr/subsys/bluetooth/host/libsubsys__bluetooth__host.a(gatt.c.obj)
                0x0000000000009a6c                bt_gatt_att_max_mtu_changed
 .text.bt_gatt_disconnected
                0x0000000000009a94       0x48 zephyr/subsys/bluetooth/host/libsubsys__bluetooth__host.a(gatt.c.obj)
                0x0000000000009a94                bt_gatt_disconnected
 .text.bt_smp_accept.part.0
                0x0000000000009adc       0x30 zephyr/subsys/bluetooth/host/libsubsys__bluetooth__host.a(smp_null.c.obj)
 .text.bt_smp_accept
                0x0000000000009b0c       0x28 zephyr/subsys/bluetooth/host/libsubsys__bluetooth__host.a(smp_null.c.obj)
 .text.bt_ipc_send
                0x0000000000009b34       0x54 zephyr/drivers/bluetooth/libdrivers__bluetooth.a(ipc.c.obj)
 .text.hci_ept_recv
                0x0000000000009b88      0x1f0 zephyr/drivers/bluetooth/libdrivers__bluetooth.a(ipc.c.obj)
 .text.bt_ipc_open
                0x0000000000009d78       0x7c zephyr/drivers/bluetooth/libdrivers__bluetooth.a(ipc.c.obj)
 .text.bt_ipc_close
                0x0000000000009df4       0x68 zephyr/drivers/bluetooth/libdrivers__bluetooth.a(ipc.c.obj)
 .text.bt_hci_transport_setup
                0x0000000000009e5c       0x48 zephyr/drivers/bluetooth/libdrivers__bluetooth.a(nrf53_support.c.obj)
                0x0000000000009e5c                bt_hci_transport_setup
 .text.onoff_start
                0x0000000000009ea4       0x3c zephyr/drivers/clock_control/libdrivers__clock_control.a(clock_control_nrf.c.obj)
 .text.get_status
                0x0000000000009ee0       0x3c zephyr/drivers/clock_control/libdrivers__clock_control.a(clock_control_nrf.c.obj)
 .text.stop     0x0000000000009f1c       0x7c zephyr/drivers/clock_control/libdrivers__clock_control.a(clock_control_nrf.c.obj)
 .text.onoff_stop
                0x0000000000009f98       0x28 zephyr/drivers/clock_control/libdrivers__clock_control.a(clock_control_nrf.c.obj)
 .text.clk_init
                0x0000000000009fc0       0x64 zephyr/drivers/clock_control/libdrivers__clock_control.a(clock_control_nrf.c.obj)
 .text.api_blocking_start
                0x000000000000a024       0x3c zephyr/drivers/clock_control/libdrivers__clock_control.a(clock_control_nrf.c.obj)
 .text.generic_hfclk_stop
                0x000000000000a060       0x34 zephyr/drivers/clock_control/libdrivers__clock_control.a(clock_control_nrf.c.obj)
 .text.clkstarted_handle.constprop.0
                0x000000000000a094       0x54 zephyr/drivers/clock_control/libdrivers__clock_control.a(clock_control_nrf.c.obj)
 .text.clock_event_handler
                0x000000000000a0e8       0x70 zephyr/drivers/clock_control/libdrivers__clock_control.a(clock_control_nrf.c.obj)
 .text.generic_hfclk_start
                0x000000000000a158       0x7c zephyr/drivers/clock_control/libdrivers__clock_control.a(clock_control_nrf.c.obj)
 .text.z_nrf_clock_control_lf_on
                0x000000000000a1d4      0x13c zephyr/drivers/clock_control/libdrivers__clock_control.a(clock_control_nrf.c.obj)
                0x000000000000a1d4                z_nrf_clock_control_lf_on
 .text.uart_console_init
                0x000000000000a310       0x28 zephyr/drivers/console/libdrivers__console.a(uart_console.c.obj)
 .text.console_out
                0x000000000000a338       0x28 zephyr/drivers/console/libdrivers__console.a(uart_console.c.obj)
 .text.mbox_nrf_init
                0x000000000000a360       0x9c zephyr/drivers/mbox/libdrivers__mbox.a(mbox_nrfx_ipc.c.obj)
 .text.mbox_nrf_set_enabled
                0x000000000000a3fc       0x94 zephyr/drivers/mbox/libdrivers__mbox.a(mbox_nrfx_ipc.c.obj)
 .text.mbox_nrf_send
                0x000000000000a490       0x44 zephyr/drivers/mbox/libdrivers__mbox.a(mbox_nrfx_ipc.c.obj)
 .text.mbox_dispatcher
                0x000000000000a4d4       0x60 zephyr/drivers/mbox/libdrivers__mbox.a(mbox_nrfx_ipc.c.obj)
 .text.nrf_gpio_pin_port_decode
                0x000000000000a534       0x5c zephyr/drivers/pinctrl/libdrivers__pinctrl.a(pinctrl_nrf.c.obj)
 .text.pinctrl_configure_pins
                0x000000000000a590      0x19c zephyr/drivers/pinctrl/libdrivers__pinctrl.a(pinctrl_nrf.c.obj)
                0x000000000000a590                pinctrl_configure_pins
 .text.uarte_nrfx_poll_out
                0x000000000000a72c       0xb4 zephyr/drivers/serial/libdrivers__serial.a(uart_nrfx_uarte.c.obj)
 .text.uarte_0_init
                0x000000000000a7e0      0x120 zephyr/drivers/serial/libdrivers__serial.a(uart_nrfx_uarte.c.obj)
 .text.compare_int_lock
                0x000000000000a900       0x40 zephyr/drivers/timer/libdrivers__timer.a(nrf_rtc_timer.c.obj)
 .text.sys_clock_timeout_handler
                0x000000000000a940       0x48 zephyr/drivers/timer/libdrivers__timer.a(nrf_rtc_timer.c.obj)
 .text.compare_int_unlock
                0x000000000000a988       0x4c zephyr/drivers/timer/libdrivers__timer.a(nrf_rtc_timer.c.obj)
 .text.z_nrf_rtc_timer_compare_evt_address_get
                0x000000000000a9d4       0x34 zephyr/drivers/timer/libdrivers__timer.a(nrf_rtc_timer.c.obj)
                0x000000000000a9d4                z_nrf_rtc_timer_compare_evt_address_get
 .text.z_nrf_rtc_timer_capture_task_address_get
                0x000000000000aa08       0x34 zephyr/drivers/timer/libdrivers__timer.a(nrf_rtc_timer.c.obj)
                0x000000000000aa08                z_nrf_rtc_timer_capture_task_address_get
 .text.z_nrf_rtc_timer_compare_read
                0x000000000000aa3c       0x38 zephyr/drivers/timer/libdrivers__timer.a(nrf_rtc_timer.c.obj)
                0x000000000000aa3c                z_nrf_rtc_timer_compare_read
 .text.z_nrf_rtc_timer_read
                0x000000000000aa74       0x44 zephyr/drivers/timer/libdrivers__timer.a(nrf_rtc_timer.c.obj)
                0x000000000000aa74                z_nrf_rtc_timer_read
 .text.compare_set
                0x000000000000aab8      0x124 zephyr/drivers/timer/libdrivers__timer.a(nrf_rtc_timer.c.obj)
 .text.z_nrf_rtc_timer_set
                0x000000000000abdc       0x40 zephyr/drivers/timer/libdrivers__timer.a(nrf_rtc_timer.c.obj)
                0x000000000000abdc                z_nrf_rtc_timer_set
 .text.sys_clock_driver_init
                0x000000000000ac1c       0xa4 zephyr/drivers/timer/libdrivers__timer.a(nrf_rtc_timer.c.obj)
 .text.rtc_nrf_isr
                0x000000000000acc0      0x100 zephyr/drivers/timer/libdrivers__timer.a(nrf_rtc_timer.c.obj)
                0x000000000000acc0                rtc_nrf_isr
 .text.z_nrf_rtc_timer_chan_alloc
                0x000000000000adc0       0x3c zephyr/drivers/timer/libdrivers__timer.a(nrf_rtc_timer.c.obj)
                0x000000000000adc0                z_nrf_rtc_timer_chan_alloc
 .text.z_nrf_rtc_timer_chan_free
                0x000000000000adfc       0x44 zephyr/drivers/timer/libdrivers__timer.a(nrf_rtc_timer.c.obj)
                0x000000000000adfc                z_nrf_rtc_timer_chan_free
 .text.sys_clock_set_timeout
                0x000000000000ae40       0x5c zephyr/drivers/timer/libdrivers__timer.a(nrf_rtc_timer.c.obj)
                0x000000000000ae40                sys_clock_set_timeout
 .text.sys_clock_elapsed
                0x000000000000ae9c       0x14 zephyr/drivers/timer/libdrivers__timer.a(nrf_rtc_timer.c.obj)
                0x000000000000ae9c                sys_clock_elapsed
 .text.nrf53_errata_42
                0x000000000000aeb0       0x24 modules/hal_nordic/nrfx/libmodules__hal_nordic__nrfx.a(system_nrf5340_application.c.obj)
 .text.SystemCoreClockUpdate
                0x000000000000aed4       0x20 modules/hal_nordic/nrfx/libmodules__hal_nordic__nrfx.a(system_nrf5340_application.c.obj)
                0x000000000000aed4                SystemCoreClockUpdate
 .text.SystemInit
                0x000000000000aef4      0x1c4 modules/hal_nordic/nrfx/libmodules__hal_nordic__nrfx.a(system_nrf5340_application.c.obj)
                0x000000000000aef4                SystemInit
 .text.nrfx_flag32_alloc
                0x000000000000b0b8       0x40 modules/hal_nordic/nrfx/libmodules__hal_nordic__nrfx.a(nrfx_flag32_allocator.c.obj)
                0x000000000000b0b8                nrfx_flag32_alloc
 .text.nrfx_flag32_free
                0x000000000000b0f8       0x38 modules/hal_nordic/nrfx/libmodules__hal_nordic__nrfx.a(nrfx_flag32_allocator.c.obj)
                0x000000000000b0f8                nrfx_flag32_free
 .text.nrfx_gppi_channels_enable
                0x000000000000b130        0xc modules/hal_nordic/nrfx/libmodules__hal_nordic__nrfx.a(nrfx_gppi_dppi.c.obj)
                0x000000000000b130                nrfx_gppi_channels_enable
 .text.nrfx_gppi_channels_disable
                0x000000000000b13c        0xc modules/hal_nordic/nrfx/libmodules__hal_nordic__nrfx.a(nrfx_gppi_dppi.c.obj)
                0x000000000000b13c                nrfx_gppi_channels_disable
 .text.nrfx_gppi_event_endpoint_setup
                0x000000000000b148       0x30 modules/hal_nordic/nrfx/libmodules__hal_nordic__nrfx.a(nrfx_gppi_dppi.c.obj)
                0x000000000000b148                nrfx_gppi_event_endpoint_setup
 .text.nrfx_gppi_task_endpoint_setup
                0x000000000000b178       0x30 modules/hal_nordic/nrfx/libmodules__hal_nordic__nrfx.a(nrfx_gppi_dppi.c.obj)
                0x000000000000b178                nrfx_gppi_task_endpoint_setup
 .text.nrfx_gppi_event_endpoint_clear
                0x000000000000b1a8       0x2c modules/hal_nordic/nrfx/libmodules__hal_nordic__nrfx.a(nrfx_gppi_dppi.c.obj)
                0x000000000000b1a8                nrfx_gppi_event_endpoint_clear
 .text.nrfx_gppi_task_endpoint_clear
                0x000000000000b1d4       0x2c modules/hal_nordic/nrfx/libmodules__hal_nordic__nrfx.a(nrfx_gppi_dppi.c.obj)
                0x000000000000b1d4                nrfx_gppi_task_endpoint_clear
 .text.nrfx_gppi_channel_alloc
                0x000000000000b200        0xc modules/hal_nordic/nrfx/libmodules__hal_nordic__nrfx.a(nrfx_gppi_dppi.c.obj)
                0x000000000000b200                nrfx_gppi_channel_alloc
 .text.nrf53_errata_4
                0x000000000000b20c       0x24 modules/hal_nordic/nrfx/libmodules__hal_nordic__nrfx.a(nrfx_clock.c.obj)
 .text.clock_stop
                0x000000000000b230      0x190 modules/hal_nordic/nrfx/libmodules__hal_nordic__nrfx.a(nrfx_clock.c.obj)
 .text.nrfx_clock_init
                0x000000000000b3c0       0x20 modules/hal_nordic/nrfx/libmodules__hal_nordic__nrfx.a(nrfx_clock.c.obj)
                0x000000000000b3c0                nrfx_clock_init
 .text.nrfx_clock_enable
                0x000000000000b3e0       0x58 modules/hal_nordic/nrfx/libmodules__hal_nordic__nrfx.a(nrfx_clock.c.obj)
                0x000000000000b3e0                nrfx_clock_enable
 .text.nrfx_clock_start
                0x000000000000b438      0x110 modules/hal_nordic/nrfx/libmodules__hal_nordic__nrfx.a(nrfx_clock.c.obj)
                0x000000000000b438                nrfx_clock_start
 .text.nrfx_clock_stop
                0x000000000000b548       0x38 modules/hal_nordic/nrfx/libmodules__hal_nordic__nrfx.a(nrfx_clock.c.obj)
                0x000000000000b548                nrfx_clock_stop
 .text.nrfx_clock_divider_set
                0x000000000000b580       0xf8 modules/hal_nordic/nrfx/libmodules__hal_nordic__nrfx.a(nrfx_clock.c.obj)
                0x000000000000b580                nrfx_clock_divider_set
 .text.nrfx_power_clock_irq_handler
                0x000000000000b678       0xb0 modules/hal_nordic/nrfx/libmodules__hal_nordic__nrfx.a(nrfx_clock.c.obj)
                0x000000000000b678                nrfx_power_clock_irq_handler
 .text.nrfx_dppi_channel_alloc
                0x000000000000b728       0x10 modules/hal_nordic/nrfx/libmodules__hal_nordic__nrfx.a(nrfx_dppi.c.obj)
                0x000000000000b728                nrfx_dppi_channel_alloc
 .text.nrfx_dppi_channel_free
                0x000000000000b738       0x1c modules/hal_nordic/nrfx/libmodules__hal_nordic__nrfx.a(nrfx_dppi.c.obj)
                0x000000000000b738                nrfx_dppi_channel_free
 .text.get_pin_idx
                0x000000000000b754       0x14 modules/hal_nordic/nrfx/libmodules__hal_nordic__nrfx.a(nrfx_gpiote.c.obj)
 .text.nrf_gpiote_out_task_get
                0x000000000000b768       0x34 modules/hal_nordic/nrfx/libmodules__hal_nordic__nrfx.a(nrfx_gpiote.c.obj)
 .text.nrf_gpio_pin_port_decode
                0x000000000000b79c       0x68 modules/hal_nordic/nrfx/libmodules__hal_nordic__nrfx.a(nrfx_gpiote.c.obj)
 .text.nrf_gpiote_in_event_get
                0x000000000000b804       0x34 modules/hal_nordic/nrfx/libmodules__hal_nordic__nrfx.a(nrfx_gpiote.c.obj)
 .text.call_handler.constprop.0
                0x000000000000b838       0x40 modules/hal_nordic/nrfx/libmodules__hal_nordic__nrfx.a(nrfx_gpiote.c.obj)
 .text.pin_te_get.constprop.0
                0x000000000000b878       0x18 modules/hal_nordic/nrfx/libmodules__hal_nordic__nrfx.a(nrfx_gpiote.c.obj)
 .text.pin_is_output.constprop.0
                0x000000000000b890       0x18 modules/hal_nordic/nrfx/libmodules__hal_nordic__nrfx.a(nrfx_gpiote.c.obj)
 .text.pin_has_trigger.constprop.0
                0x000000000000b8a8       0x1c modules/hal_nordic/nrfx/libmodules__hal_nordic__nrfx.a(nrfx_gpiote.c.obj)
 .text.pin_in_use_by_te.constprop.0
                0x000000000000b8c4       0x18 modules/hal_nordic/nrfx/libmodules__hal_nordic__nrfx.a(nrfx_gpiote.c.obj)
 .text.latch_pending_read_and_check
                0x000000000000b8dc       0x3c modules/hal_nordic/nrfx/libmodules__hal_nordic__nrfx.a(nrfx_gpiote.c.obj)
 .text.pin_out_task_get.isra.0
                0x000000000000b918       0x5c modules/hal_nordic/nrfx/libmodules__hal_nordic__nrfx.a(nrfx_gpiote.c.obj)
 .text.__nrfy_internal_gpiote_events_process.constprop.0
                0x000000000000b974       0x64 modules/hal_nordic/nrfx/libmodules__hal_nordic__nrfx.a(nrfx_gpiote.c.obj)
 .text.nrfx_gpiote_output_configure
                0x000000000000b9d8      0x100 modules/hal_nordic/nrfx/libmodules__hal_nordic__nrfx.a(nrfx_gpiote.c.obj)
                0x000000000000b9d8                nrfx_gpiote_output_configure
 .text.nrfx_gpiote_init
                0x000000000000bad8       0xa0 modules/hal_nordic/nrfx/libmodules__hal_nordic__nrfx.a(nrfx_gpiote.c.obj)
                0x000000000000bad8                nrfx_gpiote_init
 .text.nrfx_gpiote_init_check
                0x000000000000bb78       0x14 modules/hal_nordic/nrfx/libmodules__hal_nordic__nrfx.a(nrfx_gpiote.c.obj)
                0x000000000000bb78                nrfx_gpiote_init_check
 .text.nrfx_gpiote_channel_alloc
                0x000000000000bb8c        0xc modules/hal_nordic/nrfx/libmodules__hal_nordic__nrfx.a(nrfx_gpiote.c.obj)
                0x000000000000bb8c                nrfx_gpiote_channel_alloc
 .text.nrfx_gpiote_0_irq_handler
                0x000000000000bb98      0x1b8 modules/hal_nordic/nrfx/libmodules__hal_nordic__nrfx.a(nrfx_gpiote.c.obj)
                0x000000000000bb98                nrfx_gpiote_0_irq_handler
 .text.nrfx_ipc_init
                0x000000000000bd50       0x50 modules/hal_nordic/nrfx/libmodules__hal_nordic__nrfx.a(nrfx_ipc.c.obj)
                0x000000000000bd50                nrfx_ipc_init
 .text.nrfx_ipc_config_load
                0x000000000000bda0       0x84 modules/hal_nordic/nrfx/libmodules__hal_nordic__nrfx.a(nrfx_ipc.c.obj)
                0x000000000000bda0                nrfx_ipc_config_load
 .text.nrfx_ipc_receive_event_enable
                0x000000000000be24       0x3c modules/hal_nordic/nrfx/libmodules__hal_nordic__nrfx.a(nrfx_ipc.c.obj)
                0x000000000000be24                nrfx_ipc_receive_event_enable
 .text.nrfx_ipc_receive_event_disable
                0x000000000000be60       0x3c modules/hal_nordic/nrfx/libmodules__hal_nordic__nrfx.a(nrfx_ipc.c.obj)
                0x000000000000be60                nrfx_ipc_receive_event_disable
 .text.nrfx_ipc_irq_handler
                0x000000000000be9c       0x68 modules/hal_nordic/nrfx/libmodules__hal_nordic__nrfx.a(nrfx_ipc.c.obj)
                0x000000000000be9c                nrfx_ipc_irq_handler
 .text.timer_configure
                0x000000000000bf04       0x84 modules/hal_nordic/nrfx/libmodules__hal_nordic__nrfx.a(nrfx_timer.c.obj)
 .text.nrfx_timer_init
                0x000000000000bf88       0x94 modules/hal_nordic/nrfx/libmodules__hal_nordic__nrfx.a(nrfx_timer.c.obj)
                0x000000000000bf88                nrfx_timer_init
 .text.nrfx_timer_enable
                0x000000000000c01c       0x48 modules/hal_nordic/nrfx/libmodules__hal_nordic__nrfx.a(nrfx_timer.c.obj)
                0x000000000000c01c                nrfx_timer_enable
 .text.nrfx_timer_clear
                0x000000000000c064       0x40 modules/hal_nordic/nrfx/libmodules__hal_nordic__nrfx.a(nrfx_timer.c.obj)
                0x000000000000c064                nrfx_timer_clear
 .text.nrfx_timer_compare
                0x000000000000c0a4       0x68 modules/hal_nordic/nrfx/libmodules__hal_nordic__nrfx.a(nrfx_timer.c.obj)
                0x000000000000c0a4                nrfx_timer_compare
 .text.nrfx_timer_extended_compare
                0x000000000000c10c       0x6c modules/hal_nordic/nrfx/libmodules__hal_nordic__nrfx.a(nrfx_timer.c.obj)
                0x000000000000c10c                nrfx_timer_extended_compare
 .text.nrfx_timer_1_irq_handler
                0x000000000000c178       0x10 modules/hal_nordic/nrfx/libmodules__hal_nordic__nrfx.a(nrfx_timer.c.obj)
                0x000000000000c178                nrfx_timer_1_irq_handler
 .text.nrfx_timer_2_irq_handler
                0x000000000000c188       0x10 modules/hal_nordic/nrfx/libmodules__hal_nordic__nrfx.a(nrfx_timer.c.obj)
                0x000000000000c188                nrfx_timer_2_irq_handler
 .text.metal_generic_dev_open
                0x000000000000c198       0x40 modules/libmetal/libmetal/lib/libmetal.a(device.c.obj)
                0x000000000000c198                metal_generic_dev_open
 .text.metal_bus_unregister
                0x000000000000c1d8       0x3c modules/libmetal/libmetal/lib/libmetal.a(device.c.obj)
                0x000000000000c1d8                metal_bus_unregister
 .text.metal_bus_find
                0x000000000000c214       0x3c modules/libmetal/libmetal/lib/libmetal.a(device.c.obj)
                0x000000000000c214                metal_bus_find
 .text.metal_bus_register
                0x000000000000c250       0x5c modules/libmetal/libmetal/lib/libmetal.a(device.c.obj)
                0x000000000000c250                metal_bus_register
 .text.metal_device_close
                0x000000000000c2ac       0x38 modules/libmetal/libmetal/lib/libmetal.a(device.c.obj)
                0x000000000000c2ac                metal_device_close
 .text.metal_register_generic_device
                0x000000000000c2e4       0x3c modules/libmetal/libmetal/lib/libmetal.a(device.c.obj)
                0x000000000000c2e4                metal_register_generic_device
 .text.metal_init
                0x000000000000c320       0x4c modules/libmetal/libmetal/lib/libmetal.a(init.c.obj)
                0x000000000000c320                metal_init
 .text.metal_finish
                0x000000000000c36c       0x24 modules/libmetal/libmetal/lib/libmetal.a(init.c.obj)
                0x000000000000c36c                metal_finish
 .text.metal_sys_init
                0x000000000000c390       0x10 modules/libmetal/libmetal/lib/libmetal.a(init.c.obj)
                0x000000000000c390                metal_sys_init
 .text.metal_sys_finish
                0x000000000000c3a0        0xc modules/libmetal/libmetal/lib/libmetal.a(init.c.obj)
                0x000000000000c3a0                metal_sys_finish
 .text.metal_zephyr_log_handler
                0x000000000000c3ac       0x3c modules/libmetal/libmetal/lib/libmetal.a(log.c.obj)
                0x000000000000c3ac                metal_zephyr_log_handler
 .text.virtio_create_virtqueues
                0x000000000000c3e8       0xbc modules/open-amp/open-amp/lib/libopen_amp.a(virtio.c.obj)
                0x000000000000c3e8                virtio_create_virtqueues
 .text.virtqueue_free
                0x000000000000c4a4       0x38 modules/open-amp/open-amp/lib/libopen_amp.a(virtqueue.c.obj)
                0x000000000000c4a4                virtqueue_free
 .text.virtqueue_add_consumed_buffer
                0x000000000000c4dc       0x38 modules/open-amp/open-amp/lib/libopen_amp.a(virtqueue.c.obj)
                0x000000000000c4dc                virtqueue_add_consumed_buffer
 .text.rpmsg_send_offchannel_raw
                0x000000000000c514       0x2c modules/open-amp/open-amp/lib/libopen_amp.a(rpmsg.c.obj)
                0x000000000000c514                rpmsg_send_offchannel_raw
 .text.rpmsg_send_offchannel_nocopy
                0x000000000000c540       0x2c modules/open-amp/open-amp/lib/libopen_amp.a(rpmsg.c.obj)
                0x000000000000c540                rpmsg_send_offchannel_nocopy
 .text.rpmsg_register_endpoint
                0x000000000000c56c       0x48 modules/open-amp/open-amp/lib/libopen_amp.a(rpmsg.c.obj)
                0x000000000000c56c                rpmsg_register_endpoint
 .text.rpmsg_create_ept
                0x000000000000c5b4      0x114 modules/open-amp/open-amp/lib/libopen_amp.a(rpmsg.c.obj)
                0x000000000000c5b4                rpmsg_create_ept
 .text.rpmsg_virtio_buf_held_dec_test
                0x000000000000c6c8       0x38 modules/open-amp/open-amp/lib/libopen_amp.a(rpmsg_virtio.c.obj)
 .text.rpmsg_virtio_get_tx_buffer_size
                0x000000000000c700       0x4c modules/open-amp/open-amp/lib/libopen_amp.a(rpmsg_virtio.c.obj)
                0x000000000000c700                rpmsg_virtio_get_tx_buffer_size
 .text.rpmsg_virtio_get_rx_buffer_size
                0x000000000000c74c       0x4c modules/open-amp/open-amp/lib/libopen_amp.a(rpmsg_virtio.c.obj)
                0x000000000000c74c                rpmsg_virtio_get_rx_buffer_size
 .text.rpmsg_virtio_send_offchannel_nocopy
                0x000000000000c798       0xe8 modules/open-amp/open-amp/lib/libopen_amp.a(rpmsg_virtio.c.obj)
 .text.rpmsg_virtio_release_rx_buffer_nolock.isra.0
                0x000000000000c880       0x88 modules/open-amp/open-amp/lib/libopen_amp.a(rpmsg_virtio.c.obj)
 .text.rpmsg_virtio_rx_callback
                0x000000000000c908       0xfc modules/open-amp/open-amp/lib/libopen_amp.a(rpmsg_virtio.c.obj)
 .text.rpmsg_virtio_send_offchannel_raw
                0x000000000000ca04       0x84 modules/open-amp/open-amp/lib/libopen_amp.a(rpmsg_virtio.c.obj)
 .text.rpmsg_init_vdev_with_config
                0x000000000000ca88      0x2ac modules/open-amp/open-amp/lib/libopen_amp.a(rpmsg_virtio.c.obj)
                0x000000000000ca88                rpmsg_init_vdev_with_config
 .text.rpmsg_init_vdev
                0x000000000000cd34       0x2c modules/open-amp/open-amp/lib/libopen_amp.a(rpmsg_virtio.c.obj)
                0x000000000000cd34                rpmsg_init_vdev
 .text.z_device_state_init
                0x000000000000cd60       0x44 zephyr/kernel/libkernel.a(device.c.obj)
                0x000000000000cd60                z_device_state_init
 .text.k_sys_fatal_error_handler
                0x000000000000cda4       0x20 zephyr/kernel/libkernel.a(fatal.c.obj)
                0x000000000000cda4                k_sys_fatal_error_handler
 .text.z_fatal_error
                0x000000000000cdc4      0x118 zephyr/kernel/libkernel.a(fatal.c.obj)
                0x000000000000cdc4                z_fatal_error
 .text.z_sys_init_run_level
                0x000000000000cedc       0x2c zephyr/kernel/libkernel.a(init.c.obj)
 .text.bg_thread_main
                0x000000000000cf08      0x10c zephyr/kernel/libkernel.a(init.c.obj)
 .text.z_bss_zero
                0x000000000000d014       0x18 zephyr/kernel/libkernel.a(init.c.obj)
                0x000000000000d014                z_bss_zero
 .text.z_init_cpu
                0x000000000000d02c       0x68 zephyr/kernel/libkernel.a(init.c.obj)
                0x000000000000d02c                z_init_cpu
 .text.z_cstart
                0x000000000000d094       0xe4 zephyr/kernel/libkernel.a(init.c.obj)
                0x000000000000d094                z_cstart
 .text.statics_init
                0x000000000000d178       0x50 zephyr/kernel/libkernel.a(kheap.c.obj)
 .text.k_heap_aligned_alloc
                0x000000000000d1c8      0x13c zephyr/kernel/libkernel.a(kheap.c.obj)
                0x000000000000d1c8                k_heap_aligned_alloc
 .text.k_heap_free
                0x000000000000d304       0xa8 zephyr/kernel/libkernel.a(kheap.c.obj)
                0x000000000000d304                k_heap_free
 .text.init_mem_slab_obj_core_list
                0x000000000000d3ac       0x50 zephyr/kernel/libkernel.a(mem_slab.c.obj)
 .text.k_mem_slab_alloc
                0x000000000000d3fc      0x118 zephyr/kernel/libkernel.a(mem_slab.c.obj)
                0x000000000000d3fc                k_mem_slab_alloc
 .text.k_mem_slab_free
                0x000000000000d514      0x104 zephyr/kernel/libkernel.a(mem_slab.c.obj)
                0x000000000000d514                k_mem_slab_free
 .text.idle     0x000000000000d618       0x48 zephyr/kernel/libkernel.a(idle.c.obj)
                0x000000000000d618                idle
 .text.z_impl_k_mutex_lock
                0x000000000000d660      0x1a0 zephyr/kernel/libkernel.a(mutex.c.obj)
                0x000000000000d660                z_impl_k_mutex_lock
 .text.z_impl_k_mutex_unlock
                0x000000000000d800      0x11c zephyr/kernel/libkernel.a(mutex.c.obj)
                0x000000000000d800                z_impl_k_mutex_unlock
 .text.queue_insert
                0x000000000000d91c      0x138 zephyr/kernel/libkernel.a(queue.c.obj)
 .text.z_impl_k_queue_get
                0x000000000000da54       0xd8 zephyr/kernel/libkernel.a(queue.c.obj)
                0x000000000000da54                z_impl_k_queue_get
 .text.z_impl_k_sem_give
                0x000000000000db2c       0x84 zephyr/kernel/libkernel.a(sem.c.obj)
                0x000000000000db2c                z_impl_k_sem_give
 .text.z_impl_k_sem_take
                0x000000000000dbb0       0xf4 zephyr/kernel/libkernel.a(sem.c.obj)
                0x000000000000dbb0                z_impl_k_sem_take
 .text.k_sys_work_q_init
                0x000000000000dca4       0x34 zephyr/kernel/libkernel.a(system_work_q.c.obj)
 .text.work_queue_main
                0x000000000000dcd8      0x1e4 zephyr/kernel/libkernel.a(work.c.obj)
 .text.cancel_sync_locked
                0x000000000000debc       0x3c zephyr/kernel/libkernel.a(work.c.obj)
 .text.submit_to_queue_locked
                0x000000000000def8       0xd8 zephyr/kernel/libkernel.a(work.c.obj)
 .text.work_timeout
                0x000000000000dfd0       0xa8 zephyr/kernel/libkernel.a(work.c.obj)
 .text.k_work_init
                0x000000000000e078       0x4c zephyr/kernel/libkernel.a(work.c.obj)
                0x000000000000e078                k_work_init
 .text.work_flush_locked
                0x000000000000e0c4       0xb4 zephyr/kernel/libkernel.a(work.c.obj)
 .text.z_work_submit_to_queue
                0x000000000000e178       0xd4 zephyr/kernel/libkernel.a(work.c.obj)
                0x000000000000e178                z_work_submit_to_queue
 .text.k_work_submit
                0x000000000000e24c        0xc zephyr/kernel/libkernel.a(work.c.obj)
                0x000000000000e24c                k_work_submit
 .text.k_work_flush
                0x000000000000e258      0x11c zephyr/kernel/libkernel.a(work.c.obj)
                0x000000000000e258                k_work_flush
 .text.k_work_queue_init
                0x000000000000e374       0x34 zephyr/kernel/libkernel.a(work.c.obj)
                0x000000000000e374                k_work_queue_init
 .text.k_work_queue_start
                0x000000000000e3a8       0xdc zephyr/kernel/libkernel.a(work.c.obj)
                0x000000000000e3a8                k_work_queue_start
 .text.k_work_queue_drain
                0x000000000000e484      0x11c zephyr/kernel/libkernel.a(work.c.obj)
                0x000000000000e484                k_work_queue_drain
 .text.k_work_init_delayable
                0x000000000000e5a0       0x58 zephyr/kernel/libkernel.a(work.c.obj)
                0x000000000000e5a0                k_work_init_delayable
 .text.k_work_schedule_for_queue
                0x000000000000e5f8       0xec zephyr/kernel/libkernel.a(work.c.obj)
                0x000000000000e5f8                k_work_schedule_for_queue
 .text.k_work_schedule
                0x000000000000e6e4        0xc zephyr/kernel/libkernel.a(work.c.obj)
                0x000000000000e6e4                k_work_schedule
 .text.k_work_reschedule_for_queue
                0x000000000000e6f0       0xe8 zephyr/kernel/libkernel.a(work.c.obj)
                0x000000000000e6f0                k_work_reschedule_for_queue
 .text.k_work_reschedule
                0x000000000000e7d8        0xc zephyr/kernel/libkernel.a(work.c.obj)
                0x000000000000e7d8                k_work_reschedule
 .text.k_work_cancel_delayable
                0x000000000000e7e4       0xb8 zephyr/kernel/libkernel.a(work.c.obj)
                0x000000000000e7e4                k_work_cancel_delayable
 .text.k_work_cancel_delayable_sync
                0x000000000000e89c      0x130 zephyr/kernel/libkernel.a(work.c.obj)
                0x000000000000e89c                k_work_cancel_delayable_sync
 .text.z_setup_new_thread
                0x000000000000e9cc       0xc8 zephyr/kernel/libkernel.a(thread.c.obj)
                0x000000000000e9cc                z_setup_new_thread
 .text.z_impl_k_thread_create
                0x000000000000ea94       0x8c zephyr/kernel/libkernel.a(thread.c.obj)
                0x000000000000ea94                z_impl_k_thread_create
 .text.update_cache
                0x000000000000eb20       0x68 zephyr/kernel/libkernel.a(sched.c.obj)
 .text.unready_thread
                0x000000000000eb88       0x58 zephyr/kernel/libkernel.a(sched.c.obj)
 .text.unpend_thread_no_timeout
                0x000000000000ebe0       0x3c zephyr/kernel/libkernel.a(sched.c.obj)
 .text.ready_thread
                0x000000000000ec1c       0x94 zephyr/kernel/libkernel.a(sched.c.obj)
 .text.z_thread_halt
                0x000000000000ecb0      0x18c zephyr/kernel/libkernel.a(sched.c.obj)
 .text.move_thread_to_end_of_prio_q
                0x000000000000ee3c       0xb0 zephyr/kernel/libkernel.a(sched.c.obj)
                0x000000000000ee3c                move_thread_to_end_of_prio_q
 .text.z_ready_thread
                0x000000000000eeec       0x8c zephyr/kernel/libkernel.a(sched.c.obj)
                0x000000000000eeec                z_ready_thread
 .text.z_impl_k_thread_suspend
                0x000000000000ef78       0xa0 zephyr/kernel/libkernel.a(sched.c.obj)
                0x000000000000ef78                z_impl_k_thread_suspend
 .text.z_unpend_thread_no_timeout
                0x000000000000f018       0x90 zephyr/kernel/libkernel.a(sched.c.obj)
                0x000000000000f018                z_unpend_thread_no_timeout
 .text.z_sched_wake_thread
                0x000000000000f0a8       0xb0 zephyr/kernel/libkernel.a(sched.c.obj)
                0x000000000000f0a8                z_sched_wake_thread
 .text.z_pend_curr
                0x000000000000f158      0x10c zephyr/kernel/libkernel.a(sched.c.obj)
                0x000000000000f158                z_pend_curr
 .text.z_unpend1_no_timeout
                0x000000000000f264       0x9c zephyr/kernel/libkernel.a(sched.c.obj)
                0x000000000000f264                z_unpend1_no_timeout
 .text.z_unpend_first_thread
                0x000000000000f300       0xa4 zephyr/kernel/libkernel.a(sched.c.obj)
                0x000000000000f300                z_unpend_first_thread
 .text.z_thread_prio_set
                0x000000000000f3a4      0x124 zephyr/kernel/libkernel.a(sched.c.obj)
                0x000000000000f3a4                z_thread_prio_set
 .text.z_reschedule
                0x000000000000f4c8       0x8c zephyr/kernel/libkernel.a(sched.c.obj)
                0x000000000000f4c8                z_reschedule
 .text.z_sched_start
                0x000000000000f554       0xa4 zephyr/kernel/libkernel.a(sched.c.obj)
                0x000000000000f554                z_sched_start
 .text.z_reschedule_irqlock
                0x000000000000f5f8       0x28 zephyr/kernel/libkernel.a(sched.c.obj)
                0x000000000000f5f8                z_reschedule_irqlock
 .text.k_sched_lock
                0x000000000000f620       0xdc zephyr/kernel/libkernel.a(sched.c.obj)
                0x000000000000f620                k_sched_lock
 .text.k_sched_unlock
                0x000000000000f6fc       0xf8 zephyr/kernel/libkernel.a(sched.c.obj)
                0x000000000000f6fc                k_sched_unlock
 .text.z_sched_init
                0x000000000000f7f4       0x10 zephyr/kernel/libkernel.a(sched.c.obj)
                0x000000000000f7f4                z_sched_init
 .text.z_impl_k_yield
                0x000000000000f804      0x144 zephyr/kernel/libkernel.a(sched.c.obj)
                0x000000000000f804                z_impl_k_yield
 .text.z_tick_sleep
                0x000000000000f948      0x144 zephyr/kernel/libkernel.a(sched.c.obj)
 .text.z_impl_k_sleep
                0x000000000000fa8c       0x6c zephyr/kernel/libkernel.a(sched.c.obj)
                0x000000000000fa8c                z_impl_k_sleep
 .text.z_impl_k_sched_current_thread_query
                0x000000000000faf8        0xc zephyr/kernel/libkernel.a(sched.c.obj)
                0x000000000000faf8                z_impl_k_sched_current_thread_query
 .text.z_thread_abort
                0x000000000000fb04       0xdc zephyr/kernel/libkernel.a(sched.c.obj)
                0x000000000000fb04                z_thread_abort
 .text.z_sched_wake
                0x000000000000fbe0       0xbc zephyr/kernel/libkernel.a(sched.c.obj)
                0x000000000000fbe0                z_sched_wake
 .text.z_sched_wait
                0x000000000000fc9c       0x24 zephyr/kernel/libkernel.a(sched.c.obj)
                0x000000000000fc9c                z_sched_wait
 .text.slice_timeout
                0x000000000000fcc0       0x5c zephyr/kernel/libkernel.a(timeslicing.c.obj)
 .text.thread_is_sliceable
                0x000000000000fd1c       0x3c zephyr/kernel/libkernel.a(timeslicing.c.obj)
                0x000000000000fd1c                thread_is_sliceable
 .text.z_reset_time_slice
                0x000000000000fd58       0x50 zephyr/kernel/libkernel.a(timeslicing.c.obj)
                0x000000000000fd58                z_reset_time_slice
 .text.z_time_slice
                0x000000000000fda8       0xc8 zephyr/kernel/libkernel.a(timeslicing.c.obj)
                0x000000000000fda8                z_time_slice
 .text.z_spin_lock_valid
                0x000000000000fe70       0x1c zephyr/kernel/libkernel.a(spinlock_validate.c.obj)
                0x000000000000fe70                z_spin_lock_valid
 .text.z_spin_unlock_valid
                0x000000000000fe8c       0x2c zephyr/kernel/libkernel.a(spinlock_validate.c.obj)
                0x000000000000fe8c                z_spin_unlock_valid
 .text.z_spin_lock_set_owner
                0x000000000000feb8       0x10 zephyr/kernel/libkernel.a(spinlock_validate.c.obj)
                0x000000000000feb8                z_spin_lock_set_owner
 .text.z_data_copy
                0x000000000000fec8       0x34 zephyr/kernel/libkernel.a(xip.c.obj)
                0x000000000000fec8                z_data_copy
 .text.elapsed  0x000000000000fefc       0x14 zephyr/kernel/libkernel.a(timeout.c.obj)
 .text.remove_timeout
                0x000000000000ff10       0x38 zephyr/kernel/libkernel.a(timeout.c.obj)
 .text.next_timeout
                0x000000000000ff48       0x40 zephyr/kernel/libkernel.a(timeout.c.obj)
 .text.z_add_timeout
                0x000000000000ff88      0x18c zephyr/kernel/libkernel.a(timeout.c.obj)
                0x000000000000ff88                z_add_timeout
 .text.z_abort_timeout
                0x0000000000010114       0x9c zephyr/kernel/libkernel.a(timeout.c.obj)
                0x0000000000010114                z_abort_timeout
 .text.sys_clock_announce
                0x00000000000101b0      0x15c zephyr/kernel/libkernel.a(timeout.c.obj)
                0x00000000000101b0                sys_clock_announce
 .text.sys_clock_tick_get
                0x000000000001030c       0x9c zephyr/kernel/libkernel.a(timeout.c.obj)
                0x000000000001030c                sys_clock_tick_get
 .text.z_timer_expiration_handler
                0x00000000000103a8      0x170 zephyr/kernel/libkernel.a(timer.c.obj)
                0x00000000000103a8                z_timer_expiration_handler
 .text.z_impl_k_timer_start
                0x0000000000010518       0xe0 zephyr/kernel/libkernel.a(timer.c.obj)
                0x0000000000010518                z_impl_k_timer_start
 .text.z_handle_obj_poll_events
                0x00000000000105f8       0xa4 zephyr/kernel/libkernel.a(poll.c.obj)
                0x00000000000105f8                z_handle_obj_poll_events
 .text.z_impl_k_poll_signal_raise
                0x000000000001069c       0xb8 zephyr/kernel/libkernel.a(poll.c.obj)
                0x000000000001069c                z_impl_k_poll_signal_raise
 .text.z_heap_aligned_alloc
                0x0000000000010754       0x68 zephyr/kernel/libkernel.a(mempool.c.obj)
 .text.k_aligned_alloc
                0x00000000000107bc       0x6c zephyr/kernel/libkernel.a(mempool.c.obj)
                0x00000000000107bc                k_aligned_alloc
 .text.k_thread_system_pool_assign
                0x0000000000010828        0xc zephyr/kernel/libkernel.a(mempool.c.obj)
                0x0000000000010828                k_thread_system_pool_assign
 .text.z_thread_aligned_alloc
                0x0000000000010834       0x30 zephyr/kernel/libkernel.a(mempool.c.obj)
                0x0000000000010834                z_thread_aligned_alloc
 .text.nrf_cc3xx_platform_init_no_rng
                0x0000000000010864       0x38 C:/ncs/v2.9.1/nrfxlib/crypto/nrf_cc312_platform/lib/cortex-m33/soft-float/no-interrupts/libnrf_cc312_platform_0.9.19.a(nrf_cc3xx_platform.c.obj)
                0x0000000000010864                nrf_cc3xx_platform_init_no_rng
 .text.nrf_cc3xx_platform_abort
                0x000000000001089c       0x24 C:/ncs/v2.9.1/nrfxlib/crypto/nrf_cc312_platform/lib/cortex-m33/soft-float/no-interrupts/libnrf_cc312_platform_0.9.19.a(nrf_cc3xx_platform_abort.c.obj)
 .text.CC_PalAbort
                0x00000000000108c0       0x44 C:/ncs/v2.9.1/nrfxlib/crypto/nrf_cc312_platform/lib/cortex-m33/soft-float/no-interrupts/libnrf_cc312_platform_0.9.19.a(nrf_cc3xx_platform_abort.c.obj)
                0x00000000000108c0                CC_PalAbort
 .text.nrf_cc3xx_platform_set_abort
                0x0000000000010904       0x10 C:/ncs/v2.9.1/nrfxlib/crypto/nrf_cc312_platform/lib/cortex-m33/soft-float/no-interrupts/libnrf_cc312_platform_0.9.19.a(nrf_cc3xx_platform_abort.c.obj)
                0x0000000000010904                nrf_cc3xx_platform_set_abort
 .text.mutex_free
                0x0000000000010914       0x34 C:/ncs/v2.9.1/nrfxlib/crypto/nrf_cc312_platform/lib/cortex-m33/soft-float/no-interrupts/libnrf_cc312_platform_0.9.19.a(nrf_cc3xx_platform_mutex.c.obj)
 .text.mutex_lock
                0x0000000000010948       0x48 C:/ncs/v2.9.1/nrfxlib/crypto/nrf_cc312_platform/lib/cortex-m33/soft-float/no-interrupts/libnrf_cc312_platform_0.9.19.a(nrf_cc3xx_platform_mutex.c.obj)
 .text.mutex_unlock