Archive member included to satisfy reference by file (symbol)

app/libapp.a(main.c.obj)      (--whole-archive)
app/libapp.a(joybus.c.obj)    (--whole-archive)
zephyr/libzephyr.a(heap.c.obj)
                              (--whole-archive)
zephyr/libzephyr.a(cbprintf_packaged.c.obj)
                              (--whole-archive)
zephyr/libzephyr.a(printk.c.obj)
                              (--whole-archive)
zephyr/libzephyr.a(sem.c.obj)
                              (--whole-archive)
zephyr/libzephyr.a(thread_entry.c.obj)
                              (--whole-archive)
zephyr/libzephyr.a(cbprintf_complete.c.obj)
                              (--whole-archive)
zephyr/libzephyr.a(assert.c.obj)
                              (--whole-archive)
zephyr/libzephyr.a(mpsc_pbuf.c.obj)
                              (--whole-archive)
zephyr/libzephyr.a(dec.c.obj)
                              (--whole-archive)
zephyr/libzephyr.a(hex.c.obj)
                              (--whole-archive)
zephyr/libzephyr.a(rb.c.obj)  (--whole-archive)
zephyr/libzephyr.a(timeutil.c.obj)
                              (--whole-archive)
zephyr/libzephyr.a(bitarray.c.obj)
                              (--whole-archive)
zephyr/libzephyr.a(onoff.c.obj)
                              (--whole-archive)
zephyr/libzephyr.a(notify.c.obj)
                              (--whole-archive)
zephyr/libzephyr.a(configs.c.obj)
                              (--whole-archive)
zephyr/libzephyr.a(ipc_service.c.obj)
                              (--whole-archive)
zephyr/libzephyr.a(ipc_rpmsg_static_vrings.c.obj)
                              (--whole-archive)
zephyr/libzephyr.a(ipc_rpmsg.c.obj)
                              (--whole-archive)
zephyr/libzephyr.a(ipc_static_vrings.c.obj)
                              (--whole-archive)
zephyr/libzephyr.a(log_core.c.obj)
                              (--whole-archive)
zephyr/libzephyr.a(log_mgmt.c.obj)
                              (--whole-archive)
zephyr/libzephyr.a(log_cache.c.obj)
                              (--whole-archive)
zephyr/libzephyr.a(log_msg.c.obj)
                              (--whole-archive)
zephyr/libzephyr.a(log_output.c.obj)
                              (--whole-archive)
zephyr/libzephyr.a(log_backend_uart.c.obj)
                              (--whole-archive)
zephyr/libzephyr.a(mem_attr.c.obj)
                              (--whole-archive)
zephyr/libzephyr.a(tracing_none.c.obj)
                              (--whole-archive)
zephyr/libzephyr.a(banner.c.obj)
                              (--whole-archive)
zephyr/libzephyr.a(hci_vs_sdc.c.obj)
                              (--whole-archive)
zephyr/libzephyr.a(host_extensions.c.obj)
                              (--whole-archive)
zephyr/libzephyr.a(flash_map_partition_manager.c.obj)
                              (--whole-archive)
zephyr/libzephyr.a(utils.c.obj)
                              (--whole-archive)
zephyr/libzephyr.a(aes_decrypt.c.obj)
                              (--whole-archive)
zephyr/libzephyr.a(aes_encrypt.c.obj)
                              (--whole-archive)
zephyr/libzephyr.a(cmac_mode.c.obj)
                              (--whole-archive)
zephyr/libzephyr.a(sha256.c.obj)
                              (--whole-archive)
zephyr/libzephyr.a(hmac.c.obj)
                              (--whole-archive)
zephyr/libzephyr.a(hmac_prng.c.obj)
                              (--whole-archive)
zephyr/libzephyr.a(nrf_cc3xx_platform_abort_zephyr.c.obj)
                              (--whole-archive)
zephyr/libzephyr.a(nrf_cc3xx_platform_mutex_zephyr.c.obj)
                              (--whole-archive)
zephyr/arch/common/libarch__common.a(sw_isr_common.c.obj)
                              (--whole-archive)
zephyr/arch/arch/arm/core/libarch__arm__core.a(fatal.c.obj)
                              (--whole-archive)
zephyr/arch/arch/arm/core/libarch__arm__core.a(nmi.c.obj)
                              (--whole-archive)
zephyr/arch/arch/arm/core/libarch__arm__core.a(nmi_on_reset.S.obj)
                              (--whole-archive)
zephyr/arch/arch/arm/core/libarch__arm__core.a(tls.c.obj)
                              (--whole-archive)
zephyr/arch/arch/arm/core/cortex_m/libarch__arm__core__cortex_m.a(exc_exit.c.obj)
                              (--whole-archive)
zephyr/arch/arch/arm/core/cortex_m/libarch__arm__core__cortex_m.a(fault.c.obj)
                              (--whole-archive)
zephyr/arch/arch/arm/core/cortex_m/libarch__arm__core__cortex_m.a(fault_s.S.obj)
                              (--whole-archive)
zephyr/arch/arch/arm/core/cortex_m/libarch__arm__core__cortex_m.a(fpu.c.obj)
                              (--whole-archive)
zephyr/arch/arch/arm/core/cortex_m/libarch__arm__core__cortex_m.a(reset.S.obj)
                              (--whole-archive)
zephyr/arch/arch/arm/core/cortex_m/libarch__arm__core__cortex_m.a(scb.c.obj)
                              (--whole-archive)
[...]
Memory Configuration

Name             Origin             Length             Attributes
FLASH            0x0000000000000000 0x0000000000100000 xr
RAM              0x0000000020000000 0x0000000000070000 xw
IDT_LIST         0x00000000ffff7fff 0x0000000000008000 xw
*default*        0x0000000000000000 0xffffffffffffffff

Linker script and memory map

                0x000000000000ea40                vfprintf = __d_vfprintf
                0x0000000000000000                vfscanf = __d_vfscanf
LOAD zephyr/CMakeFiles/zephyr_pre0.dir/misc/empty_file.c.obj
LOAD zephyr/CMakeFiles/offsets.dir/./arch/arm/core/offsets/offsets.c.obj
LOAD app/libapp.a
LOAD zephyr/libzephyr.a
LOAD zephyr/arch/common/libarch__common.a
LOAD zephyr/arch/arch/arm/core/libarch__arm__core.a
LOAD zephyr/arch/arch/arm/core/cortex_m/libarch__arm__core__cortex_m.a
LOAD zephyr/arch/arch/arm/core/cortex_m/cmse/libarch__arm__core__cortex_m__cmse.a
LOAD zephyr/arch/arch/arm/core/mpu/libarch__arm__core__mpu.a
LOAD zephyr/lib/libc/picolibc/liblib__libc__picolibc.a
LOAD zephyr/lib/libc/common/liblib__libc__common.a
LOAD zephyr/lib/net_buf/liblib__net_buf.a
LOAD zephyr/soc/soc/nrf5340/libsoc__nordic.a
LOAD zephyr/subsys/bluetooth/common/libsubsys__bluetooth__common.a
LOAD zephyr/subsys/bluetooth/host/libsubsys__bluetooth__host.a
LOAD zephyr/drivers/bluetooth/libdrivers__bluetooth.a
LOAD zephyr/drivers/clock_control/libdrivers__clock_control.a
LOAD zephyr/drivers/console/libdrivers__console.a
LOAD zephyr/drivers/gpio/libdrivers__gpio.a
LOAD zephyr/drivers/mbox/libdrivers__mbox.a
LOAD zephyr/drivers/pinctrl/libdrivers__pinctrl.a
LOAD zephyr/drivers/serial/libdrivers__serial.a
LOAD zephyr/drivers/timer/libdrivers__timer.a
LOAD modules/nrf/lib/dk_buttons_and_leds/lib..__nrf__lib__dk_buttons_and_leds.a
LOAD modules/nrf/drivers/hw_cc3xx/lib..__nrf__drivers__hw_cc3xx.a
LOAD modules/hal_nordic/nrfx/libmodules__hal_nordic__nrfx.a
LOAD modules/libmetal/libmetal/lib/libmetal.a
LOAD modules/open-amp/open-amp/lib/libopen_amp.a
LOAD zephyr/kernel/libkernel.a
LOAD zephyr/arch/common/libisr_tables.a
LOAD C:/ncs/v2.9.1/nrfxlib/crypto/nrf_cc312_platform/lib/cortex-m33/soft-float/no-interrupts/libnrf_cc312_platform_0.9.19.a
LOAD c:\ncs\toolchains\b620d30767\opt\zephyr-sdk\arm-zephyr-eabi\bin\../lib/gcc/../../picolibc/arm-zephyr-eabi/lib/thumb/v8-m.main/nofp\libc.a
LOAD c:/ncs/toolchains/b620d30767/opt/zephyr-sdk/arm-zephyr-eabi/bin/../lib/gcc/arm-zephyr-eabi/12.2.0/thumb/v8-m.main/nofp\libgcc.a
                0x0000000000000020                _region_min_align = 0x20

.rel.plt        0x0000000000000000        0x0
 *(SORT_BY_ALIGNMENT(.rel.plt))
                [!provide]                        PROVIDE (__rel_iplt_start = .)
 *(SORT_BY_ALIGNMENT(.rel.iplt))
 .rel.iplt      0x0000000000000000        0x0 app/libapp.a(main.c.obj)
                [!provide]                        PROVIDE (__rel_iplt_end = .)

.rela.plt       0x0000000000000000        0x0
 *(SORT_BY_ALIGNMENT(.rela.plt))
                [!provide]                        PROVIDE (__rela_iplt_start = .)
 *(SORT_BY_ALIGNMENT(.rela.iplt))
                [!provide]                        PROVIDE (__rela_iplt_end = .)

.rel.dyn
 *(SORT_BY_ALIGNMENT(.rel.*))

.rela.dyn
 *(SORT_BY_ALIGNMENT(.rela.*))

/DISCARD/
 *(SORT_BY_ALIGNMENT(.plt))

/DISCARD/
 *(SORT_BY_ALIGNMENT(.iplt))
                0x0000000000000000                __rom_region_start = 0x0

rom_start       0x0000000000000000      0x154
                0x0000000000000000                __rom_start_address = .
 FILL mask 0x00
                0x0000000000000000                . = (. + (0x0 - (. - __rom_start_address)))
                0x0000000000000000                . = ALIGN (0x4)
                0x0000000000000000                . = ALIGN (0x80)
                0x0000000000000000                . = ALIGN (0x200)
                0x0000000000000000                _vector_start = .
 *(SORT_BY_ALIGNMENT(.exc_vector_table))
 *(SORT_BY_ALIGNMENT(.exc_vector_table.*))
 .exc_vector_table._vector_table_section
                0x0000000000000000       0x40 zephyr/arch/arch/arm/core/cortex_m/libarch__arm__core__cortex_m.a(vector_table.S.obj)
                0x0000000000000000                _vector_table
 *(SORT_BY_ALIGNMENT(.vectors))
                0x0000000000000154                _vector_end = .
                0x0000000000000040                . = ALIGN (0x4)
 *(SORT_BY_ALIGNMENT(.gnu.linkonce.irq_vector_table*))
 .gnu.linkonce.irq_vector_table
                0x0000000000000040      0x114 zephyr/arch/common/libisr_tables.a(isr_tables.c.obj)
                0x0000000000000040                _irq_vector_table
                0x0000000000000154                _vector_end = .

text            0x0000000000000154    0x15704
                0x0000000000000154                __text_region_start = .
 *(SORT_BY_ALIGNMENT(.text))
 .text          0x0000000000000154      0x378 c:/ncs/toolchains/b620d30767/opt/zephyr-sdk/arm-zephyr-eabi/bin/../lib/gcc/arm-zephyr-eabi/12.2.0/thumb/v8-m.main/nofp\libgcc.a(_arm_addsubdf3.o)
                0x0000000000000154                __aeabi_drsub
                0x000000000000015c                __aeabi_dsub
                0x000000000000015c                __subdf3
                0x0000000000000160                __aeabi_dadd
                0x0000000000000160                __adddf3
                0x00000000000003d8                __floatunsidf
                0x00000000000003d8                __aeabi_ui2d
                0x00000000000003f8                __floatsidf
                0x00000000000003f8                __aeabi_i2d
                0x000000000000041c                __aeabi_f2d
                0x000000000000041c                __extendsfdf2
                0x0000000000000460                __floatundidf
                0x0000000000000460                __aeabi_ul2d
                0x0000000000000470                __floatdidf
                0x0000000000000470                __aeabi_l2d
 .text          0x00000000000004cc      0x424 c:/ncs/toolchains/b620d30767/opt/zephyr-sdk/arm-zephyr-eabi/bin/../lib/gcc/arm-zephyr-eabi/12.2.0/thumb/v8-m.main/nofp\libgcc.a(_arm_muldivdf3.o)
                0x00000000000004cc                __aeabi_dmul
                0x00000000000004cc                __muldf3
                0x0000000000000720                __divdf3
                0x0000000000000720                __aeabi_ddiv
 .text          0x00000000000008f0       0x30 c:/ncs/toolchains/b620d30767/opt/zephyr-sdk/arm-zephyr-eabi/bin/../lib/gcc/arm-zephyr-eabi/12.2.0/thumb/v8-m.main/nofp\libgcc.a(_aeabi_uldivmod.o)
                0x00000000000008f0                __aeabi_uldivmod
 .text          0x0000000000000920        0x4 c:/ncs/toolchains/b620d30767/opt/zephyr-sdk/arm-zephyr-eabi/bin/../lib/gcc/arm-zephyr-eabi/12.2.0/thumb/v8-m.main/nofp\libgcc.a(_dvmd_tls.o)
                0x0000000000000920                __aeabi_idiv0
                0x0000000000000920                __aeabi_ldiv0
 .text          0x0000000000000924       0x14 c:\ncs\toolchains\b620d30767\opt\zephyr-sdk\arm-zephyr-eabi\bin\../lib/gcc/../../picolibc/arm-zephyr-eabi/lib/thumb/v8-m.main/nofp\libc.a(strcmp.S.o)
                0x0000000000000924                strcmp
 .text          0x0000000000000938       0x10 c:\ncs\toolchains\b620d30767\opt\zephyr-sdk\arm-zephyr-eabi\bin\../lib/gcc/../../picolibc/arm-zephyr-eabi/lib/thumb/v8-m.main/nofp\libc.a(strcpy.S.o)
                0x0000000000000938                strcpy
 .text          0x0000000000000948       0x10 c:\ncs\toolchains\b620d30767\opt\zephyr-sdk\arm-zephyr-eabi\bin\../lib/gcc/../../picolibc/arm-zephyr-eabi/lib/thumb/v8-m.main/nofp\libc.a(strlen.S.o)
                0x0000000000000948                strlen
 .text          0x0000000000000958      0x29c c:/ncs/toolchains/b620d30767/opt/zephyr-sdk/arm-zephyr-eabi/bin/../lib/gcc/arm-zephyr-eabi/12.2.0/thumb/v8-m.main/nofp\libgcc.a(_udivmoddi4.o)
                0x0000000000000958                __udivmoddi4
 *(SORT_BY_ALIGNMENT(.text.*))
 .text.app_button_cb
                0x0000000000000bf4        0xc app/libapp.a(main.c.obj)
 .text.on_disconnected
                0x0000000000000c00       0x20 app/libapp.a(main.c.obj)
 .text.on_le_phy_updated.part.0
                0x0000000000000c20       0x14 app/libapp.a(main.c.obj)
 .text.send_data_thread
                0x0000000000000c34       0x20 app/libapp.a(main.c.obj)
                0x0000000000000c34                send_data_thread
 .text.on_connected
                0x0000000000000c54       0xa0 app/libapp.a(main.c.obj)
 .text.button_changed.part.0
                0x0000000000000cf4       0x74 app/libapp.a(main.c.obj)
 .text.uart_cb  0x0000000000000d68       0x44 app/libapp.a(main.c.obj)
 .text.on_le_phy_updated
                0x0000000000000dac       0x30 app/libapp.a(main.c.obj)
                0x0000000000000dac                on_le_phy_updated
 .text.main     0x0000000000000ddc      0x138 app/libapp.a(main.c.obj)
                0x0000000000000ddc                main
 .text.joybus_ccc_button_cfg_changed
                0x0000000000000f14       0x10 app/libapp.a(joybus.c.obj)
 .text.joybus_ccc_input_response_cfg_changed
                0x0000000000000f24       0x10 app/libapp.a(joybus.c.obj)
 .text.write_led
                0x0000000000000f34       0x3c app/libapp.a(joybus.c.obj)
 .text.read_button
                0x0000000000000f70       0x44 app/libapp.a(joybus.c.obj)
 .text.joybus_init
                0x0000000000000fb4       0x14 app/libapp.a(joybus.c.obj)
                0x0000000000000fb4                joybus_init
 .text.joybus_send_button_state_indicate
                0x0000000000000fc8       0x44 app/libapp.a(joybus.c.obj)
                0x0000000000000fc8                joybus_send_button_state_indicate
 .text.joybus_send_input_response_notify
                0x000000000000100c       0x40 app/libapp.a(joybus.c.obj)
                0x000000000000100c                joybus_send_input_response_notify
 .text.cbvprintf_package
                0x000000000000104c      0x3a4 zephyr/libzephyr.a(cbprintf_packaged.c.obj)
                0x000000000000104c                cbvprintf_package
 .text.cbprintf_package_convert
                0x00000000000013f0      0x3c0 zephyr/libzephyr.a(cbprintf_packaged.c.obj)
                0x00000000000013f0                cbprintf_package_convert
 .text.__printk_hook_install
                0x00000000000017b0        0xc zephyr/libzephyr.a(printk.c.obj)
                0x00000000000017b0                __printk_hook_install
 .text.z_thread_entry
                0x00000000000017bc       0x34 zephyr/libzephyr.a(thread_entry.c.obj)
                0x00000000000017bc                z_thread_entry
 .text.process_event
                0x00000000000017f0      0x21c zephyr/libzephyr.a(onoff.c.obj)
 .text.ipc_service_open_instance
                0x0000000000001a0c       0x40 zephyr/libzephyr.a(ipc_service.c.obj)
                0x0000000000001a0c                ipc_service_open_instance
 .text.ipc_service_close_instance
                0x0000000000001a4c       0x40 zephyr/libzephyr.a(ipc_service.c.obj)
                0x0000000000001a4c                ipc_service_close_instance
 .text.ipc_service_register_endpoint
                0x0000000000001a8c       0x44 zephyr/libzephyr.a(ipc_service.c.obj)
                0x0000000000001a8c                ipc_service_register_endpoint
 .text.ipc_service_deregister_endpoint
                0x0000000000001ad0       0x58 zephyr/libzephyr.a(ipc_service.c.obj)
                0x0000000000001ad0                ipc_service_deregister_endpoint
 .text.ipc_service_send
                0x0000000000001b28       0x5c zephyr/libzephyr.a(ipc_service.c.obj)
                0x0000000000001b28                ipc_service_send
 .text.shared_memory_prepare
                0x0000000000001b84       0x14 zephyr/libzephyr.a(ipc_rpmsg_static_vrings.c.obj)
 .text.advertise_ept
                0x0000000000001b98       0x44 zephyr/libzephyr.a(ipc_rpmsg_static_vrings.c.obj)
 .text.get_ept  0x0000000000001bdc       0x28 zephyr/libzephyr.a(ipc_rpmsg_static_vrings.c.obj)
 .text.open     0x0000000000001c04      0x1b8 zephyr/libzephyr.a(ipc_rpmsg_static_vrings.c.obj)
 .text.bound_cb
                0x0000000000001dbc       0x30 zephyr/libzephyr.a(ipc_rpmsg_static_vrings.c.obj)
 .text.send     0x0000000000001dec       0x4c zephyr/libzephyr.a(ipc_rpmsg_static_vrings.c.obj)
 .text.register_ept
                0x0000000000001e38       0xe0 zephyr/libzephyr.a(ipc_rpmsg_static_vrings.c.obj)
 .text.deregister_ept
                0x0000000000001f18       0x44 zephyr/libzephyr.a(ipc_rpmsg_static_vrings.c.obj)
 .text.ns_bind_cb
                0x0000000000001f5c       0x6c zephyr/libzephyr.a(ipc_rpmsg.c.obj)
 .text.ipc_rpmsg_register_ept
                0x0000000000001fc8       0x3c zephyr/libzephyr.a(ipc_rpmsg.c.obj)
                0x0000000000001fc8                ipc_rpmsg_register_ept
 .text.ipc_rpmsg_init
                0x0000000000002004       0x70 zephyr/libzephyr.a(ipc_rpmsg.c.obj)
                0x0000000000002004                ipc_rpmsg_init
 .text.ipc_static_vrings_init
                0x0000000000002074      0x108 zephyr/libzephyr.a(ipc_static_vrings.c.obj)
                0x0000000000002074                ipc_static_vrings_init
 .text.activate_foreach_backend
                0x000000000000217c       0x64 zephyr/libzephyr.a(log_core.c.obj)
 .text.enable_logger
                0x00000000000021e0       0x5c zephyr/libzephyr.a(log_core.c.obj)
 .text.log_process_thread_timer_expiry_fn
                0x000000000000223c        0xc zephyr/libzephyr.a(log_core.c.obj)
 .text.z_log_init
                0x0000000000002248       0x90 zephyr/libzephyr.a(log_core.c.obj)
 .text.log_format_func_t_get
                0x00000000000022d8        0xc zephyr/libzephyr.a(log_core.c.obj)
                0x00000000000022d8                log_format_func_t_get
 .text.log_set_timestamp_func
                0x00000000000022e4       0x20 zephyr/libzephyr.a(log_core.c.obj)
                0x00000000000022e4                log_set_timestamp_func
 .text.z_log_notify_backend_enabled
                0x0000000000002304       0x1c zephyr/libzephyr.a(log_core.c.obj)
                0x0000000000002304                z_log_notify_backend_enabled
 .text.z_log_dropped
                0x0000000000002320       0x3c zephyr/libzephyr.a(log_core.c.obj)
                0x0000000000002320                z_log_dropped
 .text.z_log_dropped_read_and_clear
                0x000000000000235c       0x18 zephyr/libzephyr.a(log_core.c.obj)
                0x000000000000235c                z_log_dropped_read_and_clear
 .text.dropped_notify
                0x0000000000002374       0x30 zephyr/libzephyr.a(log_core.c.obj)
                0x0000000000002374                dropped_notify
 .text.z_log_msg_init
                0x00000000000023a4       0x20 zephyr/libzephyr.a(log_core.c.obj)
                0x00000000000023a4                z_log_msg_init
 .text.log_core_init
                0x00000000000023c4       0x34 zephyr/libzephyr.a(log_core.c.obj)
                0x00000000000023c4                log_core_init
 .text.z_log_msg_alloc
                0x00000000000023f8       0x10 zephyr/libzephyr.a(log_core.c.obj)
                0x00000000000023f8                z_log_msg_alloc
 .text.z_log_msg_local_claim
                0x0000000000002408        0xc zephyr/libzephyr.a(log_core.c.obj)
                0x0000000000002408                z_log_msg_local_claim
 .text.z_log_msg_free
                0x0000000000002414       0x10 zephyr/libzephyr.a(log_core.c.obj)
                0x0000000000002414                z_log_msg_free
 .text.z_log_msg_pending
                0x0000000000002424        0xc zephyr/libzephyr.a(log_core.c.obj)
                0x0000000000002424                z_log_msg_pending
 .text.z_impl_log_process
                0x0000000000002430       0xb4 zephyr/libzephyr.a(log_core.c.obj)
                0x0000000000002430                z_impl_log_process
 .text.z_impl_log_panic
                0x00000000000024e4       0x44 zephyr/libzephyr.a(log_core.c.obj)
                0x00000000000024e4                z_impl_log_panic
 .text.log_process_thread_func
                0x0000000000002528       0xa4 zephyr/libzephyr.a(log_core.c.obj)
 .text.z_log_msg_post_finalize
                0x00000000000025cc       0x78 zephyr/libzephyr.a(log_core.c.obj)
 .text.z_log_msg_commit
                0x0000000000002644       0x24 zephyr/libzephyr.a(log_core.c.obj)
                0x0000000000002644                z_log_msg_commit
 .text.log_source_name_get
                0x0000000000002668       0x1c zephyr/libzephyr.a(log_mgmt.c.obj)
                0x0000000000002668                log_source_name_get
 .text.log_backend_enable
                0x0000000000002684       0x28 zephyr/libzephyr.a(log_mgmt.c.obj)
                0x0000000000002684                log_backend_enable
 .text.z_impl_z_log_msg_static_create
                0x00000000000026ac      0x108 zephyr/libzephyr.a(log_msg.c.obj)
                0x00000000000026ac                z_impl_z_log_msg_static_create
 .text.z_log_msg_runtime_vcreate
                0x00000000000027b4       0xa0 zephyr/libzephyr.a(log_msg.c.obj)
                0x00000000000027b4                z_log_msg_runtime_vcreate
 .text.log_msg_get_source_id
                0x0000000000002854       0x18 zephyr/libzephyr.a(log_msg.c.obj)
                0x0000000000002854                log_msg_get_source_id
 .text.print_formatted
                0x000000000000286c       0x24 zephyr/libzephyr.a(log_output.c.obj)
 .text.newline_print
                0x0000000000002890       0x1c zephyr/libzephyr.a(log_output.c.obj)
 .text.log_output_process
                0x00000000000028ac      0x2d4 zephyr/libzephyr.a(log_output.c.obj)
                0x00000000000028ac                log_output_process
 .text.log_output_dropped_process
                0x0000000000002b80       0x58 zephyr/libzephyr.a(log_output.c.obj)
                0x0000000000002b80                log_output_dropped_process
 .text.log_output_timestamp_freq_set
                0x0000000000002bd8       0x2c zephyr/libzephyr.a(log_output.c.obj)
                0x0000000000002bd8                log_output_timestamp_freq_set
 .text.char_out
                0x0000000000002c04       0x24 zephyr/libzephyr.a(log_backend_uart.c.obj)
 .text.mem_attr_get_regions
                0x0000000000002c28        0xc zephyr/libzephyr.a(mem_attr.c.obj)
                0x0000000000002c28                mem_attr_get_regions
 .text.boot_banner
                0x0000000000002c34       0x1c zephyr/libzephyr.a(banner.c.obj)
                0x0000000000002c34                boot_banner
 .text.sub_bytes
                0x0000000000002c50       0x18 zephyr/libzephyr.a(aes_encrypt.c.obj)
 .text.tc_aes128_set_encrypt_key
                0x0000000000002c68       0xa8 zephyr/libzephyr.a(aes_encrypt.c.obj)
                0x0000000000002c68                tc_aes128_set_encrypt_key
 .text.compress
                0x0000000000002d10      0x1d4 zephyr/libzephyr.a(sha256.c.obj)
 .text.tc_sha256_init
                0x0000000000002ee4       0x58 zephyr/libzephyr.a(sha256.c.obj)
                0x0000000000002ee4                tc_sha256_init
 .text.nrf_cc3xx_platform_abort_init
                0x0000000000002f3c        0xc zephyr/libzephyr.a(nrf_cc3xx_platform_abort_zephyr.c.obj)
                0x0000000000002f3c                nrf_cc3xx_platform_abort_init
 .text.mutex_free_platform
                0x0000000000002f48       0x54 zephyr/libzephyr.a(nrf_cc3xx_platform_mutex_zephyr.c.obj)
 .text.mutex_lock_platform
                0x0000000000002f9c       0x74 zephyr/libzephyr.a(nrf_cc3xx_platform_mutex_zephyr.c.obj)
 .text.mutex_unlock_platform
                0x0000000000003010       0x68 zephyr/libzephyr.a(nrf_cc3xx_platform_mutex_zephyr.c.obj)
 .text.mutex_init_platform
                0x0000000000003078       0x94 zephyr/libzephyr.a(nrf_cc3xx_platform_mutex_zephyr.c.obj)
 .text.nrf_cc3xx_platform_mutex_init
                0x000000000000310c       0x2c zephyr/libzephyr.a(nrf_cc3xx_platform_mutex_zephyr.c.obj)
                0x000000000000310c                nrf_cc3xx_platform_mutex_init
 .text.z_arm_fatal_error
                0x0000000000003138       0xb8 zephyr/arch/arch/arm/core/libarch__arm__core.a(fatal.c.obj)
                0x0000000000003138                z_arm_fatal_error
 .text.z_SysNmiOnReset
                0x00000000000031f0        0x8 zephyr/arch/arch/arm/core/libarch__arm__core.a(nmi_on_reset.S.obj)
                0x00000000000031f0                z_SysNmiOnReset
 .text.arch_tls_stack_setup
                0x00000000000031f8       0x40 zephyr/arch/arch/arm/core/libarch__arm__core.a(tls.c.obj)
                0x00000000000031f8                arch_tls_stack_setup
 .text._HandlerModeExit
                0x0000000000003238       0x28 zephyr/arch/arch/arm/core/cortex_m/libarch__arm__core__cortex_m.a(exc_exit.c.obj)
                0x0000000000003238                z_arm_int_exit
                0x0000000000003238                z_arm_exc_exit
 .text.mem_manage_fault.constprop.0
                0x0000000000003260       0xd0 zephyr/arch/arch/arm/core/cortex_m/libarch__arm__core__cortex_m.a(fault.c.obj)
 .text.usage_fault.constprop.0
                0x0000000000003330       0xbc zephyr/arch/arch/arm/core/cortex_m/libarch__arm__core__cortex_m.a(fault.c.obj)
 .text.bus_fault.constprop.0
                0x00000000000033ec       0xd0 zephyr/arch/arch/arm/core/cortex_m/libarch__arm__core__cortex_m.a(fault.c.obj)
 .text.z_arm_fault
                0x00000000000034bc      0x1d0 zephyr/arch/arch/arm/core/cortex_m/libarch__arm__core__cortex_m.a(fault.c.obj)
                0x00000000000034bc                z_arm_fault
 .text.z_arm_fault_init
                0x000000000000368c       0x20 zephyr/arch/arch/arm/core/cortex_m/libarch__arm__core__cortex_m.a(fault.c.obj)
                0x000000000000368c                z_arm_fault_init
 .text.__fault  0x00000000000036ac       0x14 zephyr/arch/arch/arm/core/cortex_m/libarch__arm__core__cortex_m.a(fault_s.S.obj)
                0x00000000000036ac                z_arm_usage_fault
                0x00000000000036ac                z_arm_mpu_fault
                0x00000000000036ac                z_arm_exc_spurious
                0x00000000000036ac                z_arm_debug_monitor
                0x00000000000036ac                z_arm_hard_fault
                0x00000000000036ac                z_arm_bus_fault
 .text._reset_section
                0x00000000000036c0       0x60 zephyr/arch/arch/arm/core/cortex_m/libarch__arm__core__cortex_m.a(reset.S.obj)
                0x00000000000036c0                __start
                0x00000000000036c0                z_arm_reset
 .text.z_arm_clear_arm_mpu_config
                0x0000000000003720       0x24 zephyr/arch/arch/arm/core/cortex_m/libarch__arm__core__cortex_m.a(scb.c.obj)
                0x0000000000003720                z_arm_clear_arm_mpu_config
 .text.z_arm_init_arch_hw_at_boot
                0x0000000000003744       0x4c zephyr/arch/arch/arm/core/cortex_m/libarch__arm__core__cortex_m.a(scb.c.obj)
                0x0000000000003744                z_arm_init_arch_hw_at_boot
 .text.z_impl_k_thread_abort
                0x0000000000003790       0x2c zephyr/arch/arch/arm/core/cortex_m/libarch__arm__core__cortex_m.a(thread_abort.c.obj)
                0x0000000000003790                z_impl_k_thread_abort
 .text.arch_swap
                0x00000000000037bc       0x30 zephyr/arch/arch/arm/core/cortex_m/libarch__arm__core__cortex_m.a(swap.c.obj)
                0x00000000000037bc                arch_swap
 .text.z_arm_pendsv_c
                0x00000000000037ec       0x40 zephyr/arch/arch/arm/core/cortex_m/libarch__arm__core__cortex_m.a(swap.c.obj)
                0x00000000000037ec                z_arm_pendsv_c
 .text.z_arm_pendsv
                0x000000000000382c       0x40 zephyr/arch/arch/arm/core/cortex_m/libarch__arm__core__cortex_m.a(swap_helper.S.obj)
                0x000000000000382c                z_arm_pendsv
 .text.z_arm_svc
                0x000000000000386c       0x20 zephyr/arch/arch/arm/core/cortex_m/libarch__arm__core__cortex_m.a(swap_helper.S.obj)
                0x000000000000386c                z_arm_svc
 .text.arch_irq_enable
                0x000000000000388c       0x1c zephyr/arch/arch/arm/core/cortex_m/libarch__arm__core__cortex_m.a(irq_manage.c.obj)
                0x000000000000388c                arch_irq_enable
 .text.arch_irq_disable
                0x00000000000038a8       0x28 zephyr/arch/arch/arm/core/cortex_m/libarch__arm__core__cortex_m.a(irq_manage.c.obj)
                0x00000000000038a8                arch_irq_disable
 .text.arch_irq_is_enabled
                0x00000000000038d0       0x1c zephyr/arch/arch/arm/core/cortex_m/libarch__arm__core__cortex_m.a(irq_manage.c.obj)
                0x00000000000038d0                arch_irq_is_enabled
 .text.z_arm_irq_priority_set
                0x00000000000038ec       0x2c zephyr/arch/arch/arm/core/cortex_m/libarch__arm__core__cortex_m.a(irq_manage.c.obj)
                0x00000000000038ec                z_arm_irq_priority_set
 .text.z_prep_c
                0x0000000000003918       0x38 zephyr/arch/arch/arm/core/cortex_m/libarch__arm__core__cortex_m.a(prep_c.c.obj)
                0x0000000000003918                z_prep_c
 .text.arch_new_thread
                0x0000000000003950       0x38 zephyr/arch/arch/arm/core/cortex_m/libarch__arm__core__cortex_m.a(thread.c.obj)
                0x0000000000003950                arch_new_thread
 .text.arch_switch_to_main_thread
                0x0000000000003988       0x48 zephyr/arch/arch/arm/core/cortex_m/libarch__arm__core__cortex_m.a(thread.c.obj)
                0x0000000000003988                arch_switch_to_main_thread
 .text.z_arm_cpu_idle_init
                0x00000000000039d0        0xc zephyr/arch/arch/arm/core/cortex_m/libarch__arm__core__cortex_m.a(cpu_idle.c.obj)
                0x00000000000039d0                z_arm_cpu_idle_init
 .text.z_arm_interrupt_init
                0x00000000000039dc       0x18 zephyr/arch/arch/arm/core/cortex_m/libarch__arm__core__cortex_m.a(irq_init.c.obj)
                0x00000000000039dc                z_arm_interrupt_init
 .text._isr_wrapper
                0x00000000000039f4       0x24 zephyr/arch/arch/arm/core/cortex_m/libarch__arm__core__cortex_m.a(isr_wrapper.c.obj)
                0x00000000000039f4                _isr_wrapper
 .text.z_arm_configure_static_mpu_regions
                0x0000000000003a18       0x38 zephyr/arch/arch/arm/core/mpu/libarch__arm__core__mpu.a(arm_core_mpu.c.obj)
                0x0000000000003a18                z_arm_configure_static_mpu_regions
 .text.region_init
                0x0000000000003a50       0x34 zephyr/arch/arch/arm/core/mpu/libarch__arm__core__mpu.a(arm_mpu.c.obj)
 .text.region_allocate_and_init
                0x0000000000003a84       0x38 zephyr/arch/arch/arm/core/mpu/libarch__arm__core__mpu.a(arm_mpu.c.obj)
 .text.mpu_configure_regions_and_partition.constprop.0
                0x0000000000003abc      0x164 zephyr/arch/arch/arm/core/mpu/libarch__arm__core__mpu.a(arm_mpu.c.obj)
 .text.arm_core_mpu_enable
                0x0000000000003c20       0x18 zephyr/arch/arch/arm/core/mpu/libarch__arm__core__mpu.a(arm_mpu.c.obj)
                0x0000000000003c20                arm_core_mpu_enable
 .text.arm_core_mpu_disable
                0x0000000000003c38       0x14 zephyr/arch/arch/arm/core/mpu/libarch__arm__core__mpu.a(arm_mpu.c.obj)
                0x0000000000003c38                arm_core_mpu_disable
 .text.arm_core_mpu_configure_static_mpu_regions
                0x0000000000003c4c       0x14 zephyr/arch/arch/arm/core/mpu/libarch__arm__core__mpu.a(arm_mpu.c.obj)
                0x0000000000003c4c                arm_core_mpu_configure_static_mpu_regions
 .text.arm_core_mpu_mark_areas_for_dynamic_regions
                0x0000000000003c60       0xb8 zephyr/arch/arch/arm/core/mpu/libarch__arm__core__mpu.a(arm_mpu.c.obj)
                0x0000000000003c60                arm_core_mpu_mark_areas_for_dynamic_regions
 .text.z_arm_mpu_init
                0x0000000000003d18      0x11c zephyr/arch/arch/arm/core/mpu/libarch__arm__core__mpu.a(arm_mpu.c.obj)
                0x0000000000003d18                z_arm_mpu_init
 .text.z_impl_zephyr_fputc
                0x0000000000003e34       0x10 zephyr/lib/libc/picolibc/liblib__libc__picolibc.a(libc-hooks.c.obj)
                0x0000000000003e34                z_impl_zephyr_fputc
 .text.__stdout_hook_install
                0x0000000000003e44       0x18 zephyr/lib/libc/picolibc/liblib__libc__picolibc.a(libc-hooks.c.obj)
                0x0000000000003e44                __stdout_hook_install
 .text.cbvprintf
                0x0000000000003e5c       0x38 zephyr/lib/libc/picolibc/liblib__libc__picolibc.a(libc-hooks.c.obj)
                0x0000000000003e5c                cbvprintf
 .text.malloc_prepare
                0x0000000000003e94       0x24 zephyr/lib/libc/common/liblib__libc__common.a(malloc.c.obj)
 .text.net_buf_destroy
                0x0000000000003eb8       0x38 zephyr/lib/net_buf/liblib__net_buf.a(buf.c.obj)
 .text.net_buf_pool_get
                0x0000000000003ef0       0x10 zephyr/lib/net_buf/liblib__net_buf.a(buf.c.obj)
                0x0000000000003ef0                net_buf_pool_get
 .text.net_buf_id
                0x0000000000003f00       0x20 zephyr/lib/net_buf/liblib__net_buf.a(buf.c.obj)
                0x0000000000003f00                net_buf_id
 .text.fixed_data_alloc
                0x0000000000003f20       0x24 zephyr/lib/net_buf/liblib__net_buf.a(buf.c.obj)
 .text.net_buf_alloc_len
                0x0000000000003f44      0x124 zephyr/lib/net_buf/liblib__net_buf.a(buf.c.obj)
                0x0000000000003f44                net_buf_alloc_len
 .text.net_buf_unref
                0x0000000000004068       0x38 zephyr/lib/net_buf/liblib__net_buf.a(buf.c.obj)
                0x0000000000004068                net_buf_unref
 .text.nrf_gpio_pin_control_select
                0x00000000000040a0       0x3c zephyr/soc/soc/nrf5340/libsoc__nordic.a(soc.c.obj)
 .text.nordicsemi_nrf53_init
                0x00000000000040dc       0x5c zephyr/soc/soc/nrf5340/libsoc__nordic.a(soc.c.obj)
 .text.rtc_pretick_init
                0x0000000000004138       0x60 zephyr/soc/soc/nrf5340/libsoc__nordic.a(soc.c.obj)
 .text.z_arm_on_enter_cpu_idle
                0x0000000000004198       0x64 zephyr/soc/soc/nrf5340/libsoc__nordic.a(soc.c.obj)
                0x0000000000004198                z_arm_on_enter_cpu_idle
 .text.arch_busy_wait
                0x00000000000041fc       0x24 zephyr/soc/soc/nrf5340/libsoc__nordic.a(soc.c.obj)
                0x00000000000041fc                arch_busy_wait
 .text.nrf53_cpunet_mgmt_init
                0x0000000000004220       0x10 zephyr/soc/soc/nrf5340/libsoc__nordic.a(nrf53_cpunet_mgmt.c.obj)
 .text.onoff_start
                0x0000000000004230       0x6c zephyr/soc/soc/nrf5340/libsoc__nordic.a(nrf53_cpunet_mgmt.c.obj)
 .text.nrf53_cpunet_enable
                0x000000000000429c       0x34 zephyr/soc/soc/nrf5340/libsoc__nordic.a(nrf53_cpunet_mgmt.c.obj)
                0x000000000000429c                nrf53_cpunet_enable
 .text.rtc_cb   0x00000000000042d0       0x50 zephyr/soc/soc/nrf5340/libsoc__nordic.a(sync_rtc.c.obj)
 .text.sync_rtc_setup
                0x0000000000004320       0xd0 zephyr/soc/soc/nrf5340/libsoc__nordic.a(sync_rtc.c.obj)
 .text.mbox_callback
                0x00000000000043f0       0x80 zephyr/soc/soc/nrf5340/libsoc__nordic.a(sync_rtc.c.obj)
 .text.bt_hex   0x0000000000004470       0x44 zephyr/subsys/bluetooth/common/libsubsys__bluetooth__common.a(bt_str.c.obj)
                0x0000000000004470                bt_hex
 .text.bt_addr_le_str
                0x00000000000044b4       0x7c zephyr/subsys/bluetooth/common/libsubsys__bluetooth__common.a(bt_str.c.obj)
                0x00000000000044b4                bt_addr_le_str
 .text.long_wq_init
                0x0000000000004530       0x38 zephyr/subsys/bluetooth/host/libsubsys__bluetooth__host.a(long_wq.c.obj)
 .text.bt_long_wq_schedule
                0x0000000000004568        0xc zephyr/subsys/bluetooth/host/libsubsys__bluetooth__host.a(long_wq.c.obj)
                0x0000000000004568                bt_long_wq_schedule
 .text.uuid_to_uuid128
                0x0000000000004574       0x78 zephyr/subsys/bluetooth/host/libsubsys__bluetooth__host.a(uuid.c.obj)
 .text.bt_buf_get_rx
                0x00000000000045ec       0x2c zephyr/subsys/bluetooth/host/libsubsys__bluetooth__host.a(buf.c.obj)
                0x00000000000045ec                bt_buf_get_rx
 .text.bt_buf_get_evt
                0x0000000000004618       0x40 zephyr/subsys/bluetooth/host/libsubsys__bluetooth__host.a(buf.c.obj)
                0x0000000000004618                bt_buf_get_evt
 .text.hci_data_buf_overflow
                0x0000000000004658       0x18 zephyr/subsys/bluetooth/host/libsubsys__bluetooth__host.a(hci_core.c.obj)
 .text.hci_disconn_complete_prio
                0x0000000000004670       0x4c zephyr/subsys/bluetooth/host/libsubsys__bluetooth__host.a(hci_core.c.obj)
 .text.hci_disconn_complete
                0x00000000000046bc       0x44 zephyr/subsys/bluetooth/host/libsubsys__bluetooth__host.a(hci_core.c.obj)
 .text.hci_hardware_error
                0x0000000000004700       0x24 zephyr/subsys/bluetooth/host/libsubsys__bluetooth__host.a(hci_core.c.obj)
 .text.rx_queue_put
                0x0000000000004724       0x3c zephyr/subsys/bluetooth/host/libsubsys__bluetooth__host.a(hci_core.c.obj)
 .text.find_pending_connect.part.0
                0x0000000000004760       0x2c zephyr/subsys/bluetooth/host/libsubsys__bluetooth__host.a(hci_core.c.obj)
 .text.le_conn_param_neg_reply.part.0
                0x000000000000478c       0x14 zephyr/subsys/bluetooth/host/libsubsys__bluetooth__host.a(hci_core.c.obj)
 .text.handle_event.part.0
                0x00000000000047a0       0x48 zephyr/subsys/bluetooth/host/libsubsys__bluetooth__host.a(hci_core.c.obj)
 .text.le_remote_feat_complete
                0x00000000000047e8       0x54 zephyr/subsys/bluetooth/host/libsubsys__bluetooth__host.a(hci_core.c.obj)
 .text.enh_conn_complete_error_handle
                0x000000000000483c       0x80 zephyr/subsys/bluetooth/host/libsubsys__bluetooth__host.a(hci_core.c.obj)
 .text.handle_event_common
                0x00000000000048bc       0x50 zephyr/subsys/bluetooth/host/libsubsys__bluetooth__host.a(hci_core.c.obj)
 .text.rx_work_handler
                0x000000000000490c      0x138 zephyr/subsys/bluetooth/host/libsubsys__bluetooth__host.a(hci_core.c.obj)
 .text.hci_le_meta_event
                0x0000000000004a44       0x20 zephyr/subsys/bluetooth/host/libsubsys__bluetooth__host.a(hci_core.c.obj)
 .text.hci_vendor_event
                0x0000000000004a64       0x68 zephyr/subsys/bluetooth/host/libsubsys__bluetooth__host.a(hci_core.c.obj)
 .text.hci_cmd_done.part.0
                0x0000000000004acc      0x134 zephyr/subsys/bluetooth/host/libsubsys__bluetooth__host.a(hci_core.c.obj)
 .text.hci_num_completed_packets
                0x0000000000004c00       0xec zephyr/subsys/bluetooth/host/libsubsys__bluetooth__host.a(hci_core.c.obj)
 .text.le_conn_update_complete
                0x0000000000004cec       0xc4 zephyr/subsys/bluetooth/host/libsubsys__bluetooth__host.a(hci_core.c.obj)
 .text.bt_hci_cmd_state_set_init
                0x0000000000004db0       0x24 zephyr/subsys/bluetooth/host/libsubsys__bluetooth__host.a(hci_core.c.obj)
                0x0000000000004db0                bt_hci_cmd_state_set_init
 .text.bt_hci_cmd_create
                0x0000000000004dd4       0x78 zephyr/subsys/bluetooth/host/libsubsys__bluetooth__host.a(hci_core.c.obj)
                0x0000000000004dd4                bt_hci_cmd_create
 .text.bt_get_phy
                0x0000000000004e4c       0x14 zephyr/subsys/bluetooth/host/libsubsys__bluetooth__host.a(hci_core.c.obj)
                0x0000000000004e4c                bt_get_phy
 .text.le_phy_update_complete
                0x0000000000004e60       0x50 zephyr/subsys/bluetooth/host/libsubsys__bluetooth__host.a(hci_core.c.obj)
 .text.bt_hci_get_ver_str
                0x0000000000004eb0       0x3c zephyr/subsys/bluetooth/host/libsubsys__bluetooth__host.a(hci_core.c.obj)
                0x0000000000004eb0                bt_hci_get_ver_str
 .text.bt_send  0x0000000000004eec       0x14 zephyr/subsys/bluetooth/host/libsubsys__bluetooth__host.a(hci_core.c.obj)
                0x0000000000004eec                bt_send
 .text.hci_event_prio
                0x0000000000004f00       0xa0 zephyr/subsys/bluetooth/host/libsubsys__bluetooth__host.a(hci_core.c.obj)
                0x0000000000004f00                hci_event_prio
 .text.bt_hci_recv
                0x0000000000004fa0       0x5c zephyr/subsys/bluetooth/host/libsubsys__bluetooth__host.a(hci_core.c.obj)
                0x0000000000004fa0                bt_hci_recv
 .text.bt_finalize_init
                0x0000000000004ffc      0x134 zephyr/subsys/bluetooth/host/libsubsys__bluetooth__host.a(hci_core.c.obj)
                0x0000000000004ffc                bt_finalize_init
 .text.bt_get_name
                0x0000000000005130        0x8 zephyr/subsys/bluetooth/host/libsubsys__bluetooth__host.a(hci_core.c.obj)
                0x0000000000005130                bt_get_name
 .text.bt_tx_irq_raise
                0x0000000000005138        0xc zephyr/subsys/bluetooth/host/libsubsys__bluetooth__host.a(hci_core.c.obj)
                0x0000000000005138                bt_tx_irq_raise
 .text.bt_hci_cmd_send
                0x0000000000005144       0x5c zephyr/subsys/bluetooth/host/libsubsys__bluetooth__host.a(hci_core.c.obj)
                0x0000000000005144                bt_hci_cmd_send
 .text.bt_send_one_host_num_completed_packets
                0x00000000000051a0       0xa0 zephyr/subsys/bluetooth/host/libsubsys__bluetooth__host.a(hci_core.c.obj)
                0x00000000000051a0                bt_send_one_host_num_completed_packets
 .text.bt_hci_host_num_completed_packets
                0x0000000000005240       0x98 zephyr/subsys/bluetooth/host/libsubsys__bluetooth__host.a(hci_core.c.obj)
                0x0000000000005240                bt_hci_host_num_completed_packets
 .text.le_conn_param_req
                0x00000000000052d8       0xc0 zephyr/subsys/bluetooth/host/libsubsys__bluetooth__host.a(hci_core.c.obj)
 .text.process_pending_cmd
                0x0000000000005398       0xd8 zephyr/subsys/bluetooth/host/libsubsys__bluetooth__host.a(hci_core.c.obj)
 .text.bt_hci_cmd_send_sync
                0x0000000000005470      0x1b0 zephyr/subsys/bluetooth/host/libsubsys__bluetooth__host.a(hci_core.c.obj)
                0x0000000000005470                bt_hci_cmd_send_sync
 .text.bt_init  0x0000000000005620      0x4f0 zephyr/subsys/bluetooth/host/libsubsys__bluetooth__host.a(hci_core.c.obj)
 .text.init_work
                0x0000000000005b10       0x18 zephyr/subsys/bluetooth/host/libsubsys__bluetooth__host.a(hci_core.c.obj)
 .text.bt_enable
                0x0000000000005b28       0xd0 zephyr/subsys/bluetooth/host/libsubsys__bluetooth__host.a(hci_core.c.obj)
                0x0000000000005b28                bt_enable
 .text.bt_hci_le_rand
                0x0000000000005bf8       0x58 zephyr/subsys/bluetooth/host/libsubsys__bluetooth__host.a(hci_core.c.obj)
                0x0000000000005bf8                bt_hci_le_rand
 .text.bt_hci_le_enh_conn_complete
                0x0000000000005c50      0x1b4 zephyr/subsys/bluetooth/host/libsubsys__bluetooth__host.a(hci_core.c.obj)
                0x0000000000005c50                bt_hci_le_enh_conn_complete
 .text.le_legacy_conn_complete
                0x0000000000005e04       0x7c zephyr/subsys/bluetooth/host/libsubsys__bluetooth__host.a(hci_core.c.obj)
 .text.hci_cmd_status
                0x0000000000005e80       0x34 zephyr/subsys/bluetooth/host/libsubsys__bluetooth__host.a(hci_core.c.obj)
 .text.hci_cmd_complete
                0x0000000000005eb4       0x78 zephyr/subsys/bluetooth/host/libsubsys__bluetooth__host.a(hci_core.c.obj)
 .text.id_find  0x0000000000005f2c       0x30 zephyr/subsys/bluetooth/host/libsubsys__bluetooth__host.a(id.c.obj)
 .text.set_random_address
                0x0000000000005f5c       0x74 zephyr/subsys/bluetooth/host/libsubsys__bluetooth__host.a(id.c.obj)
 .text.id_create.constprop.0
                0x0000000000005fd0       0x74 zephyr/subsys/bluetooth/host/libsubsys__bluetooth__host.a(id.c.obj)
 .text.bt_id_create
                0x0000000000006044       0x98 zephyr/subsys/bluetooth/host/libsubsys__bluetooth__host.a(id.c.obj)
                0x0000000000006044                bt_id_create
 .text.bt_id_read_public_addr
                0x00000000000060dc       0x88 zephyr/subsys/bluetooth/host/libsubsys__bluetooth__host.a(id.c.obj)
                0x00000000000060dc                bt_id_read_public_addr
 .text.bt_setup_public_id_addr
                0x0000000000006164       0x20 zephyr/subsys/bluetooth/host/libsubsys__bluetooth__host.a(id.c.obj)
                0x0000000000006164                bt_setup_public_id_addr
 .text.bt_setup_random_id_addr
                0x0000000000006184       0xd8 zephyr/subsys/bluetooth/host/libsubsys__bluetooth__host.a(id.c.obj)
                0x0000000000006184                bt_setup_random_id_addr
 .text.bt_id_set_adv_own_addr
                0x000000000000625c       0xd4 zephyr/subsys/bluetooth/host/libsubsys__bluetooth__host.a(id.c.obj)
                0x000000000000625c                bt_id_set_adv_own_addr
 .text.bt_id_init
                0x0000000000006330       0x54 zephyr/subsys/bluetooth/host/libsubsys__bluetooth__host.a(id.c.obj)
                0x0000000000006330                bt_id_init
 .text.hci_set_ad
                0x0000000000006384       0xd0 zephyr/subsys/bluetooth/host/libsubsys__bluetooth__host.a(adv.c.obj)
 .text.adv_is_directed
                0x0000000000006454       0x18 zephyr/subsys/bluetooth/host/libsubsys__bluetooth__host.a(adv.c.obj)
 .text.le_adv_start_add_conn
                0x000000000000646c       0x60 zephyr/subsys/bluetooth/host/libsubsys__bluetooth__host.a(adv.c.obj)
 .text.valid_adv_param
                0x00000000000064cc       0x84 zephyr/subsys/bluetooth/host/libsubsys__bluetooth__host.a(adv.c.obj)
 .text.bt_le_adv_lookup_legacy
                0x0000000000006550        0x8 zephyr/subsys/bluetooth/host/libsubsys__bluetooth__host.a(adv.c.obj)
                0x0000000000006550                bt_le_adv_lookup_legacy
 .text.bt_le_adv_start_legacy
                0x0000000000006558      0x278 zephyr/subsys/bluetooth/host/libsubsys__bluetooth__host.a(adv.c.obj)
                0x0000000000006558                bt_le_adv_start_legacy
 .text.bt_le_adv_start
                0x00000000000067d0       0x64 zephyr/subsys/bluetooth/host/libsubsys__bluetooth__host.a(adv.c.obj)
                0x00000000000067d0                bt_le_adv_start
 .text.bt_le_adv_stop
                0x0000000000006834       0x78 zephyr/subsys/bluetooth/host/libsubsys__bluetooth__host.a(adv.c.obj)
                0x0000000000006834                bt_le_adv_stop
 .text.adv_timeout
                0x00000000000068ac       0x24 zephyr/subsys/bluetooth/host/libsubsys__bluetooth__host.a(adv.c.obj)
 .text.bt_le_adv_resume
                0x00000000000068d0       0xe0 zephyr/subsys/bluetooth/host/libsubsys__bluetooth__host.a(adv.c.obj)
                0x00000000000068d0                bt_le_adv_resume
 .text.prng_reseed.constprop.0
                0x00000000000069b0       0x60 zephyr/subsys/bluetooth/host/libsubsys__bluetooth__host.a(crypto_tc.c.obj)
 .text.prng_init
                0x0000000000006a10       0x40 zephyr/subsys/bluetooth/host/libsubsys__bluetooth__host.a(crypto_tc.c.obj)
                0x0000000000006a10                prng_init
 .text.bt_rand  0x0000000000006a50       0x3c zephyr/subsys/bluetooth/host/libsubsys__bluetooth__host.a(crypto_tc.c.obj)
                0x0000000000006a50                bt_rand
 .text.notify_connected
                0x0000000000006a8c       0x40 zephyr/subsys/bluetooth/host/libsubsys__bluetooth__host.a(conn.c.obj)
 .text.frag_destroy
                0x0000000000006acc       0x20 zephyr/subsys/bluetooth/host/libsubsys__bluetooth__host.a(conn.c.obj)
                0x0000000000006acc                frag_destroy
 .text.conn_tx_destroy
                0x0000000000006aec       0x2c zephyr/subsys/bluetooth/host/libsubsys__bluetooth__host.a(conn.c.obj)
 .text.get_data_frag
                0x0000000000006b18       0x38 zephyr/subsys/bluetooth/host/libsubsys__bluetooth__host.a(conn.c.obj)
 .text.perform_auto_initiated_procedures.part.0
                0x0000000000006b50       0x24 zephyr/subsys/bluetooth/host/libsubsys__bluetooth__host.a(conn.c.obj)
 .text.perform_auto_initiated_procedures
                0x0000000000006b74       0x44 zephyr/subsys/bluetooth/host/libsubsys__bluetooth__host.a(conn.c.obj)
 .text.recycled_work_handler
                0x0000000000006bb8       0x54 zephyr/subsys/bluetooth/host/libsubsys__bluetooth__host.a(conn.c.obj)
 .text.tx_notify_process
                0x0000000000006c0c       0x60 zephyr/subsys/bluetooth/host/libsubsys__bluetooth__host.a(conn.c.obj)
 .text.bt_conn_get_pkts
                0x0000000000006c6c       0x18 zephyr/subsys/bluetooth/host/libsubsys__bluetooth__host.a(conn.c.obj)
                0x0000000000006c6c                bt_conn_get_pkts
 .text.bt_conn_tx_notify
                0x0000000000006c84       0x44 zephyr/subsys/bluetooth/host/libsubsys__bluetooth__host.a(conn.c.obj)
                0x0000000000006c84                bt_conn_tx_notify
 .text.bt_conn_new
                0x0000000000006cc8       0x5c zephyr/subsys/bluetooth/host/libsubsys__bluetooth__host.a(conn.c.obj)
                0x0000000000006cc8                bt_conn_new
 .text.bt_conn_recv
                0x0000000000006d24      0x114 zephyr/subsys/bluetooth/host/libsubsys__bluetooth__host.a(conn.c.obj)
                0x0000000000006d24                bt_conn_recv
 .text.bt_conn_data_ready
                0x0000000000006e38       0x44 zephyr/subsys/bluetooth/host/libsubsys__bluetooth__host.a(conn.c.obj)
                0x0000000000006e38                bt_conn_data_ready
 .text.get_conn_ready
                0x0000000000006e7c       0xc0 zephyr/subsys/bluetooth/host/libsubsys__bluetooth__host.a(conn.c.obj)
                0x0000000000006e7c                get_conn_ready
 .text.bt_conn_unref
                0x0000000000006f3c       0x4c zephyr/subsys/bluetooth/host/libsubsys__bluetooth__host.a(conn.c.obj)
                0x0000000000006f3c                bt_conn_unref
 .text.bt_conn_set_state
                0x0000000000006f88      0x1c4 zephyr/subsys/bluetooth/host/libsubsys__bluetooth__host.a(conn.c.obj)
                0x0000000000006f88                bt_conn_set_state
 .text.bt_conn_lookup_handle
                0x000000000000714c       0x40 zephyr/subsys/bluetooth/host/libsubsys__bluetooth__host.a(conn.c.obj)
                0x000000000000714c                bt_conn_lookup_handle
 .text.bt_conn_foreach
                0x000000000000718c       0x30 zephyr/subsys/bluetooth/host/libsubsys__bluetooth__host.a(conn.c.obj)
                0x000000000000718c                bt_conn_foreach
 .text.auto_initiated_procedures
                0x00000000000071bc       0x10 zephyr/subsys/bluetooth/host/libsubsys__bluetooth__host.a(conn.c.obj)
 .text.bt_conn_index
                0x00000000000071cc       0x18 zephyr/subsys/bluetooth/host/libsubsys__bluetooth__host.a(conn.c.obj)
                0x00000000000071cc                bt_conn_index
 .text.bt_conn_create_pdu_timeout
                0x00000000000071e4       0x5c zephyr/subsys/bluetooth/host/libsubsys__bluetooth__host.a(conn.c.obj)
                0x00000000000071e4                bt_conn_create_pdu_timeout
 .text.bt_conn_connected
                0x0000000000007240       0x20 zephyr/subsys/bluetooth/host/libsubsys__bluetooth__host.a(conn.c.obj)
                0x0000000000007240                bt_conn_connected
 .text.bt_conn_tx_processor
                0x0000000000007260      0x234 zephyr/subsys/bluetooth/host/libsubsys__bluetooth__host.a(conn.c.obj)
                0x0000000000007260                bt_conn_tx_processor
 .text.notify_le_param_updated
                0x0000000000007494       0x8c zephyr/subsys/bluetooth/host/libsubsys__bluetooth__host.a(conn.c.obj)
                0x0000000000007494                notify_le_param_updated
 .text.notify_le_phy_updated
                0x0000000000007520       0x4c zephyr/subsys/bluetooth/host/libsubsys__bluetooth__host.a(conn.c.obj)
                0x0000000000007520                notify_le_phy_updated
 .text.le_param_req
                0x000000000000756c       0x78 zephyr/subsys/bluetooth/host/libsubsys__bluetooth__host.a(conn.c.obj)
                0x000000000000756c                le_param_req
 .text.bt_conn_cb_register
                0x00000000000075e4       0x30 zephyr/subsys/bluetooth/host/libsubsys__bluetooth__host.a(conn.c.obj)
                0x00000000000075e4                bt_conn_cb_register
 .text.bt_conn_add_le
                0x0000000000007614       0x54 zephyr/subsys/bluetooth/host/libsubsys__bluetooth__host.a(conn.c.obj)
                0x0000000000007614                bt_conn_add_le
 .text.bt_conn_lookup_addr_le
                0x0000000000007668       0x34 zephyr/subsys/bluetooth/host/libsubsys__bluetooth__host.a(conn.c.obj)
                0x0000000000007668                bt_conn_lookup_addr_le
 .text.bt_conn_exists_le
                0x000000000000769c       0x70 zephyr/subsys/bluetooth/host/libsubsys__bluetooth__host.a(conn.c.obj)
                0x000000000000769c                bt_conn_exists_le
 .text.bt_conn_lookup_state_le
                0x000000000000770c       0x44 zephyr/subsys/bluetooth/host/libsubsys__bluetooth__host.a(conn.c.obj)
                0x000000000000770c                bt_conn_lookup_state_le
 .text.bt_conn_get_info
                0x0000000000007750       0xb0 zephyr/subsys/bluetooth/host/libsubsys__bluetooth__host.a(conn.c.obj)
                0x0000000000007750                bt_conn_get_info
 .text.send_conn_le_param_update
                0x0000000000007800       0x68 zephyr/subsys/bluetooth/host/libsubsys__bluetooth__host.a(conn.c.obj)
 .text.deferred_work
                0x0000000000007868      0x100 zephyr/subsys/bluetooth/host/libsubsys__bluetooth__host.a(conn.c.obj)
 .text.bt_conn_lookup_index
                0x0000000000007968       0x10 zephyr/subsys/bluetooth/host/libsubsys__bluetooth__host.a(conn.c.obj)
                0x0000000000007968                bt_conn_lookup_index
 .text.bt_conn_init
                0x0000000000007978       0x44 zephyr/subsys/bluetooth/host/libsubsys__bluetooth__host.a(conn.c.obj)
                0x0000000000007978                bt_conn_init
 .text.l2cap_create_le_sig_pdu.part.0
                0x00000000000079bc       0x1c zephyr/subsys/bluetooth/host/libsubsys__bluetooth__host.a(l2cap.c.obj)
 .text.l2cap_accept.part.0
                0x00000000000079d8       0x30 zephyr/subsys/bluetooth/host/libsubsys__bluetooth__host.a(l2cap.c.obj)
 .text.l2cap_accept
                0x0000000000007a08       0x1c zephyr/subsys/bluetooth/host/libsubsys__bluetooth__host.a(l2cap.c.obj)
 .text.bt_l2cap_connected
                0x0000000000007a24       0x98 zephyr/subsys/bluetooth/host/libsubsys__bluetooth__host.a(l2cap.c.obj)
                0x0000000000007a24                bt_l2cap_connected
 .text.bt_l2cap_send_pdu
                0x0000000000007abc       0x5c zephyr/subsys/bluetooth/host/libsubsys__bluetooth__host.a(l2cap.c.obj)
                0x0000000000007abc                bt_l2cap_send_pdu
 .text.l2cap_data_pull
                0x0000000000007b18       0xfc zephyr/subsys/bluetooth/host/libsubsys__bluetooth__host.a(l2cap.c.obj)
                0x0000000000007b18                l2cap_data_pull
 .text.l2cap_recv.part.0
                0x0000000000007c14       0x9c zephyr/subsys/bluetooth/host/libsubsys__bluetooth__host.a(l2cap.c.obj)
 .text.l2cap_recv
                0x0000000000007cb0       0x24 zephyr/subsys/bluetooth/host/libsubsys__bluetooth__host.a(l2cap.c.obj)
 .text.bt_l2cap_recv
                0x0000000000007cd4       0x58 zephyr/subsys/bluetooth/host/libsubsys__bluetooth__host.a(l2cap.c.obj)
                0x0000000000007cd4                bt_l2cap_recv
 .text.bt_l2cap_update_conn_param
                0x0000000000007d2c       0x50 zephyr/subsys/bluetooth/host/libsubsys__bluetooth__host.a(l2cap.c.obj)
                0x0000000000007d2c                bt_l2cap_update_conn_param
 .text.att_op_get_type
                0x0000000000007d7c       0x74 zephyr/subsys/bluetooth/host/libsubsys__bluetooth__host.a(att.c.obj)
 .text.bt_att_released
                0x0000000000007df0        0xc zephyr/subsys/bluetooth/host/libsubsys__bluetooth__host.a(att.c.obj)
 .text.bt_att_connected
                0x0000000000007dfc       0x38 zephyr/subsys/bluetooth/host/libsubsys__bluetooth__host.a(att.c.obj)
 .text.read_group_cb
                0x0000000000007e34       0xb8 zephyr/subsys/bluetooth/host/libsubsys__bluetooth__host.a(att.c.obj)
 .text.bt_att_accept
                0x0000000000007eec      0x120 zephyr/subsys/bluetooth/host/libsubsys__bluetooth__host.a(att.c.obj)
 .text.read_type_cb
                0x000000000000800c       0xac zephyr/subsys/bluetooth/host/libsubsys__bluetooth__host.a(att.c.obj)
 .text.bt_att_chan_create_pdu
                0x00000000000080b8       0x94 zephyr/subsys/bluetooth/host/libsubsys__bluetooth__host.a(att.c.obj)
 .text.find_type_cb
                0x000000000000814c      0x164 zephyr/subsys/bluetooth/host/libsubsys__bluetooth__host.a(att.c.obj)
 .text.chan_send
                0x00000000000082b0       0xe0 zephyr/subsys/bluetooth/host/libsubsys__bluetooth__host.a(att.c.obj)
 .text.att_tx_destroy
                0x0000000000008390      0x10c zephyr/subsys/bluetooth/host/libsubsys__bluetooth__host.a(att.c.obj)
 .text.bt_att_recv
                0x000000000000849c       0xc8 zephyr/subsys/bluetooth/host/libsubsys__bluetooth__host.a(att.c.obj)
 .text.att_write_rsp.constprop.0
                0x0000000000008564       0xc0 zephyr/subsys/bluetooth/host/libsubsys__bluetooth__host.a(att.c.obj)
 .text.att_get  0x0000000000008624       0x4c zephyr/subsys/bluetooth/host/libsubsys__bluetooth__host.a(att.c.obj)
 .text.bt_att_create_pdu
                0x0000000000008670       0x64 zephyr/subsys/bluetooth/host/libsubsys__bluetooth__host.a(att.c.obj)
                0x0000000000008670                bt_att_create_pdu
 .text.bt_att_create_rsp_pdu
                0x00000000000086d4       0x60 zephyr/subsys/bluetooth/host/libsubsys__bluetooth__host.a(att.c.obj)
                0x00000000000086d4                bt_att_create_rsp_pdu
 .text.att_read_group_req
                0x0000000000008734       0xf0 zephyr/subsys/bluetooth/host/libsubsys__bluetooth__host.a(att.c.obj)
 .text.att_read_mult_vl_req
                0x0000000000008824       0x9c zephyr/subsys/bluetooth/host/libsubsys__bluetooth__host.a(att.c.obj)
 .text.att_read_mult_req
                0x00000000000088c0       0x9c zephyr/subsys/bluetooth/host/libsubsys__bluetooth__host.a(att.c.obj)
 .text.att_read_rsp
                0x000000000000895c       0x90 zephyr/subsys/bluetooth/host/libsubsys__bluetooth__host.a(att.c.obj)
 .text.att_read_type_req
                0x00000000000089ec       0xf8 zephyr/subsys/bluetooth/host/libsubsys__bluetooth__host.a(att.c.obj)
 .text.att_find_type_req
                0x0000000000008ae4       0xc0 zephyr/subsys/bluetooth/host/libsubsys__bluetooth__host.a(att.c.obj)
 .text.att_find_info_req
                0x0000000000008ba4       0x6c zephyr/subsys/bluetooth/host/libsubsys__bluetooth__host.a(att.c.obj)
 .text.bt_att_req_alloc
                0x0000000000008c10       0x50 zephyr/subsys/bluetooth/host/libsubsys__bluetooth__host.a(att.c.obj)
                0x0000000000008c10                bt_att_req_alloc
 .text.bt_att_req_free
                0x0000000000008c60       0x20 zephyr/subsys/bluetooth/host/libsubsys__bluetooth__host.a(att.c.obj)
                0x0000000000008c60                bt_att_req_free
 .text.att_handle_rsp
                0x0000000000008c80       0x80 zephyr/subsys/bluetooth/host/libsubsys__bluetooth__host.a(att.c.obj)
 .text.bt_att_disconnected
                0x0000000000008d00       0xc0 zephyr/subsys/bluetooth/host/libsubsys__bluetooth__host.a(att.c.obj)
 .text.att_timeout
                0x0000000000008dc0       0xe4 zephyr/subsys/bluetooth/host/libsubsys__bluetooth__host.a(att.c.obj)
 .text.bt_att_set_tx_meta_data
                0x0000000000008ea4       0x24 zephyr/subsys/bluetooth/host/libsubsys__bluetooth__host.a(att.c.obj)
                0x0000000000008ea4                bt_att_set_tx_meta_data
 .text.find_cf_cfg
                0x0000000000008ec8       0x30 zephyr/subsys/bluetooth/host/libsubsys__bluetooth__host.a(gatt.c.obj)
 .text.find_sc_cfg
                0x0000000000008ef8       0x24 zephyr/subsys/bluetooth/host/libsubsys__bluetooth__host.a(gatt.c.obj)
 .text.find_ccc_cfg
                0x0000000000008f1c       0x28 zephyr/subsys/bluetooth/host/libsubsys__bluetooth__host.a(gatt.c.obj)
 .text.bt_gatt_attr_write_ccc
                0x0000000000008f44       0xbc zephyr/subsys/bluetooth/host/libsubsys__bluetooth__host.a(gatt.c.obj)
                0x0000000000008f44                bt_gatt_attr_write_ccc
 .text.db_hash_update.part.0
                0x0000000000009000       0x1c zephyr/subsys/bluetooth/host/libsubsys__bluetooth__host.a(gatt.c.obj)
 .text.clear_cf_cfg
                0x000000000000901c       0x28 zephyr/subsys/bluetooth/host/libsubsys__bluetooth__host.a(gatt.c.obj)
 .text.sc_save  0x0000000000009044       0x60 zephyr/subsys/bluetooth/host/libsubsys__bluetooth__host.a(gatt.c.obj)
 .text.disconnected_cb
                0x00000000000090a4       0xa0 zephyr/subsys/bluetooth/host/libsubsys__bluetooth__host.a(gatt.c.obj)
 .text.read_ppcp
                0x0000000000009144       0x38 zephyr/subsys/bluetooth/host/libsubsys__bluetooth__host.a(gatt.c.obj)
 .text.cf_write
                0x000000000000917c       0x98 zephyr/subsys/bluetooth/host/libsubsys__bluetooth__host.a(gatt.c.obj)
 .text.sc_indicate_rsp
                0x0000000000009214       0x4c zephyr/subsys/bluetooth/host/libsubsys__bluetooth__host.a(gatt.c.obj)
 .text.bt_gatt_init
                0x0000000000009260       0x78 zephyr/subsys/bluetooth/host/libsubsys__bluetooth__host.a(gatt.c.obj)
                0x0000000000009260                bt_gatt_init
 .text.bt_gatt_attr_get_handle
                0x00000000000092d8       0x60 zephyr/subsys/bluetooth/host/libsubsys__bluetooth__host.a(gatt.c.obj)
                0x00000000000092d8                bt_gatt_attr_get_handle
 .text.bt_gatt_foreach_attr_type
                0x0000000000009338       0xb4 zephyr/subsys/bluetooth/host/libsubsys__bluetooth__host.a(gatt.c.obj)
                0x0000000000009338                bt_gatt_foreach_attr_type
 .text.db_hash_gen
                0x00000000000093ec       0x80 zephyr/subsys/bluetooth/host/libsubsys__bluetooth__host.a(gatt.c.obj)
 .text.db_hash_read
                0x000000000000946c       0x74 zephyr/subsys/bluetooth/host/libsubsys__bluetooth__host.a(gatt.c.obj)
 .text.db_hash_process
                0x00000000000094e0       0x14 zephyr/subsys/bluetooth/host/libsubsys__bluetooth__host.a(gatt.c.obj)
 .text.bt_gatt_attr_next
                0x00000000000094f4       0x24 zephyr/subsys/bluetooth/host/libsubsys__bluetooth__host.a(gatt.c.obj)
                0x00000000000094f4                bt_gatt_attr_next
 .text.gatt_indicate
                0x0000000000009518       0xd8 zephyr/subsys/bluetooth/host/libsubsys__bluetooth__host.a(gatt.c.obj)
 .text.bt_gatt_indicate
                0x00000000000095f0       0xf0 zephyr/subsys/bluetooth/host/libsubsys__bluetooth__host.a(gatt.c.obj)
                0x00000000000095f0                bt_gatt_indicate
 .text.sc_process
                0x00000000000096e0       0x60 zephyr/subsys/bluetooth/host/libsubsys__bluetooth__host.a(gatt.c.obj)
 .text.update_ccc
                0x0000000000009740       0xf4 zephyr/subsys/bluetooth/host/libsubsys__bluetooth__host.a(gatt.c.obj)
 .text.gatt_notify
                0x0000000000009834       0xac zephyr/subsys/bluetooth/host/libsubsys__bluetooth__host.a(gatt.c.obj)
 .text.bt_gatt_notify_cb
                0x00000000000098e0       0xe8 zephyr/subsys/bluetooth/host/libsubsys__bluetooth__host.a(gatt.c.obj)
                0x00000000000098e0                bt_gatt_notify_cb
 .text.notify_cb
                0x00000000000099c8      0x110 zephyr/subsys/bluetooth/host/libsubsys__bluetooth__host.a(gatt.c.obj)
 .text.bt_gatt_connected
                0x0000000000009ad8       0x20 zephyr/subsys/bluetooth/host/libsubsys__bluetooth__host.a(gatt.c.obj)
                0x0000000000009ad8                bt_gatt_connected
 .text.bt_gatt_att_max_mtu_changed
                0x0000000000009af8       0x28 zephyr/subsys/bluetooth/host/libsubsys__bluetooth__host.a(gatt.c.obj)
                0x0000000000009af8                bt_gatt_att_max_mtu_changed
 .text.bt_gatt_disconnected
                0x0000000000009b20       0x48 zephyr/subsys/bluetooth/host/libsubsys__bluetooth__host.a(gatt.c.obj)
                0x0000000000009b20                bt_gatt_disconnected
 .text.bt_smp_accept.part.0
                0x0000000000009b68       0x30 zephyr/subsys/bluetooth/host/libsubsys__bluetooth__host.a(smp_null.c.obj)
 .text.bt_smp_accept
                0x0000000000009b98       0x1c zephyr/subsys/bluetooth/host/libsubsys__bluetooth__host.a(smp_null.c.obj)
 .text.bt_ipc_send
                0x0000000000009bb4       0x54 zephyr/drivers/bluetooth/libdrivers__bluetooth.a(ipc.c.obj)
 .text.hci_ept_recv
                0x0000000000009c08      0x1f0 zephyr/drivers/bluetooth/libdrivers__bluetooth.a(ipc.c.obj)
 .text.bt_ipc_open
                0x0000000000009df8       0x7c zephyr/drivers/bluetooth/libdrivers__bluetooth.a(ipc.c.obj)
 .text.bt_ipc_close
                0x0000000000009e74       0x68 zephyr/drivers/bluetooth/libdrivers__bluetooth.a(ipc.c.obj)
 .text.bt_hci_transport_setup
                0x0000000000009edc       0x18 zephyr/drivers/bluetooth/libdrivers__bluetooth.a(nrf53_support.c.obj)
                0x0000000000009edc                bt_hci_transport_setup
 .text.onoff_stop
                0x0000000000009ef4       0x30 zephyr/drivers/clock_control/libdrivers__clock_control.a(clock_control_nrf.c.obj)
 .text.onoff_start
                0x0000000000009f24       0x44 zephyr/drivers/clock_control/libdrivers__clock_control.a(clock_control_nrf.c.obj)
 .text.generic_hfclk_stop
                0x0000000000009f68       0x34 zephyr/drivers/clock_control/libdrivers__clock_control.a(clock_control_nrf.c.obj)
 .text.clk_init
                0x0000000000009f9c       0x64 zephyr/drivers/clock_control/libdrivers__clock_control.a(clock_control_nrf.c.obj)
 .text.api_blocking_start
                0x000000000000a000       0x3c zephyr/drivers/clock_control/libdrivers__clock_control.a(clock_control_nrf.c.obj)
 .text.clkstarted_handle.constprop.0
                0x000000000000a03c       0x4c zephyr/drivers/clock_control/libdrivers__clock_control.a(clock_control_nrf.c.obj)
 .text.generic_hfclk_start
                0x000000000000a088       0x78 zephyr/drivers/clock_control/libdrivers__clock_control.a(clock_control_nrf.c.obj)
 .text.clock_event_handler
                0x000000000000a100       0x30 zephyr/drivers/clock_control/libdrivers__clock_control.a(clock_control_nrf.c.obj)
 .text.z_nrf_clock_control_lf_on
                0x000000000000a130       0xf8 zephyr/drivers/clock_control/libdrivers__clock_control.a(clock_control_nrf.c.obj)
                0x000000000000a130                z_nrf_clock_control_lf_on
 .text.uart_console_init
                0x000000000000a228       0x28 zephyr/drivers/console/libdrivers__console.a(uart_console.c.obj)
 .text.console_out
                0x000000000000a250       0x28 zephyr/drivers/console/libdrivers__console.a(uart_console.c.obj)
 .text.gpio_nrfx_pin_interrupt_configure
                0x000000000000a278      0x100 zephyr/drivers/gpio/libdrivers__gpio.a(gpio_nrfx.c.obj)
 .text.gpio_nrfx_init
                0x000000000000a378       0x48 zephyr/drivers/gpio/libdrivers__gpio.a(gpio_nrfx.c.obj)
 .text.nrfx_gpio_handler
                0x000000000000a3c0       0x4c zephyr/drivers/gpio/libdrivers__gpio.a(gpio_nrfx.c.obj)
 .text.gpio_nrfx_pin_configure
                0x000000000000a40c      0x188 zephyr/drivers/gpio/libdrivers__gpio.a(gpio_nrfx.c.obj)
 .text.mbox_nrf_init
                0x000000000000a594       0x9c zephyr/drivers/mbox/libdrivers__mbox.a(mbox_nrfx_ipc.c.obj)
 .text.mbox_nrf_set_enabled
                0x000000000000a630       0x94 zephyr/drivers/mbox/libdrivers__mbox.a(mbox_nrfx_ipc.c.obj)
 .text.mbox_nrf_send
                0x000000000000a6c4       0x44 zephyr/drivers/mbox/libdrivers__mbox.a(mbox_nrfx_ipc.c.obj)
 .text.mbox_dispatcher
                0x000000000000a708       0x60 zephyr/drivers/mbox/libdrivers__mbox.a(mbox_nrfx_ipc.c.obj)
 .text.nrf_gpio_pin_port_decode
                0x000000000000a768       0x24 zephyr/drivers/pinctrl/libdrivers__pinctrl.a(pinctrl_nrf.c.obj)
 .text.pinctrl_configure_pins
                0x000000000000a78c      0x1a0 zephyr/drivers/pinctrl/libdrivers__pinctrl.a(pinctrl_nrf.c.obj)
                0x000000000000a78c                pinctrl_configure_pins
 .text.uarte_instance_init.constprop.0
                0x000000000000a92c      0x138 zephyr/drivers/serial/libdrivers__serial.a(uart_nrfx_uarte.c.obj)
 .text.uarte_nrfx_poll_out
                0x000000000000aa64       0xd0 zephyr/drivers/serial/libdrivers__serial.a(uart_nrfx_uarte.c.obj)
 .text.uarte_nrfx_tx
                0x000000000000ab34       0xb4 zephyr/drivers/serial/libdrivers__serial.a(uart_nrfx_uarte.c.obj)
 .text.uarte_nrfx_rx_enable
                0x000000000000abe8      0x18c zephyr/drivers/serial/libdrivers__serial.a(uart_nrfx_uarte.c.obj)
 .text.compare_int_lock
                0x000000000000ad74       0x40 zephyr/drivers/timer/libdrivers__timer.a(nrf_rtc_timer.c.obj)
 .text.sys_clock_timeout_handler
                0x000000000000adb4       0x48 zephyr/drivers/timer/libdrivers__timer.a(nrf_rtc_timer.c.obj)
 .text.compare_int_unlock
                0x000000000000adfc       0x4c zephyr/drivers/timer/libdrivers__timer.a(nrf_rtc_timer.c.obj)
 .text.z_nrf_rtc_timer_compare_evt_address_get
                0x000000000000ae48       0x10 zephyr/drivers/timer/libdrivers__timer.a(nrf_rtc_timer.c.obj)
                0x000000000000ae48                z_nrf_rtc_timer_compare_evt_address_get
 .text.z_nrf_rtc_timer_compare_read
                0x000000000000ae58       0x10 zephyr/drivers/timer/libdrivers__timer.a(nrf_rtc_timer.c.obj)
                0x000000000000ae58                z_nrf_rtc_timer_compare_read
 .text.z_nrf_rtc_timer_read
                0x000000000000ae68       0x44 zephyr/drivers/timer/libdrivers__timer.a(nrf_rtc_timer.c.obj)
                0x000000000000ae68                z_nrf_rtc_timer_read
 .text.compare_set
                0x000000000000aeac      0x124 zephyr/drivers/timer/libdrivers__timer.a(nrf_rtc_timer.c.obj)
 .text.sys_clock_driver_init
                0x000000000000afd0       0xa4 zephyr/drivers/timer/libdrivers__timer.a(nrf_rtc_timer.c.obj)
 .text.rtc_nrf_isr
                0x000000000000b074      0x100 zephyr/drivers/timer/libdrivers__timer.a(nrf_rtc_timer.c.obj)
                0x000000000000b074                rtc_nrf_isr
 .text.z_nrf_rtc_timer_chan_alloc
                0x000000000000b174       0x3c zephyr/drivers/timer/libdrivers__timer.a(nrf_rtc_timer.c.obj)
                0x000000000000b174                z_nrf_rtc_timer_chan_alloc
 .text.z_nrf_rtc_timer_chan_free
                0x000000000000b1b0       0x1c zephyr/drivers/timer/libdrivers__timer.a(nrf_rtc_timer.c.obj)
                0x000000000000b1b0                z_nrf_rtc_timer_chan_free
 .text.sys_clock_set_timeout
                0x000000000000b1cc       0x5c zephyr/drivers/timer/libdrivers__timer.a(nrf_rtc_timer.c.obj)
                0x000000000000b1cc                sys_clock_set_timeout
 .text.sys_clock_elapsed
                0x000000000000b228       0x14 zephyr/drivers/timer/libdrivers__timer.a(nrf_rtc_timer.c.obj)
                0x000000000000b228                sys_clock_elapsed
 .text.dk_set_led.part.0
                0x000000000000b23c       0x18 modules/nrf/lib/dk_buttons_and_leds/lib..__nrf__lib__dk_buttons_and_leds.a(dk_buttons_and_leds.c.obj)
 .text.get_buttons.part.0
                0x000000000000b254       0x18 modules/nrf/lib/dk_buttons_and_leds/lib..__nrf__lib__dk_buttons_and_leds.a(dk_buttons_and_leds.c.obj)
 .text.get_buttons
                0x000000000000b26c       0x5c modules/nrf/lib/dk_buttons_and_leds/lib..__nrf__lib__dk_buttons_and_leds.a(dk_buttons_and_leds.c.obj)
 .text.dk_set_leds_state.part.0
                0x000000000000b2c8       0x58 modules/nrf/lib/dk_buttons_and_leds/lib..__nrf__lib__dk_buttons_and_leds.a(dk_buttons_and_leds.c.obj)
 .text.callback_ctrl
                0x000000000000b320       0xa4 modules/nrf/lib/dk_buttons_and_leds/lib..__nrf__lib__dk_buttons_and_leds.a(dk_buttons_and_leds.c.obj)
 .text.button_pressed
                0x000000000000b3c4       0x6c modules/nrf/lib/dk_buttons_and_leds/lib..__nrf__lib__dk_buttons_and_leds.a(dk_buttons_and_leds.c.obj)
 .text.buttons_scan_fn
                0x000000000000b430      0x104 modules/nrf/lib/dk_buttons_and_leds/lib..__nrf__lib__dk_buttons_and_leds.a(dk_buttons_and_leds.c.obj)
 .text.dk_leds_init
                0x000000000000b534       0x40 modules/nrf/lib/dk_buttons_and_leds/lib..__nrf__lib__dk_buttons_and_leds.a(dk_buttons_and_leds.c.obj)
                0x000000000000b534                dk_leds_init
 .text.dk_read_buttons
                0x000000000000b574       0x20 modules/nrf/lib/dk_buttons_and_leds/lib..__nrf__lib__dk_buttons_and_leds.a(dk_buttons_and_leds.c.obj)
                0x000000000000b574                dk_read_buttons
 .text.dk_buttons_init
                0x000000000000b594      0x11c modules/nrf/lib/dk_buttons_and_leds/lib..__nrf__lib__dk_buttons_and_leds.a(dk_buttons_and_leds.c.obj)
                0x000000000000b594                dk_buttons_init
 .text.dk_set_led
                0x000000000000b6b0       0x3c modules/nrf/lib/dk_buttons_and_leds/lib..__nrf__lib__dk_buttons_and_leds.a(dk_buttons_and_leds.c.obj)
                0x000000000000b6b0                dk_set_led
 .text.nrf53_errata_42
                0x000000000000b6ec       0x24 modules/hal_nordic/nrfx/libmodules__hal_nordic__nrfx.a(system_nrf5340_application.c.obj)
 .text.SystemInit
                0x000000000000b710      0x1c4 modules/hal_nordic/nrfx/libmodules__hal_nordic__nrfx.a(system_nrf5340_application.c.obj)
                0x000000000000b710                SystemInit
 .text.nrfx_flag32_alloc
                0x000000000000b8d4       0x40 modules/hal_nordic/nrfx/libmodules__hal_nordic__nrfx.a(nrfx_flag32_allocator.c.obj)
                0x000000000000b8d4                nrfx_flag32_alloc
 .text.nrfx_flag32_free
                0x000000000000b914       0x38 modules/hal_nordic/nrfx/libmodules__hal_nordic__nrfx.a(nrfx_flag32_allocator.c.obj)
                0x000000000000b914                nrfx_flag32_free
 .text.nrfx_gppi_channels_enable
                0x000000000000b94c        0xc modules/hal_nordic/nrfx/libmodules__hal_nordic__nrfx.a(nrfx_gppi_dppi.c.obj)
                0x000000000000b94c                nrfx_gppi_channels_enable
 .text.nrfx_gppi_channels_disable
                0x000000000000b958        0xc modules/hal_nordic/nrfx/libmodules__hal_nordic__nrfx.a(nrfx_gppi_dppi.c.obj)
                0x000000000000b958                nrfx_gppi_channels_disable
 .text.nrfx_gppi_channel_alloc
                0x000000000000b964        0xc modules/hal_nordic/nrfx/libmodules__hal_nordic__nrfx.a(nrfx_gppi_dppi.c.obj)
                0x000000000000b964                nrfx_gppi_channel_alloc
 .text.nrfx_clock_init
                0x000000000000b970       0x20 modules/hal_nordic/nrfx/libmodules__hal_nordic__nrfx.a(nrfx_clock.c.obj)
                0x000000000000b970                nrfx_clock_init
 .text.nrfx_clock_enable
                0x000000000000b990       0x30 modules/hal_nordic/nrfx/libmodules__hal_nordic__nrfx.a(nrfx_clock.c.obj)
                0x000000000000b990                nrfx_clock_enable
 .text.nrfx_clock_start
                0x000000000000b9c0       0xd0 modules/hal_nordic/nrfx/libmodules__hal_nordic__nrfx.a(nrfx_clock.c.obj)
                0x000000000000b9c0                nrfx_clock_start
 .text.nrfx_power_clock_irq_handler
                0x000000000000ba90       0xb0 modules/hal_nordic/nrfx/libmodules__hal_nordic__nrfx.a(nrfx_clock.c.obj)
                0x000000000000ba90                nrfx_power_clock_irq_handler
 .text.nrfx_dppi_channel_alloc
                0x000000000000bb40       0x10 modules/hal_nordic/nrfx/libmodules__hal_nordic__nrfx.a(nrfx_dppi.c.obj)
                0x000000000000bb40                nrfx_dppi_channel_alloc
 .text.nrfx_dppi_channel_free
                0x000000000000bb50       0x1c modules/hal_nordic/nrfx/libmodules__hal_nordic__nrfx.a(nrfx_dppi.c.obj)
                0x000000000000bb50                nrfx_dppi_channel_free
 .text.nrf_gpio_pin_port_decode
                0x000000000000bb6c       0x24 modules/hal_nordic/nrfx/libmodules__hal_nordic__nrfx.a(nrfx_gpiote.c.obj)
 .text.get_pin_idx
                0x000000000000bb90       0x14 modules/hal_nordic/nrfx/libmodules__hal_nordic__nrfx.a(nrfx_gpiote.c.obj)
 .text.call_handler.constprop.0
                0x000000000000bba4       0x40 modules/hal_nordic/nrfx/libmodules__hal_nordic__nrfx.a(nrfx_gpiote.c.obj)
 .text.pin_te_get.constprop.0
                0x000000000000bbe4       0x18 modules/hal_nordic/nrfx/libmodules__hal_nordic__nrfx.a(nrfx_gpiote.c.obj)
 .text.pin_is_output.constprop.0
                0x000000000000bbfc       0x18 modules/hal_nordic/nrfx/libmodules__hal_nordic__nrfx.a(nrfx_gpiote.c.obj)
 .text.pin_in_use_by_te.constprop.0
                0x000000000000bc14       0x18 modules/hal_nordic/nrfx/libmodules__hal_nordic__nrfx.a(nrfx_gpiote.c.obj)
 .text.latch_pending_read_and_check
                0x000000000000bc2c       0x3c modules/hal_nordic/nrfx/libmodules__hal_nordic__nrfx.a(nrfx_gpiote.c.obj)
 .text.release_handler.isra.0
                0x000000000000bc68       0x58 modules/hal_nordic/nrfx/libmodules__hal_nordic__nrfx.a(nrfx_gpiote.c.obj)
 .text.__nrfy_internal_gpiote_events_process.constprop.0
                0x000000000000bcc0       0x5c modules/hal_nordic/nrfx/libmodules__hal_nordic__nrfx.a(nrfx_gpiote.c.obj)
 .text.pin_uninit
                0x000000000000bd1c       0x84 modules/hal_nordic/nrfx/libmodules__hal_nordic__nrfx.a(nrfx_gpiote.c.obj)
 .text.nrfx_gpiote_input_configure
                0x000000000000bda0      0x178 modules/hal_nordic/nrfx/libmodules__hal_nordic__nrfx.a(nrfx_gpiote.c.obj)
                0x000000000000bda0                nrfx_gpiote_input_configure
 .text.nrfx_gpiote_output_configure
                0x000000000000bf18      0x104 modules/hal_nordic/nrfx/libmodules__hal_nordic__nrfx.a(nrfx_gpiote.c.obj)
                0x000000000000bf18                nrfx_gpiote_output_configure
 .text.nrfx_gpiote_global_callback_set
                0x000000000000c01c        0xc modules/hal_nordic/nrfx/libmodules__hal_nordic__nrfx.a(nrfx_gpiote.c.obj)
                0x000000000000c01c                nrfx_gpiote_global_callback_set
 .text.nrfx_gpiote_channel_get
                0x000000000000c028       0x34 modules/hal_nordic/nrfx/libmodules__hal_nordic__nrfx.a(nrfx_gpiote.c.obj)
                0x000000000000c028                nrfx_gpiote_channel_get
 .text.nrfx_gpiote_init
                0x000000000000c05c       0x64 modules/hal_nordic/nrfx/libmodules__hal_nordic__nrfx.a(nrfx_gpiote.c.obj)
                0x000000000000c05c                nrfx_gpiote_init
 .text.nrfx_gpiote_init_check
                0x000000000000c0c0       0x14 modules/hal_nordic/nrfx/libmodules__hal_nordic__nrfx.a(nrfx_gpiote.c.obj)
                0x000000000000c0c0                nrfx_gpiote_init_check
 .text.nrfx_gpiote_channel_free
                0x000000000000c0d4        0xc modules/hal_nordic/nrfx/libmodules__hal_nordic__nrfx.a(nrfx_gpiote.c.obj)
                0x000000000000c0d4                nrfx_gpiote_channel_free
 .text.nrfx_gpiote_channel_alloc
                0x000000000000c0e0        0xc modules/hal_nordic/nrfx/libmodules__hal_nordic__nrfx.a(nrfx_gpiote.c.obj)
                0x000000000000c0e0                nrfx_gpiote_channel_alloc
 .text.nrfx_gpiote_trigger_enable
                0x000000000000c0ec       0xac modules/hal_nordic/nrfx/libmodules__hal_nordic__nrfx.a(nrfx_gpiote.c.obj)
                0x000000000000c0ec                nrfx_gpiote_trigger_enable
 .text.nrfx_gpiote_0_irq_handler
                0x000000000000c198      0x1b8 modules/hal_nordic/nrfx/libmodules__hal_nordic__nrfx.a(nrfx_gpiote.c.obj)
                0x000000000000c198                nrfx_gpiote_0_irq_handler
 .text.nrfx_ipc_init
                0x000000000000c350       0x30 modules/hal_nordic/nrfx/libmodules__hal_nordic__nrfx.a(nrfx_ipc.c.obj)
                0x000000000000c350                nrfx_ipc_init
 .text.nrfx_ipc_config_load
                0x000000000000c380       0x40 modules/hal_nordic/nrfx/libmodules__hal_nordic__nrfx.a(nrfx_ipc.c.obj)
                0x000000000000c380                nrfx_ipc_config_load
 .text.nrfx_ipc_receive_event_enable
                0x000000000000c3c0       0x10 modules/hal_nordic/nrfx/libmodules__hal_nordic__nrfx.a(nrfx_ipc.c.obj)
                0x000000000000c3c0                nrfx_ipc_receive_event_enable
 .text.nrfx_ipc_receive_event_disable
                0x000000000000c3d0       0x10 modules/hal_nordic/nrfx/libmodules__hal_nordic__nrfx.a(nrfx_ipc.c.obj)
                0x000000000000c3d0                nrfx_ipc_receive_event_disable
 .text.nrfx_ipc_irq_handler
                0x000000000000c3e0       0x40 modules/hal_nordic/nrfx/libmodules__hal_nordic__nrfx.a(nrfx_ipc.c.obj)
                0x000000000000c3e0                nrfx_ipc_irq_handler
 .text.metal_generic_dev_open
                0x000000000000c420       0x40 modules/libmetal/libmetal/lib/libmetal.a(device.c.obj)
                0x000000000000c420                metal_generic_dev_open
 .text.metal_bus_unregister
                0x000000000000c460       0x3c modules/libmetal/libmetal/lib/libmetal.a(device.c.obj)
                0x000000000000c460                metal_bus_unregister
 .text.metal_bus_find
                0x000000000000c49c       0x3c modules/libmetal/libmetal/lib/libmetal.a(device.c.obj)
                0x000000000000c49c                metal_bus_find
 .text.metal_bus_register
                0x000000000000c4d8       0x5c modules/libmetal/libmetal/lib/libmetal.a(device.c.obj)
                0x000000000000c4d8                metal_bus_register
 .text.metal_register_generic_device
                0x000000000000c534       0x3c modules/libmetal/libmetal/lib/libmetal.a(device.c.obj)
                0x000000000000c534                metal_register_generic_device
 .text.metal_init
                0x000000000000c570       0x4c modules/libmetal/libmetal/lib/libmetal.a(init.c.obj)
                0x000000000000c570                metal_init
 .text.metal_finish
                0x000000000000c5bc       0x24 modules/libmetal/libmetal/lib/libmetal.a(init.c.obj)
                0x000000000000c5bc                metal_finish
 .text.metal_sys_init
                0x000000000000c5e0       0x10 modules/libmetal/libmetal/lib/libmetal.a(init.c.obj)
                0x000000000000c5e0                metal_sys_init
 .text.metal_sys_finish
                0x000000000000c5f0        0xc modules/libmetal/libmetal/lib/libmetal.a(init.c.obj)
                0x000000000000c5f0                metal_sys_finish
 .text.metal_zephyr_log_handler
                0x000000000000c5fc       0x3c modules/libmetal/libmetal/lib/libmetal.a(log.c.obj)
                0x000000000000c5fc                metal_zephyr_log_handler
 .text.virtio_create_virtqueues
                0x000000000000c638       0xbc modules/open-amp/open-amp/lib/libopen_amp.a(virtio.c.obj)
                0x000000000000c638                virtio_create_virtqueues
 .text.virtqueue_free
                0x000000000000c6f4       0x38 modules/open-amp/open-amp/lib/libopen_amp.a(virtqueue.c.obj)
                0x000000000000c6f4                virtqueue_free
 .text.virtqueue_add_consumed_buffer
                0x000000000000c72c       0x38 modules/open-amp/open-amp/lib/libopen_amp.a(virtqueue.c.obj)
                0x000000000000c72c                virtqueue_add_consumed_buffer
 .text.rpmsg_send_offchannel_raw
                0x000000000000c764       0x2c modules/open-amp/open-amp/lib/libopen_amp.a(rpmsg.c.obj)
                0x000000000000c764                rpmsg_send_offchannel_raw
 .text.rpmsg_send_offchannel_nocopy
                0x000000000000c790       0x2c modules/open-amp/open-amp/lib/libopen_amp.a(rpmsg.c.obj)
                0x000000000000c790                rpmsg_send_offchannel_nocopy
 .text.rpmsg_register_endpoint
                0x000000000000c7bc       0x48 modules/open-amp/open-amp/lib/libopen_amp.a(rpmsg.c.obj)
                0x000000000000c7bc                rpmsg_register_endpoint
 .text.rpmsg_create_ept
                0x000000000000c804      0x114 modules/open-amp/open-amp/lib/libopen_amp.a(rpmsg.c.obj)
                0x000000000000c804                rpmsg_create_ept
 .text.rpmsg_virtio_buf_held_dec_test
                0x000000000000c918       0x38 modules/open-amp/open-amp/lib/libopen_amp.a(rpmsg_virtio.c.obj)
 .text.rpmsg_virtio_get_tx_buffer_size
                0x000000000000c950       0x4c modules/open-amp/open-amp/lib/libopen_amp.a(rpmsg_virtio.c.obj)
                0x000000000000c950                rpmsg_virtio_get_tx_buffer_size
 .text.rpmsg_virtio_get_rx_buffer_size
                0x000000000000c99c       0x4c modules/open-amp/open-amp/lib/libopen_amp.a(rpmsg_virtio.c.obj)
                0x000000000000c99c                rpmsg_virtio_get_rx_buffer_size
 .text.rpmsg_virtio_send_offchannel_raw
                0x000000000000c9e8       0x5c modules/open-amp/open-amp/lib/libopen_amp.a(rpmsg_virtio.c.obj)
 .text.rpmsg_init_vdev_with_config
                0x000000000000ca44      0x2ac modules/open-amp/open-amp/lib/libopen_amp.a(rpmsg_virtio.c.obj)
                0x000000000000ca44                rpmsg_init_vdev_with_config
 .text.rpmsg_init_vdev
                0x000000000000ccf0       0x2c modules/open-amp/open-amp/lib/libopen_amp.a(rpmsg_virtio.c.obj)
                0x000000000000ccf0                rpmsg_init_vdev
 .text.k_sys_fatal_error_handler
                0x000000000000cd1c       0x20 zephyr/kernel/libkernel.a(fatal.c.obj)
                0x000000000000cd1c                k_sys_fatal_error_handler
 .text.z_fatal_error
                0x000000000000cd3c       0xe8 zephyr/kernel/libkernel.a(fatal.c.obj)
                0x000000000000cd3c                z_fatal_error
 .text.z_sys_init_run_level
                0x000000000000ce24       0x2c zephyr/kernel/libkernel.a(init.c.obj)
 .text.bg_thread_main
                0x000000000000ce50       0xc4 zephyr/kernel/libkernel.a(init.c.obj)
 .text.z_bss_zero
                0x000000000000cf14       0x18 zephyr/kernel/libkernel.a(init.c.obj)
                0x000000000000cf14                z_bss_zero
 .text.z_init_cpu
                0x000000000000cf2c       0x68 zephyr/kernel/libkernel.a(init.c.obj)
                0x000000000000cf2c                z_init_cpu
 .text.z_cstart
                0x000000000000cf94       0xe4 zephyr/kernel/libkernel.a(init.c.obj)
                0x000000000000cf94                z_cstart
 .text.statics_init
                0x000000000000d078       0x24 zephyr/kernel/libkernel.a(kheap.c.obj)
 .text.init_mem_slab_obj_core_list
                0x000000000000d09c       0x24 zephyr/kernel/libkernel.a(mem_slab.c.obj)
 .text.k_mem_slab_alloc
                0x000000000000d0c0       0x5c zephyr/kernel/libkernel.a(mem_slab.c.obj)
                0x000000000000d0c0                k_mem_slab_alloc
 .text.z_impl_k_msgq_put
                0x000000000000d11c       0xac zephyr/kernel/libkernel.a(msg_q.c.obj)
                0x000000000000d11c                z_impl_k_msgq_put
 .text.z_impl_k_msgq_get
                0x000000000000d1c8       0xb0 zephyr/kernel/libkernel.a(msg_q.c.obj)
                0x000000000000d1c8                z_impl_k_msgq_get
 .text.z_impl_k_mutex_lock
                0x000000000000d278       0xf0 zephyr/kernel/libkernel.a(mutex.c.obj)
                0x000000000000d278                z_impl_k_mutex_lock
 .text.z_impl_k_mutex_unlock
                0x000000000000d368       0x78 zephyr/kernel/libkernel.a(mutex.c.obj)
                0x000000000000d368                z_impl_k_mutex_unlock
 .text.z_impl_k_queue_get
                0x000000000000d3e0       0x64 zephyr/kernel/libkernel.a(queue.c.obj)
                0x000000000000d3e0                z_impl_k_queue_get
 .text.z_impl_k_sem_give
                0x000000000000d444       0x48 zephyr/kernel/libkernel.a(sem.c.obj)
                0x000000000000d444                z_impl_k_sem_give
 .text.z_impl_k_sem_take
                0x000000000000d48c       0x4c zephyr/kernel/libkernel.a(sem.c.obj)
                0x000000000000d48c                z_impl_k_sem_take
 .text.k_sys_work_q_init
                0x000000000000d4d8       0x34 zephyr/kernel/libkernel.a(system_work_q.c.obj)
 .text.work_queue_main
                0x000000000000d50c      0x144 zephyr/kernel/libkernel.a(work.c.obj)
 .text.cancel_sync_locked
                0x000000000000d650       0x3c zephyr/kernel/libkernel.a(work.c.obj)
 .text.submit_to_queue_locked
                0x000000000000d68c       0xb4 zephyr/kernel/libkernel.a(work.c.obj)
 .text.work_flush_locked
                0x000000000000d740       0x8c zephyr/kernel/libkernel.a(work.c.obj)
 .text.k_work_submit
                0x000000000000d7cc        0xc zephyr/kernel/libkernel.a(work.c.obj)
                0x000000000000d7cc                k_work_submit
 .text.k_work_queue_start
                0x000000000000d7d8       0x7c zephyr/kernel/libkernel.a(work.c.obj)
                0x000000000000d7d8                k_work_queue_start
 .text.k_work_queue_drain
                0x000000000000d854       0x78 zephyr/kernel/libkernel.a(work.c.obj)
                0x000000000000d854                k_work_queue_drain
 .text.k_work_schedule_for_queue
                0x000000000000d8cc       0x54 zephyr/kernel/libkernel.a(work.c.obj)
                0x000000000000d8cc                k_work_schedule_for_queue
 .text.k_work_schedule
                0x000000000000d920        0xc zephyr/kernel/libkernel.a(work.c.obj)
                0x000000000000d920                k_work_schedule
 .text.k_work_reschedule_for_queue
                0x000000000000d92c       0x5c zephyr/kernel/libkernel.a(work.c.obj)
                0x000000000000d92c                k_work_reschedule_for_queue
 .text.k_work_reschedule
                0x000000000000d988        0xc zephyr/kernel/libkernel.a(work.c.obj)
                0x000000000000d988                k_work_reschedule
 .text.z_setup_new_thread
                0x000000000000d994       0x7c zephyr/kernel/libkernel.a(thread.c.obj)
                0x000000000000d994                z_setup_new_thread
 .text.z_impl_k_thread_create
                0x000000000000da10       0x58 zephyr/kernel/libkernel.a(thread.c.obj)
                0x000000000000da10                z_impl_k_thread_create
 .text.update_cache
                0x000000000000da68       0x3c zephyr/kernel/libkernel.a(sched.c.obj)
 .text.unready_thread
                0x000000000000daa4       0x30 zephyr/kernel/libkernel.a(sched.c.obj)
 .text.ready_thread
                0x000000000000dad4       0x68 zephyr/kernel/libkernel.a(sched.c.obj)
 .text.z_thread_halt
                0x000000000000db3c       0xe0 zephyr/kernel/libkernel.a(sched.c.obj)
 .text.move_thread_to_end_of_prio_q
                0x000000000000dc1c       0x74 zephyr/kernel/libkernel.a(sched.c.obj)
                0x000000000000dc1c                move_thread_to_end_of_prio_q
 .text.z_pend_curr
                0x000000000000dc90       0x58 zephyr/kernel/libkernel.a(sched.c.obj)
                0x000000000000dc90                z_pend_curr
 .text.z_thread_prio_set
                0x000000000000dce8       0x88 zephyr/kernel/libkernel.a(sched.c.obj)
                0x000000000000dce8                z_thread_prio_set
 .text.z_reschedule
                0x000000000000dd70       0x24 zephyr/kernel/libkernel.a(sched.c.obj)
                0x000000000000dd70                z_reschedule
 .text.z_sched_start
                0x000000000000dd94       0x3c zephyr/kernel/libkernel.a(sched.c.obj)
                0x000000000000dd94                z_sched_start
 .text.z_reschedule_irqlock
                0x000000000000ddd0       0x28 zephyr/kernel/libkernel.a(sched.c.obj)
                0x000000000000ddd0                z_reschedule_irqlock
 .text.k_sched_lock
                0x000000000000ddf8       0x28 zephyr/kernel/libkernel.a(sched.c.obj)
                0x000000000000ddf8                k_sched_lock
 .text.k_sched_unlock
                0x000000000000de20       0x40 zephyr/kernel/libkernel.a(sched.c.obj)
                0x000000000000de20                k_sched_unlock
 .text.z_sched_init
                0x000000000000de60       0x10 zephyr/kernel/libkernel.a(sched.c.obj)
                0x000000000000de60                z_sched_init
 .text.z_impl_k_yield
                0x000000000000de70       0x7c zephyr/kernel/libkernel.a(sched.c.obj)
                0x000000000000de70                z_impl_k_yield
 .text.z_tick_sleep
                0x000000000000deec       0x88 zephyr/kernel/libkernel.a(sched.c.obj)
 .text.z_impl_k_sleep
                0x000000000000df74       0x3c zephyr/kernel/libkernel.a(sched.c.obj)
                0x000000000000df74                z_impl_k_sleep
 .text.z_impl_k_sched_current_thread_query
                0x000000000000dfb0        0xc zephyr/kernel/libkernel.a(sched.c.obj)
                0x000000000000dfb0                z_impl_k_sched_current_thread_query
 .text.z_sched_wait
                0x000000000000dfbc       0x24 zephyr/kernel/libkernel.a(sched.c.obj)
                0x000000000000dfbc                z_sched_wait
 .text.slice_timeout
                0x000000000000dfe0       0x20 zephyr/kernel/libkernel.a(timeslicing.c.obj)
 .text.thread_is_sliceable
                0x000000000000e000       0x3c zephyr/kernel/libkernel.a(timeslicing.c.obj)
                0x000000000000e000                thread_is_sliceable
 .text.z_reset_time_slice
                0x000000000000e03c       0x50 zephyr/kernel/libkernel.a(timeslicing.c.obj)
                0x000000000000e03c                z_reset_time_slice
 .text.z_time_slice
                0x000000000000e08c       0x60 zephyr/kernel/libkernel.a(timeslicing.c.obj)
                0x000000000000e08c                z_time_slice
 .text.z_data_copy
                0x000000000000e0ec       0x34 zephyr/kernel/libkernel.a(xip.c.obj)
                0x000000000000e0ec                z_data_copy
 .text.elapsed  0x000000000000e120       0x14 zephyr/kernel/libkernel.a(timeout.c.obj)
 .text.remove_timeout
                0x000000000000e134       0x38 zephyr/kernel/libkernel.a(timeout.c.obj)
 .text.next_timeout
                0x000000000000e16c       0x40 zephyr/kernel/libkernel.a(timeout.c.obj)
 .text.z_add_timeout
                0x000000000000e1ac       0xf4 zephyr/kernel/libkernel.a(timeout.c.obj)
                0x000000000000e1ac                z_add_timeout
 .text.sys_clock_announce
                0x000000000000e2a0       0xd0 zephyr/kernel/libkernel.a(timeout.c.obj)
                0x000000000000e2a0                sys_clock_announce
 .text.sys_clock_tick_get
                0x000000000000e370       0x30 zephyr/kernel/libkernel.a(timeout.c.obj)
                0x000000000000e370                sys_clock_tick_get
 .text.z_timer_expiration_handler
                0x000000000000e3a0       0xe0 zephyr/kernel/libkernel.a(timer.c.obj)
                0x000000000000e3a0                z_timer_expiration_handler
 .text.z_impl_k_timer_start
                0x000000000000e480       0x74 zephyr/kernel/libkernel.a(timer.c.obj)
                0x000000000000e480                z_impl_k_timer_start
 .text.z_impl_k_poll_signal_raise
                0x000000000000e4f4       0x50 zephyr/kernel/libkernel.a(poll.c.obj)
                0x000000000000e4f4                z_impl_k_poll_signal_raise
 .text.k_aligned_alloc
                0x000000000000e544       0x10 zephyr/kernel/libkernel.a(mempool.c.obj)
                0x000000000000e544                k_aligned_alloc
 .text.k_thread_system_pool_assign
                0x000000000000e554        0xc zephyr/kernel/libkernel.a(mempool.c.obj)
                0x000000000000e554                k_thread_system_pool_assign
 .text.z_thread_aligned_alloc
                0x000000000000e560       0x30 zephyr/kernel/libkernel.a(mempool.c.obj)
                0x000000000000e560                z_thread_aligned_alloc
 .text.nrf_cc3xx_platform_init_no_rng
                0x000000000000e590       0x38 C:/ncs/v2.9.1/nrfxlib/crypto/nrf_cc312_platform/lib/cortex-m33/soft-float/no-interrupts/libnrf_cc312_platform_0.9.19.a(nrf_cc3xx_platform.c.obj)
                0x000000000000e590                nrf_cc3xx_platform_init_no_rng
 .text.nrf_cc3xx_platform_abort
                0x000000000000e5c8       0x24 C:/ncs/v2.9.1/nrfxlib/crypto/nrf_cc312_platform/lib/cortex-m33/soft-float/no-interrupts/libnrf_cc312_platform_0.9.19.a(nrf_cc3xx_platform_abort.c.obj)
 .text.CC_PalAbort
                0x000000000000e5ec       0x44 C:/ncs/v2.9.1/nrfxlib/crypto/nrf_cc312_platform/lib/cortex-m33/soft-float/no-interrupts/libnrf_cc312_platform_0.9.19.a(nrf_cc3xx_platform_abort.c.obj)
                0x000000000000e5ec                CC_PalAbort
 .text.nrf_cc3xx_platform_set_abort
                0x000000000000e630       0x10 C:/ncs/v2.9.1/nrfxlib/crypto/nrf_cc312_platform/lib/cortex-m33/soft-float/no-interrupts/libnrf_cc312_platform_0.9.19.a(nrf_cc3xx_platform_abort.c.obj)
                0x000000000000e630                nrf_cc3xx_platform_set_abort
 .text.mutex_free